Archive member included because of file (symbol)

/home/jeremy/LPCXpresso/workspace/CMSISv2p10_LPC13Uxx/Debug/libCMSISv2p10_LPC13Uxx.a(system_LPC13Uxx.o)
                              ./adctest.o (SystemCoreClockUpdate)
/home/jeremy/LPCXpresso/workspace/LPC13Uxx_DriverLib/Debug/libLPC13Uxx_DriverLib.a(uart.o)
                              ./adctest.o (UARTInit)
/usr/local/lpcxpresso_7.8.0_426/lpcxpresso/tools/bin/../lib/gcc/arm-none-eabi/4.9.3/../../../../arm-none-eabi/lib/armv7-m/libcr_c.a(__weak__main.o)
                              ./cr_startup_lpc13u.o (__main)

Allocating common symbols
Common symbol       size              file

UARTBuffer          0x40              /home/jeremy/LPCXpresso/workspace/LPC13Uxx_DriverLib/Debug/libLPC13Uxx_DriverLib.a(uart.o)
UARTStatus          0x4               /home/jeremy/LPCXpresso/workspace/LPC13Uxx_DriverLib/Debug/libLPC13Uxx_DriverLib.a(uart.o)
ADCValue            0x20              ./adc.o

Discarded input sections

 .group         0x00000000        0x8 ./adc.o
 .group         0x00000000        0x8 ./adc.o
 .group         0x00000000        0x8 ./adc.o
 .group         0x00000000        0x8 ./adc.o
 .group         0x00000000        0x8 ./adc.o
 .group         0x00000000        0x8 ./adc.o
 .group         0x00000000        0x8 ./adc.o
 .group         0x00000000        0x8 ./adc.o
 .group         0x00000000        0x8 ./adc.o
 .group         0x00000000        0x8 ./adc.o
 .text          0x00000000        0x0 ./adc.o
 .data          0x00000000        0x0 ./adc.o
 .bss           0x00000000        0x0 ./adc.o
 .text.NVIC_EnableIRQ
                0x00000000       0x30 ./adc.o
 .text.ADCInit  0x00000000      0x12c ./adc.o
 .text.ADCRead  0x00000000       0x48 ./adc.o
 .text.ADCBurstRead
                0x00000000       0x44 ./adc.o
 .group         0x00000000        0x8 ./adctest.o
 .group         0x00000000        0x8 ./adctest.o
 .group         0x00000000        0x8 ./adctest.o
 .group         0x00000000        0x8 ./adctest.o
 .group         0x00000000        0x8 ./adctest.o
 .group         0x00000000        0x8 ./adctest.o
 .group         0x00000000        0x8 ./adctest.o
 .group         0x00000000        0x8 ./adctest.o
 .group         0x00000000        0x8 ./adctest.o
 .group         0x00000000        0x8 ./adctest.o
 .text          0x00000000        0x0 ./adctest.o
 .data          0x00000000        0x0 ./adctest.o
 .bss           0x00000000        0x0 ./adctest.o
 .debug_macro   0x00000000      0x874 ./adctest.o
 .debug_macro   0x00000000       0x22 ./adctest.o
 .debug_macro   0x00000000       0x2e ./adctest.o
 .debug_macro   0x00000000       0x10 ./adctest.o
 .debug_macro   0x00000000      0x12d ./adctest.o
 .debug_macro   0x00000000      0x5b2 ./adctest.o
 .debug_macro   0x00000000       0x18 ./adctest.o
 .debug_macro   0x00000000      0x697 ./adctest.o
 .debug_macro   0x00000000      0x11c ./adctest.o
 .group         0x00000000        0x8 ./cr_startup_lpc13u.o
 .group         0x00000000        0x8 ./cr_startup_lpc13u.o
 .group         0x00000000        0x8 ./cr_startup_lpc13u.o
 .group         0x00000000        0x8 ./cr_startup_lpc13u.o
 .group         0x00000000        0x8 ./cr_startup_lpc13u.o
 .group         0x00000000        0x8 ./cr_startup_lpc13u.o
 .group         0x00000000        0x8 ./cr_startup_lpc13u.o
 .group         0x00000000        0x8 ./cr_startup_lpc13u.o
 .group         0x00000000        0x8 ./cr_startup_lpc13u.o
 .text          0x00000000        0x0 ./cr_startup_lpc13u.o
 .data          0x00000000        0x0 ./cr_startup_lpc13u.o
 .bss           0x00000000        0x0 ./cr_startup_lpc13u.o
 .debug_macro   0x00000000      0x874 ./cr_startup_lpc13u.o
 .debug_macro   0x00000000       0x22 ./cr_startup_lpc13u.o
 .debug_macro   0x00000000       0x2e ./cr_startup_lpc13u.o
 .debug_macro   0x00000000       0x10 ./cr_startup_lpc13u.o
 .debug_macro   0x00000000      0x12d ./cr_startup_lpc13u.o
 .debug_macro   0x00000000      0x5b2 ./cr_startup_lpc13u.o
 .debug_macro   0x00000000       0x18 ./cr_startup_lpc13u.o
 .debug_macro   0x00000000      0x697 ./cr_startup_lpc13u.o
 .debug_macro   0x00000000      0x11c ./cr_startup_lpc13u.o
 .group         0x00000000        0x8 /home/jeremy/LPCXpresso/workspace/CMSISv2p10_LPC13Uxx/Debug/libCMSISv2p10_LPC13Uxx.a(system_LPC13Uxx.o)
 .group         0x00000000        0x8 /home/jeremy/LPCXpresso/workspace/CMSISv2p10_LPC13Uxx/Debug/libCMSISv2p10_LPC13Uxx.a(system_LPC13Uxx.o)
 .group         0x00000000        0x8 /home/jeremy/LPCXpresso/workspace/CMSISv2p10_LPC13Uxx/Debug/libCMSISv2p10_LPC13Uxx.a(system_LPC13Uxx.o)
 .group         0x00000000        0x8 /home/jeremy/LPCXpresso/workspace/CMSISv2p10_LPC13Uxx/Debug/libCMSISv2p10_LPC13Uxx.a(system_LPC13Uxx.o)
 .group         0x00000000        0x8 /home/jeremy/LPCXpresso/workspace/CMSISv2p10_LPC13Uxx/Debug/libCMSISv2p10_LPC13Uxx.a(system_LPC13Uxx.o)
 .group         0x00000000        0x8 /home/jeremy/LPCXpresso/workspace/CMSISv2p10_LPC13Uxx/Debug/libCMSISv2p10_LPC13Uxx.a(system_LPC13Uxx.o)
 .group         0x00000000        0x8 /home/jeremy/LPCXpresso/workspace/CMSISv2p10_LPC13Uxx/Debug/libCMSISv2p10_LPC13Uxx.a(system_LPC13Uxx.o)
 .group         0x00000000        0x8 /home/jeremy/LPCXpresso/workspace/CMSISv2p10_LPC13Uxx/Debug/libCMSISv2p10_LPC13Uxx.a(system_LPC13Uxx.o)
 .group         0x00000000        0x8 /home/jeremy/LPCXpresso/workspace/CMSISv2p10_LPC13Uxx/Debug/libCMSISv2p10_LPC13Uxx.a(system_LPC13Uxx.o)
 .text          0x00000000        0x0 /home/jeremy/LPCXpresso/workspace/CMSISv2p10_LPC13Uxx/Debug/libCMSISv2p10_LPC13Uxx.a(system_LPC13Uxx.o)
 .data          0x00000000        0x0 /home/jeremy/LPCXpresso/workspace/CMSISv2p10_LPC13Uxx/Debug/libCMSISv2p10_LPC13Uxx.a(system_LPC13Uxx.o)
 .bss           0x00000000        0x0 /home/jeremy/LPCXpresso/workspace/CMSISv2p10_LPC13Uxx/Debug/libCMSISv2p10_LPC13Uxx.a(system_LPC13Uxx.o)
 .debug_macro   0x00000000       0x10 /home/jeremy/LPCXpresso/workspace/CMSISv2p10_LPC13Uxx/Debug/libCMSISv2p10_LPC13Uxx.a(system_LPC13Uxx.o)
 .debug_macro   0x00000000      0x12d /home/jeremy/LPCXpresso/workspace/CMSISv2p10_LPC13Uxx/Debug/libCMSISv2p10_LPC13Uxx.a(system_LPC13Uxx.o)
 .debug_macro   0x00000000      0x5b2 /home/jeremy/LPCXpresso/workspace/CMSISv2p10_LPC13Uxx/Debug/libCMSISv2p10_LPC13Uxx.a(system_LPC13Uxx.o)
 .debug_macro   0x00000000       0x22 /home/jeremy/LPCXpresso/workspace/CMSISv2p10_LPC13Uxx/Debug/libCMSISv2p10_LPC13Uxx.a(system_LPC13Uxx.o)
 .debug_macro   0x00000000       0x2e /home/jeremy/LPCXpresso/workspace/CMSISv2p10_LPC13Uxx/Debug/libCMSISv2p10_LPC13Uxx.a(system_LPC13Uxx.o)
 .debug_macro   0x00000000       0x18 /home/jeremy/LPCXpresso/workspace/CMSISv2p10_LPC13Uxx/Debug/libCMSISv2p10_LPC13Uxx.a(system_LPC13Uxx.o)
 .debug_macro   0x00000000      0x697 /home/jeremy/LPCXpresso/workspace/CMSISv2p10_LPC13Uxx/Debug/libCMSISv2p10_LPC13Uxx.a(system_LPC13Uxx.o)
 .debug_macro   0x00000000      0x11c /home/jeremy/LPCXpresso/workspace/CMSISv2p10_LPC13Uxx/Debug/libCMSISv2p10_LPC13Uxx.a(system_LPC13Uxx.o)
 .group         0x00000000        0x8 /home/jeremy/LPCXpresso/workspace/LPC13Uxx_DriverLib/Debug/libLPC13Uxx_DriverLib.a(uart.o)
 .group         0x00000000        0x8 /home/jeremy/LPCXpresso/workspace/LPC13Uxx_DriverLib/Debug/libLPC13Uxx_DriverLib.a(uart.o)
 .group         0x00000000        0x8 /home/jeremy/LPCXpresso/workspace/LPC13Uxx_DriverLib/Debug/libLPC13Uxx_DriverLib.a(uart.o)
 .group         0x00000000        0x8 /home/jeremy/LPCXpresso/workspace/LPC13Uxx_DriverLib/Debug/libLPC13Uxx_DriverLib.a(uart.o)
 .group         0x00000000        0x8 /home/jeremy/LPCXpresso/workspace/LPC13Uxx_DriverLib/Debug/libLPC13Uxx_DriverLib.a(uart.o)
 .group         0x00000000        0x8 /home/jeremy/LPCXpresso/workspace/LPC13Uxx_DriverLib/Debug/libLPC13Uxx_DriverLib.a(uart.o)
 .group         0x00000000        0x8 /home/jeremy/LPCXpresso/workspace/LPC13Uxx_DriverLib/Debug/libLPC13Uxx_DriverLib.a(uart.o)
 .group         0x00000000        0x8 /home/jeremy/LPCXpresso/workspace/LPC13Uxx_DriverLib/Debug/libLPC13Uxx_DriverLib.a(uart.o)
 .group         0x00000000        0x8 /home/jeremy/LPCXpresso/workspace/LPC13Uxx_DriverLib/Debug/libLPC13Uxx_DriverLib.a(uart.o)
 .group         0x00000000        0x8 /home/jeremy/LPCXpresso/workspace/LPC13Uxx_DriverLib/Debug/libLPC13Uxx_DriverLib.a(uart.o)
 .group         0x00000000        0x8 /home/jeremy/LPCXpresso/workspace/LPC13Uxx_DriverLib/Debug/libLPC13Uxx_DriverLib.a(uart.o)
 .text          0x00000000        0x0 /home/jeremy/LPCXpresso/workspace/LPC13Uxx_DriverLib/Debug/libLPC13Uxx_DriverLib.a(uart.o)
 .data          0x00000000        0x0 /home/jeremy/LPCXpresso/workspace/LPC13Uxx_DriverLib/Debug/libLPC13Uxx_DriverLib.a(uart.o)
 .bss           0x00000000        0x0 /home/jeremy/LPCXpresso/workspace/LPC13Uxx_DriverLib/Debug/libLPC13Uxx_DriverLib.a(uart.o)
 .text.uart_set_divisors
                0x00000000      0x13c /home/jeremy/LPCXpresso/workspace/LPC13Uxx_DriverLib/Debug/libLPC13Uxx_DriverLib.a(uart.o)
 .text.print_string
                0x00000000       0x40 /home/jeremy/LPCXpresso/workspace/LPC13Uxx_DriverLib/Debug/libLPC13Uxx_DriverLib.a(uart.o)
 .text.get_key  0x00000000       0x44 /home/jeremy/LPCXpresso/workspace/LPC13Uxx_DriverLib/Debug/libLPC13Uxx_DriverLib.a(uart.o)
 .debug_macro   0x00000000       0x22 /home/jeremy/LPCXpresso/workspace/LPC13Uxx_DriverLib/Debug/libLPC13Uxx_DriverLib.a(uart.o)
 .debug_macro   0x00000000       0x2e /home/jeremy/LPCXpresso/workspace/LPC13Uxx_DriverLib/Debug/libLPC13Uxx_DriverLib.a(uart.o)
 .debug_macro   0x00000000       0x10 /home/jeremy/LPCXpresso/workspace/LPC13Uxx_DriverLib/Debug/libLPC13Uxx_DriverLib.a(uart.o)
 .debug_macro   0x00000000      0x12d /home/jeremy/LPCXpresso/workspace/LPC13Uxx_DriverLib/Debug/libLPC13Uxx_DriverLib.a(uart.o)
 .debug_macro   0x00000000      0x5b2 /home/jeremy/LPCXpresso/workspace/LPC13Uxx_DriverLib/Debug/libLPC13Uxx_DriverLib.a(uart.o)
 .debug_macro   0x00000000       0x18 /home/jeremy/LPCXpresso/workspace/LPC13Uxx_DriverLib/Debug/libLPC13Uxx_DriverLib.a(uart.o)
 .debug_macro   0x00000000      0x697 /home/jeremy/LPCXpresso/workspace/LPC13Uxx_DriverLib/Debug/libLPC13Uxx_DriverLib.a(uart.o)
 .debug_macro   0x00000000      0x11c /home/jeremy/LPCXpresso/workspace/LPC13Uxx_DriverLib/Debug/libLPC13Uxx_DriverLib.a(uart.o)
 .debug_macro   0x00000000       0xca /home/jeremy/LPCXpresso/workspace/LPC13Uxx_DriverLib/Debug/libLPC13Uxx_DriverLib.a(uart.o)
 .text          0x00000000        0x0 /usr/local/lpcxpresso_7.8.0_426/lpcxpresso/tools/bin/../lib/gcc/arm-none-eabi/4.9.3/../../../../arm-none-eabi/lib/armv7-m/libcr_c.a(__weak__main.o)
 .data          0x00000000        0x0 /usr/local/lpcxpresso_7.8.0_426/lpcxpresso/tools/bin/../lib/gcc/arm-none-eabi/4.9.3/../../../../arm-none-eabi/lib/armv7-m/libcr_c.a(__weak__main.o)
 .bss           0x00000000        0x0 /usr/local/lpcxpresso_7.8.0_426/lpcxpresso/tools/bin/../lib/gcc/arm-none-eabi/4.9.3/../../../../arm-none-eabi/lib/armv7-m/libcr_c.a(__weak__main.o)

Memory Configuration

Name             Origin             Length             Attributes
MFlash64         0x00000000         0x00002000         xr
RamLoc8          0x10000000         0x00002000         xrw
RamUsb2          0x20004000         0x00000800         xrw
RamPeriph2       0x20000000         0x00000800         xrw
*default*        0x00000000         0xffffffff

Linker script and memory map

LOAD ./adc.o
LOAD ./adctest.o
LOAD ./cr_startup_lpc13u.o
LOAD /home/jeremy/LPCXpresso/workspace/CMSISv2p10_LPC13Uxx/Debug/libCMSISv2p10_LPC13Uxx.a
LOAD /home/jeremy/LPCXpresso/workspace/LPC13Uxx_DriverLib/Debug/libLPC13Uxx_DriverLib.a
START GROUP
LOAD /usr/local/lpcxpresso_7.8.0_426/lpcxpresso/tools/bin/../lib/gcc/arm-none-eabi/4.9.3/../../../../arm-none-eabi/lib/armv7-m/libcr_c.a
LOAD /usr/local/lpcxpresso_7.8.0_426/lpcxpresso/tools/bin/../lib/gcc/arm-none-eabi/4.9.3/armv7-m/libcr_eabihelpers.a
END GROUP
                0x00010000                __top_MFlash64 = 0x10000
                0x10002000                __top_RamLoc8 = 0x10002000
                0x20004800                __top_RamUsb2 = 0x20004800
                0x20000800                __top_RamPeriph2 = 0x20000800

.text           0x00000000      0x73c
 FILL mask 0xff
                0x00000000                __vectors_start__ = ABSOLUTE (.)
 *(.isr_vector)
 .isr_vector    0x00000000       0xc0 ./cr_startup_lpc13u.o
                0x00000000                g_pfnVectors
                0x000000c0                . = ALIGN (0x4)
                0x000000c0                __section_table_start = .
                0x000000c0                __data_section_table = .
                0x000000c0        0x4 LONG 0x73c LOADADDR (.data)
                0x000000c4        0x4 LONG 0x10000000 ADDR (.data)
                0x000000c8        0x4 LONG 0x8 SIZEOF (.data)
                0x000000cc                __data_section_table_end = .
                0x000000cc                __bss_section_table = .
                0x000000cc        0x4 LONG 0x10000008 ADDR (.bss)
                0x000000d0        0x4 LONG 0x74 SIZEOF (.bss)
                0x000000d4                __bss_section_table_end = .
                0x000000d4                __section_table_end = .
 *(.after_vectors*)
 .after_vectors
                0x000000d4      0x144 ./cr_startup_lpc13u.o
                0x000000d4                data_init
                0x00000118                bss_init
                0x00000150                ResetISR
                0x000001c8                NMI_Handler
                0x000001d0                HardFault_Handler
                0x000001d8                MemManage_Handler
                0x000001e0                BusFault_Handler
                0x000001e8                UsageFault_Handler
                0x000001f0                SVC_Handler
                0x000001f8                DebugMon_Handler
                0x00000200                PendSV_Handler
                0x00000208                SysTick_Handler
                0x00000210                CT16B0_IRQHandler
                0x00000210                OSCFAIL_IRQHandler
                0x00000210                CT16B1_IRQHandler
                0x00000210                OSTIMER_IRQHandler
                0x00000210                PIN_INT6_IRQHandler
                0x00000210                IntDefaultHandler
                0x00000210                PIN_INT4_IRQHandler
                0x00000210                SSP0_IRQHandler
                0x00000210                USBWakeup_IRQHandler
                0x00000210                CT32B1_IRQHandler
                0x00000210                PVTCIRCUIT_IRQHandler
                0x00000210                PIN_INT5_IRQHandler
                0x00000210                PIN_INT2_IRQHandler
                0x00000210                USB_FIQHandler
                0x00000210                SSP1_IRQHandler
                0x00000210                PIN_INT7_IRQHandler
                0x00000210                PIN_INT1_IRQHandler
                0x00000210                USB_IRQHandler
                0x00000210                BOD_IRQHandler
                0x00000210                I2C_IRQHandler
                0x00000210                WDT_IRQHandler
                0x00000210                PIN_INT0_IRQHandler
                0x00000210                CT32B0_IRQHandler
                0x00000210                GINT0_IRQHandler
                0x00000210                PIN_INT3_IRQHandler
                0x00000210                FMC_IRQHandler
                0x00000210                GINT1_IRQHandler
 *(.text*)
 .text.ADC_IRQHandler
                0x00000218      0x100 ./adc.o
                0x00000218                ADC_IRQHandler
 .text.main     0x00000318       0x44 ./adctest.o
                0x00000318                main
 .text.SystemCoreClockUpdate
                0x0000035c       0x94 /home/jeremy/LPCXpresso/workspace/CMSISv2p10_LPC13Uxx/Debug/libCMSISv2p10_LPC13Uxx.a(system_LPC13Uxx.o)
                0x0000035c                SystemCoreClockUpdate
 .text.SystemInit
                0x000003f0       0x6c /home/jeremy/LPCXpresso/workspace/CMSISv2p10_LPC13Uxx/Debug/libCMSISv2p10_LPC13Uxx.a(system_LPC13Uxx.o)
                0x000003f0                SystemInit
 .text.NVIC_EnableIRQ
                0x0000045c       0x30 /home/jeremy/LPCXpresso/workspace/LPC13Uxx_DriverLib/Debug/libLPC13Uxx_DriverLib.a(uart.o)
 .text.NVIC_DisableIRQ
                0x0000048c       0x34 /home/jeremy/LPCXpresso/workspace/LPC13Uxx_DriverLib/Debug/libLPC13Uxx_DriverLib.a(uart.o)
 .text.USART_IRQHandler
                0x000004c0       0xf0 /home/jeremy/LPCXpresso/workspace/LPC13Uxx_DriverLib/Debug/libLPC13Uxx_DriverLib.a(uart.o)
                0x000004c0                USART_IRQHandler
 .text.UARTInit
                0x000005b0       0xf8 /home/jeremy/LPCXpresso/workspace/LPC13Uxx_DriverLib/Debug/libLPC13Uxx_DriverLib.a(uart.o)
                0x000005b0                UARTInit
 .text.UARTSend
                0x000006a8       0x44 /home/jeremy/LPCXpresso/workspace/LPC13Uxx_DriverLib/Debug/libLPC13Uxx_DriverLib.a(uart.o)
                0x000006a8                UARTSend
 .text.__weak_main
                0x000006ec        0x4 /usr/local/lpcxpresso_7.8.0_426/lpcxpresso/tools/bin/../lib/gcc/arm-none-eabi/4.9.3/../../../../arm-none-eabi/lib/armv7-m/libcr_c.a(__weak__main.o)
                0x000006ec                __main
                0x000006ec                __weak_main
 *(.rodata .rodata.* .constdata .constdata.*)
 .rodata        0x000006f0       0x10 ./adctest.o
 .rodata.CSWTCH.5
                0x00000700       0x3c /home/jeremy/LPCXpresso/workspace/CMSISv2p10_LPC13Uxx/Debug/libCMSISv2p10_LPC13Uxx.a(system_LPC13Uxx.o)
                0x0000073c                . = ALIGN (0x4)

.glue_7         0x0000073c        0x0
 .glue_7        0x00000000        0x0 linker stubs

.glue_7t        0x0000073c        0x0
 .glue_7t       0x00000000        0x0 linker stubs

.vfp11_veneer   0x0000073c        0x0
 .vfp11_veneer  0x00000000        0x0 linker stubs

.v4_bx          0x0000073c        0x0
 .v4_bx         0x00000000        0x0 linker stubs

.iplt           0x0000073c        0x0
 .iplt          0x00000000        0x0 ./adc.o

.rel.dyn        0x0000073c        0x0
 .rel.iplt      0x00000000        0x0 ./adc.o

.ARM.extab
 *(.ARM.extab* .gnu.linkonce.armextab.*)
                0x0000073c                __exidx_start = .

.ARM.exidx
 *(.ARM.exidx* .gnu.linkonce.armexidx.*)
                0x0000073c                __exidx_end = .
                0x0000073c                _etext = .

.uninit_RESERVED
                0x10000000        0x0
 *(.bss.$RESERVED*)
                0x10000000                . = ALIGN (0x4)
                0x10000000                _end_uninit_RESERVED = .

.data           0x10000000        0x8 load address 0x0000073c
 FILL mask 0xff
                0x10000000                _data = .
 *(vtable)
 *(.ramfunc*)
 *(.data*)
 .data.SystemCoreClock
                0x10000000        0x4 /home/jeremy/LPCXpresso/workspace/CMSISv2p10_LPC13Uxx/Debug/libCMSISv2p10_LPC13Uxx.a(system_LPC13Uxx.o)
                0x10000000                SystemCoreClock
 .data.UARTTxEmpty
                0x10000004        0x1 /home/jeremy/LPCXpresso/workspace/LPC13Uxx_DriverLib/Debug/libLPC13Uxx_DriverLib.a(uart.o)
                0x10000004                UARTTxEmpty
                0x10000008                . = ALIGN (0x4)
 *fill*         0x10000005        0x3 ff
                0x10000008                _edata = .

.igot.plt       0x10000008        0x0 load address 0x00000744
 .igot.plt      0x00000000        0x0 ./adc.o

.bss            0x10000008       0x74 load address 0x00000744
                0x10000008                _bss = .
 *(.bss*)
 .bss.ADCIntDone
                0x10000008        0x4 ./adc.o
                0x10000008                ADCIntDone
 .bss.OverRunCounter
                0x1000000c        0x4 ./adc.o
                0x1000000c                OverRunCounter
 .bss.channel_flag
                0x10000010        0x4 ./adc.o
                0x10000010                channel_flag
 .bss.UARTCount
                0x10000014        0x4 /home/jeremy/LPCXpresso/workspace/LPC13Uxx_DriverLib/Debug/libLPC13Uxx_DriverLib.a(uart.o)
                0x10000014                UARTCount
 *(COMMON)
 COMMON         0x10000018       0x20 ./adc.o
                0x10000018                ADCValue
 COMMON         0x10000038       0x44 /home/jeremy/LPCXpresso/workspace/LPC13Uxx_DriverLib/Debug/libLPC13Uxx_DriverLib.a(uart.o)
                0x10000038                UARTBuffer
                0x10000078                UARTStatus
                0x1000007c                . = ALIGN (0x4)
                0x1000007c                _ebss = .
                0x1000007c                PROVIDE (end, .)

.noinit         0x1000007c        0x0 load address 0x00000744
                0x1000007c                _noinit = .
 *(.noinit*)
                0x1000007c                . = ALIGN (0x4)
                0x1000007c                _end_noinit = .
                0x1000007c                PROVIDE (_pvHeapStart, DEFINED (__user_heap_base)?__user_heap_base:.)
                0x10002000                PROVIDE (_vStackTop, DEFINED (__user_stack_top)?__user_stack_top:(__top_RamLoc8 - 0x0))
OUTPUT(ADC.axf elf32-littlearm)

.debug_info     0x00000000     0x2347
 .debug_info    0x00000000      0xc4f ./adc.o
 .debug_info    0x00000c4f       0xd6 ./adctest.o
 .debug_info    0x00000d25      0x2a1 ./cr_startup_lpc13u.o
 .debug_info    0x00000fc6      0x55b /home/jeremy/LPCXpresso/workspace/CMSISv2p10_LPC13Uxx/Debug/libCMSISv2p10_LPC13Uxx.a(system_LPC13Uxx.o)
 .debug_info    0x00001521      0xe26 /home/jeremy/LPCXpresso/workspace/LPC13Uxx_DriverLib/Debug/libLPC13Uxx_DriverLib.a(uart.o)

.debug_abbrev   0x00000000      0x6fc
 .debug_abbrev  0x00000000      0x220 ./adc.o
 .debug_abbrev  0x00000220       0x8f ./adctest.o
 .debug_abbrev  0x000002af      0x116 ./cr_startup_lpc13u.o
 .debug_abbrev  0x000003c5       0xea /home/jeremy/LPCXpresso/workspace/CMSISv2p10_LPC13Uxx/Debug/libCMSISv2p10_LPC13Uxx.a(system_LPC13Uxx.o)
 .debug_abbrev  0x000004af      0x24d /home/jeremy/LPCXpresso/workspace/LPC13Uxx_DriverLib/Debug/libLPC13Uxx_DriverLib.a(uart.o)

.debug_aranges  0x00000000      0x160
 .debug_aranges
                0x00000000       0x40 ./adc.o
 .debug_aranges
                0x00000040       0x20 ./adctest.o
 .debug_aranges
                0x00000060       0x80 ./cr_startup_lpc13u.o
 .debug_aranges
                0x000000e0       0x28 /home/jeremy/LPCXpresso/workspace/CMSISv2p10_LPC13Uxx/Debug/libCMSISv2p10_LPC13Uxx.a(system_LPC13Uxx.o)
 .debug_aranges
                0x00000108       0x58 /home/jeremy/LPCXpresso/workspace/LPC13Uxx_DriverLib/Debug/libLPC13Uxx_DriverLib.a(uart.o)

.debug_ranges   0x00000000      0x110
 .debug_ranges  0x00000000       0x30 ./adc.o
 .debug_ranges  0x00000030       0x10 ./adctest.o
 .debug_ranges  0x00000040       0x70 ./cr_startup_lpc13u.o
 .debug_ranges  0x000000b0       0x18 /home/jeremy/LPCXpresso/workspace/CMSISv2p10_LPC13Uxx/Debug/libCMSISv2p10_LPC13Uxx.a(system_LPC13Uxx.o)
 .debug_ranges  0x000000c8       0x48 /home/jeremy/LPCXpresso/workspace/LPC13Uxx_DriverLib/Debug/libLPC13Uxx_DriverLib.a(uart.o)

.debug_macro    0x00000000     0x2cd6
 .debug_macro   0x00000000       0x84 ./adc.o
 .debug_macro   0x00000084      0x874 ./adc.o
 .debug_macro   0x000008f8       0x22 ./adc.o
 .debug_macro   0x0000091a       0x2e ./adc.o
 .debug_macro   0x00000948       0x10 ./adc.o
 .debug_macro   0x00000958      0x12d ./adc.o
 .debug_macro   0x00000a85      0x5b2 ./adc.o
 .debug_macro   0x00001037       0x18 ./adc.o
 .debug_macro   0x0000104f      0x697 ./adc.o
 .debug_macro   0x000016e6      0x11c ./adc.o
 .debug_macro   0x00001802       0x64 ./adc.o
 .debug_macro   0x00001866       0x7e ./adctest.o
 .debug_macro   0x000018e4       0xca ./adctest.o
 .debug_macro   0x000019ae       0x81 ./cr_startup_lpc13u.o
 .debug_macro   0x00001a2f      0x116 /home/jeremy/LPCXpresso/workspace/CMSISv2p10_LPC13Uxx/Debug/libCMSISv2p10_LPC13Uxx.a(system_LPC13Uxx.o)
 .debug_macro   0x00001b45      0x87a /home/jeremy/LPCXpresso/workspace/CMSISv2p10_LPC13Uxx/Debug/libCMSISv2p10_LPC13Uxx.a(system_LPC13Uxx.o)
 .debug_macro   0x000023bf       0x87 /home/jeremy/LPCXpresso/workspace/LPC13Uxx_DriverLib/Debug/libLPC13Uxx_DriverLib.a(uart.o)
 .debug_macro   0x00002446      0x874 /home/jeremy/LPCXpresso/workspace/LPC13Uxx_DriverLib/Debug/libLPC13Uxx_DriverLib.a(uart.o)
 .debug_macro   0x00002cba       0x1c /home/jeremy/LPCXpresso/workspace/LPC13Uxx_DriverLib/Debug/libLPC13Uxx_DriverLib.a(uart.o)

.debug_line     0x00000000      0xb66
 .debug_line    0x00000000      0x251 ./adc.o
 .debug_line    0x00000251      0x1dc ./adctest.o
 .debug_line    0x0000042d      0x21f ./cr_startup_lpc13u.o
 .debug_line    0x0000064c      0x1ed /home/jeremy/LPCXpresso/workspace/CMSISv2p10_LPC13Uxx/Debug/libCMSISv2p10_LPC13Uxx.a(system_LPC13Uxx.o)
 .debug_line    0x00000839      0x32d /home/jeremy/LPCXpresso/workspace/LPC13Uxx_DriverLib/Debug/libLPC13Uxx_DriverLib.a(uart.o)

.debug_str      0x00000000     0x7ed0
 .debug_str     0x00000000     0x7463 ./adc.o
                               0x74f6 (size before relaxing)
 .debug_str     0x00007463      0x24e ./adctest.o
                               0x6e9c (size before relaxing)
 .debug_str     0x000076b1      0x1ba ./cr_startup_lpc13u.o
                               0x6e06 (size before relaxing)
 .debug_str     0x0000786b      0x42c /home/jeremy/LPCXpresso/workspace/CMSISv2p10_LPC13Uxx/Debug/libCMSISv2p10_LPC13Uxx.a(system_LPC13Uxx.o)
                               0x71fd (size before relaxing)
 .debug_str     0x00007c97      0x239 /home/jeremy/LPCXpresso/workspace/LPC13Uxx_DriverLib/Debug/libLPC13Uxx_DriverLib.a(uart.o)
                               0x7767 (size before relaxing)

.comment        0x00000000       0xe0
 .comment       0x00000000       0x70 ./adc.o
                                 0x71 (size before relaxing)
 .comment       0x00000000       0x71 ./adctest.o
 .comment       0x00000000       0x71 ./cr_startup_lpc13u.o
 .comment       0x00000000       0x71 /home/jeremy/LPCXpresso/workspace/CMSISv2p10_LPC13Uxx/Debug/libCMSISv2p10_LPC13Uxx.a(system_LPC13Uxx.o)
 .comment       0x00000000       0x71 /home/jeremy/LPCXpresso/workspace/LPC13Uxx_DriverLib/Debug/libLPC13Uxx_DriverLib.a(uart.o)
 .comment       0x00000070       0x70 /usr/local/lpcxpresso_7.8.0_426/lpcxpresso/tools/bin/../lib/gcc/arm-none-eabi/4.9.3/../../../../arm-none-eabi/lib/armv7-m/libcr_c.a(__weak__main.o)
                                 0x71 (size before relaxing)

.ARM.attributes
                0x00000000       0x33
 .ARM.attributes
                0x00000000       0x33 ./adc.o
 .ARM.attributes
                0x00000033       0x33 ./adctest.o
 .ARM.attributes
                0x00000066       0x33 ./cr_startup_lpc13u.o
 .ARM.attributes
                0x00000099       0x33 /home/jeremy/LPCXpresso/workspace/CMSISv2p10_LPC13Uxx/Debug/libCMSISv2p10_LPC13Uxx.a(system_LPC13Uxx.o)
 .ARM.attributes
                0x000000cc       0x33 /home/jeremy/LPCXpresso/workspace/LPC13Uxx_DriverLib/Debug/libLPC13Uxx_DriverLib.a(uart.o)
 .ARM.attributes
                0x000000ff       0x33 /usr/local/lpcxpresso_7.8.0_426/lpcxpresso/tools/bin/../lib/gcc/arm-none-eabi/4.9.3/../../../../arm-none-eabi/lib/armv7-m/libcr_c.a(__weak__main.o)

.debug_frame    0x00000000      0x3f0
 .debug_frame   0x00000000       0xcc ./adc.o
 .debug_frame   0x000000cc       0x30 ./adctest.o
 .debug_frame   0x000000fc      0x170 ./cr_startup_lpc13u.o
 .debug_frame   0x0000026c       0x38 /home/jeremy/LPCXpresso/workspace/CMSISv2p10_LPC13Uxx/Debug/libCMSISv2p10_LPC13Uxx.a(system_LPC13Uxx.o)
 .debug_frame   0x000002a4      0x14c /home/jeremy/LPCXpresso/workspace/LPC13Uxx_DriverLib/Debug/libLPC13Uxx_DriverLib.a(uart.o)

.debug_loc      0x00000000       0x73
 .debug_loc     0x00000000       0x73 /home/jeremy/LPCXpresso/workspace/CMSISv2p10_LPC13Uxx/Debug/libCMSISv2p10_LPC13Uxx.a(system_LPC13Uxx.o)
