Archive member included because of file (symbol)

/usr/bin/gcc-arm-none-eabi-4_9-2015q2/bin/../lib/gcc/arm-none-eabi/4.9.3/armv7-m/libgcc.a(_arm_addsubsf3.o)
                              ./Drivers/source/lpc177x_8x_systick.o (__aeabi_ui2f)
/usr/bin/gcc-arm-none-eabi-4_9-2015q2/bin/../lib/gcc/arm-none-eabi/4.9.3/armv7-m/libgcc.a(_arm_cmpsf2.o)
                              ./Drivers/source/lpc177x_8x_systick.o (__aeabi_fcmpgt)
/usr/bin/gcc-arm-none-eabi-4_9-2015q2/bin/../lib/gcc/arm-none-eabi/4.9.3/armv7-m/libgcc.a(_aeabi_uldivmod.o)
                              ./Drivers/source/lpc177x_8x_pwm.o (__aeabi_uldivmod)
/usr/bin/gcc-arm-none-eabi-4_9-2015q2/bin/../lib/gcc/arm-none-eabi/4.9.3/armv7-m/libgcc.a(bpabi.o)
                              /usr/bin/gcc-arm-none-eabi-4_9-2015q2/bin/../lib/gcc/arm-none-eabi/4.9.3/armv7-m/libgcc.a(_aeabi_uldivmod.o) (__gnu_uldivmod_helper)
/usr/bin/gcc-arm-none-eabi-4_9-2015q2/bin/../lib/gcc/arm-none-eabi/4.9.3/armv7-m/libgcc.a(_dvmd_tls.o)
                              /usr/bin/gcc-arm-none-eabi-4_9-2015q2/bin/../lib/gcc/arm-none-eabi/4.9.3/armv7-m/libgcc.a(_aeabi_uldivmod.o) (__aeabi_ldiv0)
/usr/bin/gcc-arm-none-eabi-4_9-2015q2/bin/../lib/gcc/arm-none-eabi/4.9.3/armv7-m/libgcc.a(_divdi3.o)
                              /usr/bin/gcc-arm-none-eabi-4_9-2015q2/bin/../lib/gcc/arm-none-eabi/4.9.3/armv7-m/libgcc.a(bpabi.o) (__divdi3)
/usr/bin/gcc-arm-none-eabi-4_9-2015q2/bin/../lib/gcc/arm-none-eabi/4.9.3/armv7-m/libgcc.a(_udivdi3.o)
                              /usr/bin/gcc-arm-none-eabi-4_9-2015q2/bin/../lib/gcc/arm-none-eabi/4.9.3/armv7-m/libgcc.a(bpabi.o) (__udivdi3)
/usr/bin/gcc-arm-none-eabi-4_9-2015q2/bin/../lib/gcc/arm-none-eabi/4.9.3/../../../../arm-none-eabi/lib/armv7-m/libg.a(lib_a-exit.o)
                              /usr/bin/gcc-arm-none-eabi-4_9-2015q2/bin/../lib/gcc/arm-none-eabi/4.9.3/../../../../arm-none-eabi/lib/armv7-m/crt0.o (exit)
/usr/bin/gcc-arm-none-eabi-4_9-2015q2/bin/../lib/gcc/arm-none-eabi/4.9.3/../../../../arm-none-eabi/lib/armv7-m/libg.a(lib_a-impure.o)
                              /usr/bin/gcc-arm-none-eabi-4_9-2015q2/bin/../lib/gcc/arm-none-eabi/4.9.3/../../../../arm-none-eabi/lib/armv7-m/libg.a(lib_a-exit.o) (_global_impure_ptr)
/usr/bin/gcc-arm-none-eabi-4_9-2015q2/bin/../lib/gcc/arm-none-eabi/4.9.3/../../../../arm-none-eabi/lib/armv7-m/libg.a(lib_a-init.o)
                              /usr/bin/gcc-arm-none-eabi-4_9-2015q2/bin/../lib/gcc/arm-none-eabi/4.9.3/../../../../arm-none-eabi/lib/armv7-m/crt0.o (__libc_init_array)
/usr/bin/gcc-arm-none-eabi-4_9-2015q2/bin/../lib/gcc/arm-none-eabi/4.9.3/../../../../arm-none-eabi/lib/armv7-m/libg.a(lib_a-memcpy.o)
                              ./FreeRTOS/Source/queue.o (memcpy)
/usr/bin/gcc-arm-none-eabi-4_9-2015q2/bin/../lib/gcc/arm-none-eabi/4.9.3/../../../../arm-none-eabi/lib/armv7-m/libg.a(lib_a-memset.o)
                              /usr/bin/gcc-arm-none-eabi-4_9-2015q2/bin/../lib/gcc/arm-none-eabi/4.9.3/../../../../arm-none-eabi/lib/armv7-m/crt0.o (memset)
/usr/bin/gcc-arm-none-eabi-4_9-2015q2/bin/../lib/gcc/arm-none-eabi/4.9.3/../../../../arm-none-eabi/lib/armv7-m/libg.a(lib_a-strcmp.o)
                              ./src/taskCommandsHandler.o (strcmp)
/usr/bin/gcc-arm-none-eabi-4_9-2015q2/bin/../lib/gcc/arm-none-eabi/4.9.3/../../../../arm-none-eabi/lib/armv7-m/libg.a(lib_a-strlen.o)
                              ./src/taskDataAcquisition.o (strlen)
/usr/bin/gcc-arm-none-eabi-4_9-2015q2/bin/../lib/gcc/arm-none-eabi/4.9.3/../../../../arm-none-eabi/lib/armv7-m/libg.a(lib_a-__call_atexit.o)
                              /usr/bin/gcc-arm-none-eabi-4_9-2015q2/bin/../lib/gcc/arm-none-eabi/4.9.3/../../../../arm-none-eabi/lib/armv7-m/libg.a(lib_a-exit.o) (__call_exitprocs)
/usr/bin/gcc-arm-none-eabi-4_9-2015q2/bin/../lib/gcc/arm-none-eabi/4.9.3/../../../../arm-none-eabi/lib/armv7-m/libg.a(lib_a-atexit.o)
                              /usr/bin/gcc-arm-none-eabi-4_9-2015q2/bin/../lib/gcc/arm-none-eabi/4.9.3/../../../../arm-none-eabi/lib/armv7-m/libg.a(lib_a-__call_atexit.o) (atexit)
/usr/bin/gcc-arm-none-eabi-4_9-2015q2/bin/../lib/gcc/arm-none-eabi/4.9.3/../../../../arm-none-eabi/lib/armv7-m/libg.a(lib_a-fini.o)
                              /usr/bin/gcc-arm-none-eabi-4_9-2015q2/bin/../lib/gcc/arm-none-eabi/4.9.3/../../../../arm-none-eabi/lib/armv7-m/libg.a(lib_a-__call_atexit.o) (__libc_fini_array)
/usr/bin/gcc-arm-none-eabi-4_9-2015q2/bin/../lib/gcc/arm-none-eabi/4.9.3/../../../../arm-none-eabi/lib/armv7-m/libg.a(lib_a-__atexit.o)
                              /usr/bin/gcc-arm-none-eabi-4_9-2015q2/bin/../lib/gcc/arm-none-eabi/4.9.3/../../../../arm-none-eabi/lib/armv7-m/libg.a(lib_a-atexit.o) (__register_exitproc)
/usr/bin/gcc-arm-none-eabi-4_9-2015q2/bin/../lib/gcc/arm-none-eabi/4.9.3/../../../../arm-none-eabi/lib/armv7-m/libnosys.a(_exit.o)
[...]
Memory Configuration

Name             Origin             Length             Attributes
*default*        0x00000000         0xffffffff

Linker script and memory map

LOAD /usr/bin/gcc-arm-none-eabi-4_9-2015q2/bin/../lib/gcc/arm-none-eabi/4.9.3/armv7-m/crti.o
LOAD /usr/bin/gcc-arm-none-eabi-4_9-2015q2/bin/../lib/gcc/arm-none-eabi/4.9.3/armv7-m/crtbegin.o
LOAD /usr/bin/gcc-arm-none-eabi-4_9-2015q2/bin/../lib/gcc/arm-none-eabi/4.9.3/../../../../arm-none-eabi/lib/armv7-m/crt0.o
LOAD ./src/core_cm3.o
LOAD ./src/initSystem.o
LOAD ./src/system_LPC177x_8x.o
LOAD ./src/taskCommandsHandler.o
LOAD ./src/taskDataAcquisition.o
LOAD ./src/taskDataLogger.o
LOAD ./src/taskSendData.o
LOAD ./src/taskUpdateTimestamp.o
LOAD ./FreeRTOS/Source/portable/MemMang/heap_4.o
LOAD ./FreeRTOS/Source/portable/port.o
LOAD ./FreeRTOS/Source/list.o
LOAD ./FreeRTOS/Source/queue.o
LOAD ./FreeRTOS/Source/tasks.o
LOAD ./Drivers/source/debug_frmwrk.o
LOAD ./Drivers/source/lpc177x_8x_adc.o
LOAD ./Drivers/source/lpc177x_8x_can.o
LOAD ./Drivers/source/lpc177x_8x_clkpwr.o
LOAD ./Drivers/source/lpc177x_8x_crc.o
LOAD ./Drivers/source/lpc177x_8x_dac.o
LOAD ./Drivers/source/lpc177x_8x_eeprom.o
LOAD ./Drivers/source/lpc177x_8x_emc.o
LOAD ./Drivers/source/lpc177x_8x_exti.o
LOAD ./Drivers/source/lpc177x_8x_gpdma.o
LOAD ./Drivers/source/lpc177x_8x_gpio.o
LOAD ./Drivers/source/lpc177x_8x_i2c.o
LOAD ./Drivers/source/lpc177x_8x_i2s.o
LOAD ./Drivers/source/lpc177x_8x_mci.o
LOAD ./Drivers/source/lpc177x_8x_mcpwm.o
LOAD ./Drivers/source/lpc177x_8x_nvic.o
LOAD ./Drivers/source/lpc177x_8x_pinsel.o
LOAD ./Drivers/source/lpc177x_8x_pwm.o
LOAD ./Drivers/source/lpc177x_8x_qei.o
LOAD ./Drivers/source/lpc177x_8x_rtc.o
LOAD ./Drivers/source/lpc177x_8x_ssp.o
LOAD ./Drivers/source/lpc177x_8x_systick.o
LOAD ./Drivers/source/lpc177x_8x_timer.o
LOAD ./Drivers/source/lpc177x_8x_uart.o
LOAD ./Drivers/source/lpc177x_8x_wwdt.o
LOAD ./main.o
START GROUP
LOAD /usr/bin/gcc-arm-none-eabi-4_9-2015q2/bin/../lib/gcc/arm-none-eabi/4.9.3/armv7-m/libgcc.a
LOAD /usr/bin/gcc-arm-none-eabi-4_9-2015q2/bin/../lib/gcc/arm-none-eabi/4.9.3/../../../../arm-none-eabi/lib/armv7-m/libg.a
LOAD /usr/bin/gcc-arm-none-eabi-4_9-2015q2/bin/../lib/gcc/arm-none-eabi/4.9.3/../../../../arm-none-eabi/lib/armv7-m/libc.a
END GROUP
START GROUP
LOAD /usr/bin/gcc-arm-none-eabi-4_9-2015q2/bin/../lib/gcc/arm-none-eabi/4.9.3/armv7-m/libgcc.a
LOAD /usr/bin/gcc-arm-none-eabi-4_9-2015q2/bin/../lib/gcc/arm-none-eabi/4.9.3/../../../../arm-none-eabi/lib/armv7-m/libc.a
LOAD /usr/bin/gcc-arm-none-eabi-4_9-2015q2/bin/../lib/gcc/arm-none-eabi/4.9.3/../../../../arm-none-eabi/lib/armv7-m/libnosys.a
END GROUP
LOAD /usr/bin/gcc-arm-none-eabi-4_9-2015q2/bin/../lib/gcc/arm-none-eabi/4.9.3/armv7-m/crtend.o
LOAD /usr/bin/gcc-arm-none-eabi-4_9-2015q2/bin/../lib/gcc/arm-none-eabi/4.9.3/armv7-m/crtn.o
                0x00008000                PROVIDE (__executable_start, 0x8000)
                0x00008000                . = 0x8000

.interp
 *(.interp)

.note.gnu.build-id
 *(.note.gnu.build-id)

.hash
 *(.hash)

.gnu.hash
 *(.gnu.hash)

.dynsym
 *(.dynsym)

.dynstr
 *(.dynstr)

.gnu.version
 *(.gnu.version)

.gnu.version_d
 *(.gnu.version_d)

.gnu.version_r
 *(.gnu.version_r)

.rel.dyn        0x00008000        0x0
 *(.rel.init)
 *(.rel.text .rel.text.* .rel.gnu.linkonce.t.*)
 *(.rel.fini)
 *(.rel.rodata .rel.rodata.* .rel.gnu.linkonce.r.*)
 *(.rel.data.rel.ro .rel.data.rel.ro.* .rel.gnu.linkonce.d.rel.ro.*)
 *(.rel.data .rel.data.* .rel.gnu.linkonce.d.*)
 *(.rel.tdata .rel.tdata.* .rel.gnu.linkonce.td.*)
 *(.rel.tbss .rel.tbss.* .rel.gnu.linkonce.tb.*)
 *(.rel.ctors)
 *(.rel.dtors)
 *(.rel.got)
 *(.rel.bss .rel.bss.* .rel.gnu.linkonce.b.*)
                0x00008000                PROVIDE (__rel_iplt_start, .)
 *(.rel.iplt)
 .rel.iplt      0x00000000        0x0 /usr/bin/gcc-arm-none-eabi-4_9-2015q2/bin/../lib/gcc/arm-none-eabi/4.9.3/armv7-m/crtbegin.o
                0x00008000                PROVIDE (__rel_iplt_end, .)

.rela.dyn       0x00008000        0x0
 *(.rela.init)
 *(.rela.text .rela.text.* .rela.gnu.linkonce.t.*)
 *(.rela.fini)
 *(.rela.rodata .rela.rodata.* .rela.gnu.linkonce.r.*)
 *(.rela.data .rela.data.* .rela.gnu.linkonce.d.*)
 *(.rela.tdata .rela.tdata.* .rela.gnu.linkonce.td.*)
 *(.rela.tbss .rela.tbss.* .rela.gnu.linkonce.tb.*)
 *(.rela.ctors)
 *(.rela.dtors)
 *(.rela.got)
 *(.rela.bss .rela.bss.* .rela.gnu.linkonce.b.*)
                0x00008000                PROVIDE (__rela_iplt_start, .)
 *(.rela.iplt)
                0x00008000                PROVIDE (__rela_iplt_end, .)

.rel.plt
 *(.rel.plt)

.rela.plt
 *(.rela.plt)

.init           0x00008000        0xc
 *(SORT(.init))
 .init          0x00008000        0x4 /usr/bin/gcc-arm-none-eabi-4_9-2015q2/bin/../lib/gcc/arm-none-eabi/4.9.3/armv7-m/crti.o
                0x00008000                _init
 .init          0x00008004        0x8 /usr/bin/gcc-arm-none-eabi-4_9-2015q2/bin/../lib/gcc/arm-none-eabi/4.9.3/armv7-m/crtn.o

.plt
 *(.plt)

.iplt           0x0000800c        0x0
 *(.iplt)
 .iplt          0x00000000        0x0 /usr/bin/gcc-arm-none-eabi-4_9-2015q2/bin/../lib/gcc/arm-none-eabi/4.9.3/armv7-m/crtbegin.o

.text           0x0000800c     0x2ce8
 *(.text.unlikely .text.*_unlikely .text.unlikely.*)
 *(.text.exit .text.exit.*)
 .text.exit     0x0000800c       0x20 /usr/bin/gcc-arm-none-eabi-4_9-2015q2/bin/../lib/gcc/arm-none-eabi/4.9.3/../../../../arm-none-eabi/lib/armv7-m/libg.a(lib_a-exit.o)
                0x0000800c                exit
 *(.text.startup .text.startup.*)
 .text.startup.register_fini
                0x0000802c       0x14 /usr/bin/gcc-arm-none-eabi-4_9-2015q2/bin/../lib/gcc/arm-none-eabi/4.9.3/../../../../arm-none-eabi/lib/armv7-m/libg.a(lib_a-__call_atexit.o)
 *(.text.hot .text.hot.*)
 *(.text .stub .text.* .gnu.linkonce.t.*)
 .text          0x00008040       0x5c /usr/bin/gcc-arm-none-eabi-4_9-2015q2/bin/../lib/gcc/arm-none-eabi/4.9.3/armv7-m/crtbegin.o
 .text          0x0000809c       0x74 /usr/bin/gcc-arm-none-eabi-4_9-2015q2/bin/../lib/gcc/arm-none-eabi/4.9.3/../../../../arm-none-eabi/lib/armv7-m/crt0.o
                0x0000809c                _mainCRTStartup
                0x0000809c                _start
 .text.initSystemBasics
                0x00008110       0x9c ./src/initSystem.o
                0x00008110                initSystemBasics
 .text.commandsHandlerTask
                0x000081ac       0xdc ./src/taskCommandsHandler.o
                0x000081ac                commandsHandlerTask
 .text.dataAcquisitionTask
                0x00008288       0x44 ./src/taskDataAcquisition.o
                0x00008288                dataAcquisitionTask
 .text.dataLoggerTask
                0x000082cc        0xc ./src/taskDataLogger.o
                0x000082cc                dataLoggerTask
 .text.sendDataTask
                0x000082d8        0xc ./src/taskSendData.o
                0x000082d8                sendDataTask
 .text.updateTimestampTask
                0x000082e4        0xc ./src/taskUpdateTimestamp.o
                0x000082e4                updateTimestampTask
 .text.pvPortMalloc
                0x000082f0      0x128 ./FreeRTOS/Source/portable/MemMang/heap_4.o
                0x000082f0                pvPortMalloc
 .text.vPortFree
                0x00008418       0x70 ./FreeRTOS/Source/portable/MemMang/heap_4.o
                0x00008418                vPortFree
 .text.prvHeapInit
                0x00008488       0xc4 ./FreeRTOS/Source/portable/MemMang/heap_4.o
 .text.prvInsertBlockIntoFreeList
                0x0000854c       0xb0 ./FreeRTOS/Source/portable/MemMang/heap_4.o
 .text.pxPortInitialiseStack
                0x000085fc       0x58 ./FreeRTOS/Source/portable/port.o
                0x000085fc                pxPortInitialiseStack
 .text.prvTaskExitError
                0x00008654        0xc ./FreeRTOS/Source/portable/port.o
 .text.prvPortStartFirstTask
                0x00008660       0x20 ./FreeRTOS/Source/portable/port.o
 .text.xPortStartScheduler
                0x00008680       0x3c ./FreeRTOS/Source/portable/port.o
                0x00008680                xPortStartScheduler
 .text.vPortYield
                0x000086bc       0x20 ./FreeRTOS/Source/portable/port.o
                0x000086bc                vPortYield
 .text.vPortEnterCritical
                0x000086dc       0x20 ./FreeRTOS/Source/portable/port.o
                0x000086dc                vPortEnterCritical
 .text.vPortExitCritical
                0x000086fc       0x24 ./FreeRTOS/Source/portable/port.o
                0x000086fc                vPortExitCritical
 .text.ulPortSetInterruptMask
                0x00008720       0x14 ./FreeRTOS/Source/portable/port.o
                0x00008720                ulPortSetInterruptMask
 .text.vPortClearInterruptMask
                0x00008734        0x8 ./FreeRTOS/Source/portable/port.o
                0x00008734                vPortClearInterruptMask
 .text.vPortSetupTimerInterrupt
                0x0000873c       0x34 ./FreeRTOS/Source/portable/port.o
                0x0000873c                vPortSetupTimerInterrupt
 .text.vListInitialise
                0x00008770       0x40 ./FreeRTOS/Source/list.o
                0x00008770                vListInitialise
 .text.vListInitialiseItem
                0x000087b0       0x18 ./FreeRTOS/Source/list.o
                0x000087b0                vListInitialiseItem
 .text.vListInsertEnd
                0x000087c8       0x48 ./FreeRTOS/Source/list.o
                0x000087c8                vListInsertEnd
 .text.vListInsert
                0x00008810       0x70 ./FreeRTOS/Source/list.o
                0x00008810                vListInsert
 .text.uxListRemove
                0x00008880       0x54 ./FreeRTOS/Source/list.o
                0x00008880                uxListRemove
 .text.xQueueGenericReset
                0x000088d4       0xa4 ./FreeRTOS/Source/queue.o
                0x000088d4                xQueueGenericReset
 .text.xQueueGenericCreate
                0x00008978       0x7c ./FreeRTOS/Source/queue.o
                0x00008978                xQueueGenericCreate
 .text.xQueueGenericSend
                0x000089f4      0x124 ./FreeRTOS/Source/queue.o
                0x000089f4                xQueueGenericSend
 .text.xQueueGenericReceive
                0x00008b18      0x170 ./FreeRTOS/Source/queue.o
                0x00008b18                xQueueGenericReceive
 .text.uxQueueMessagesWaiting
                0x00008c88       0x20 ./FreeRTOS/Source/queue.o
                0x00008c88                uxQueueMessagesWaiting
 .text.prvCopyDataToQueue
                0x00008ca8       0xdc ./FreeRTOS/Source/queue.o
 .text.prvCopyDataFromQueue
                0x00008d84       0x4c ./FreeRTOS/Source/queue.o
 .text.prvUnlockQueue
                0x00008dd0       0x98 ./FreeRTOS/Source/queue.o
 .text.prvIsQueueEmpty
                0x00008e68       0x2c ./FreeRTOS/Source/queue.o
 .text.prvIsQueueFull
                0x00008e94       0x30 ./FreeRTOS/Source/queue.o
 .text.xTaskGenericCreate
                0x00008ec4      0x138 ./FreeRTOS/Source/tasks.o
                0x00008ec4                xTaskGenericCreate
 .text.vTaskDelay
                0x00008ffc       0x74 ./FreeRTOS/Source/tasks.o
                0x00008ffc                vTaskDelay
 .text.vTaskStartScheduler
                0x00009070       0x54 ./FreeRTOS/Source/tasks.o
                0x00009070                vTaskStartScheduler
 .text.vTaskSuspendAll
                0x000090c4       0x1c ./FreeRTOS/Source/tasks.o
                0x000090c4                vTaskSuspendAll
 .text.xTaskResumeAll
                0x000090e0      0x100 ./FreeRTOS/Source/tasks.o
                0x000090e0                xTaskResumeAll
 .text.xTaskIncrementTick
                0x000091e0      0x160 ./FreeRTOS/Source/tasks.o
                0x000091e0                xTaskIncrementTick
 .text.vTaskPlaceOnEventList
                0x00009340       0x80 ./FreeRTOS/Source/tasks.o
                0x00009340                vTaskPlaceOnEventList
 .text.xTaskRemoveFromEventList
                0x000093c0       0xac ./FreeRTOS/Source/tasks.o
                0x000093c0                xTaskRemoveFromEventList
 .text.vTaskSetTimeOutState
                0x0000946c       0x2c ./FreeRTOS/Source/tasks.o
                0x0000946c                vTaskSetTimeOutState
 .text.xTaskCheckForTimeOut
                0x00009498       0x88 ./FreeRTOS/Source/tasks.o
                0x00009498                xTaskCheckForTimeOut
 .text.vTaskMissedYield
                0x00009520       0x18 ./FreeRTOS/Source/tasks.o
                0x00009520                vTaskMissedYield
 .text.prvIdleTask
                0x00009538       0x10 ./FreeRTOS/Source/tasks.o
 .text.prvInitialiseTCBVariables
                0x00009548       0xa4 ./FreeRTOS/Source/tasks.o
 .text.prvInitialiseTaskLists
                0x000095ec       0x7c ./FreeRTOS/Source/tasks.o
 .text.prvCheckTasksWaitingTermination
                0x00009668       0x74 ./FreeRTOS/Source/tasks.o
 .text.prvAddCurrentTaskToDelayedList
                0x000096dc       0x6c ./FreeRTOS/Source/tasks.o
 .text.prvAllocateTCBAndStack
                0x00009748       0x58 ./FreeRTOS/Source/tasks.o
 .text.prvDeleteTCB
                0x000097a0       0x20 ./FreeRTOS/Source/tasks.o
 .text.prvResetNextTaskUnblockTime
                0x000097c0       0x48 ./FreeRTOS/Source/tasks.o
 .text.vTaskPriorityInherit
                0x00009808       0xf0 ./FreeRTOS/Source/tasks.o
                0x00009808                vTaskPriorityInherit
 .text.xTaskPriorityDisinherit
                0x000098f8       0xcc ./FreeRTOS/Source/tasks.o
                0x000098f8                xTaskPriorityDisinherit
 .text.pvTaskIncrementMutexHeldCount
                0x000099c4       0x28 ./FreeRTOS/Source/tasks.o
                0x000099c4                pvTaskIncrementMutexHeldCount
 .text.CLKPWR_GetCLK
                0x000099ec       0x60 ./Drivers/source/lpc177x_8x_clkpwr.o
                0x000099ec                CLKPWR_GetCLK
 .text.CLKPWR_ConfigPPWR
                0x00009a4c       0x4c ./Drivers/source/lpc177x_8x_clkpwr.o
                0x00009a4c                CLKPWR_ConfigPPWR
 .text.uart_set_divisors
                0x00009a98      0x260 ./Drivers/source/lpc177x_8x_uart.o
 .text.UART_Init
                0x00009cf8      0x1d8 ./Drivers/source/lpc177x_8x_uart.o
                0x00009cf8                UART_Init
 .text.UART_SendByte
                0x00009ed0       0x30 ./Drivers/source/lpc177x_8x_uart.o
                0x00009ed0                UART_SendByte
 .text.UART_Send
                0x00009f00       0xf0 ./Drivers/source/lpc177x_8x_uart.o
                0x00009f00                UART_Send
 .text.UART_IntConfig
                0x00009ff0       0xd0 ./Drivers/source/lpc177x_8x_uart.o
                0x00009ff0                UART_IntConfig
 .text.main     0x0000a0c0       0xe0 ./main.o
                0x0000a0c0                main
 .text          0x0000a1a0       0x30 /usr/bin/gcc-arm-none-eabi-4_9-2015q2/bin/../lib/gcc/arm-none-eabi/4.9.3/armv7-m/libgcc.a(_aeabi_uldivmod.o)
                0x0000a1a0                __aeabi_uldivmod
 .text          0x0000a1d0       0x60 /usr/bin/gcc-arm-none-eabi-4_9-2015q2/bin/../lib/gcc/arm-none-eabi/4.9.3/armv7-m/libgcc.a(bpabi.o)
                0x0000a1d0                __gnu_ldivmod_helper
                0x0000a200                __gnu_uldivmod_helper
 .text          0x0000a230        0x4 /usr/bin/gcc-arm-none-eabi-4_9-2015q2/bin/../lib/gcc/arm-none-eabi/4.9.3/armv7-m/libgcc.a(_dvmd_tls.o)
                0x0000a230                __aeabi_ldiv0
                0x0000a230                __aeabi_idiv0
 .text          0x0000a234      0x2ac /usr/bin/gcc-arm-none-eabi-4_9-2015q2/bin/../lib/gcc/arm-none-eabi/4.9.3/armv7-m/libgcc.a(_divdi3.o)
                0x0000a234                __divdi3
 .text          0x0000a4e0      0x270 /usr/bin/gcc-arm-none-eabi-4_9-2015q2/bin/../lib/gcc/arm-none-eabi/4.9.3/armv7-m/libgcc.a(_udivdi3.o)
                0x0000a4e0                __udivdi3
 .text.__libc_init_array
                0x0000a750       0x50 /usr/bin/gcc-arm-none-eabi-4_9-2015q2/bin/../lib/gcc/arm-none-eabi/4.9.3/../../../../arm-none-eabi/lib/armv7-m/libg.a(lib_a-init.o)
                0x0000a750                __libc_init_array
 .text          0x0000a7a0       0xec /usr/bin/gcc-arm-none-eabi-4_9-2015q2/bin/../lib/gcc/arm-none-eabi/4.9.3/../../../../arm-none-eabi/lib/armv7-m/libg.a(lib_a-memcpy.o)
                0x0000a7a0                memcpy
 .text.memset   0x0000a88c       0x9c /usr/bin/gcc-arm-none-eabi-4_9-2015q2/bin/../lib/gcc/arm-none-eabi/4.9.3/../../../../arm-none-eabi/lib/armv7-m/libg.a(lib_a-memset.o)
                0x0000a88c                memset
 .text          0x0000a928      0x1bc /usr/bin/gcc-arm-none-eabi-4_9-2015q2/bin/../lib/gcc/arm-none-eabi/4.9.3/../../../../arm-none-eabi/lib/armv7-m/libg.a(lib_a-strcmp.o)
                0x0000a928                strcmp
 .text.strlen   0x0000aae4       0x5c /usr/bin/gcc-arm-none-eabi-4_9-2015q2/bin/../lib/gcc/arm-none-eabi/4.9.3/../../../../arm-none-eabi/lib/armv7-m/libg.a(lib_a-strlen.o)
                0x0000aae4                strlen
 .text.__call_exitprocs
                0x0000ab40       0xd4 /usr/bin/gcc-arm-none-eabi-4_9-2015q2/bin/../lib/gcc/arm-none-eabi/4.9.3/../../../../arm-none-eabi/lib/armv7-m/libg.a(lib_a-__call_atexit.o)
                0x0000ab40                __call_exitprocs
 .text.atexit   0x0000ac14        0xc /usr/bin/gcc-arm-none-eabi-4_9-2015q2/bin/../lib/gcc/arm-none-eabi/4.9.3/../../../../arm-none-eabi/lib/armv7-m/libg.a(lib_a-atexit.o)
                0x0000ac14                atexit
 .text.__libc_fini_array
                0x0000ac20       0x2c /usr/bin/gcc-arm-none-eabi-4_9-2015q2/bin/../lib/gcc/arm-none-eabi/4.9.3/../../../../arm-none-eabi/lib/armv7-m/libg.a(lib_a-fini.o)
                0x0000ac20                __libc_fini_array
 .text.__register_exitproc
                0x0000ac4c       0xa4 /usr/bin/gcc-arm-none-eabi-4_9-2015q2/bin/../lib/gcc/arm-none-eabi/4.9.3/../../../../arm-none-eabi/lib/armv7-m/libg.a(lib_a-__atexit.o)
                0x0000ac4c                __register_exitproc
 .text._exit    0x0000acf0        0x4 /usr/bin/gcc-arm-none-eabi-4_9-2015q2/bin/../lib/gcc/arm-none-eabi/4.9.3/../../../../arm-none-eabi/lib/armv7-m/libnosys.a(_exit.o)
                0x0000acf0                _exit
 *(.gnu.warning)
 *(.glue_7t)
 .glue_7t       0x00000000        0x0 linker stubs
 *(.glue_7)
 .glue_7        0x00000000        0x0 linker stubs
 *(.vfp11_veneer)
 .vfp11_veneer  0x00000000        0x0 linker stubs
 *(.v4_bx)
 .v4_bx         0x00000000        0x0 linker stubs

.fini           0x0000acf4        0xc
 *(SORT(.fini))
 .fini          0x0000acf4        0x4 /usr/bin/gcc-arm-none-eabi-4_9-2015q2/bin/../lib/gcc/arm-none-eabi/4.9.3/armv7-m/crti.o
                0x0000acf4                _fini
 .fini          0x0000acf8        0x8 /usr/bin/gcc-arm-none-eabi-4_9-2015q2/bin/../lib/gcc/arm-none-eabi/4.9.3/armv7-m/crtn.o
                0x0000ad00                PROVIDE (__etext, .)
                0x0000ad00                PROVIDE (_etext, .)
                0x0000ad00                PROVIDE (etext, .)

.rodata         0x0000ad00       0xe4
 *(.rodata .rodata.* .gnu.linkonce.r.*)
 .rodata        0x0000ad00       0x17 ./src/initSystem.o
 *fill*         0x0000ad17        0x1 
 .rodata        0x0000ad18       0x5a ./src/taskCommandsHandler.o
 *fill*         0x0000ad72        0x2 
 .rodata        0x0000ad74       0x16 ./src/taskDataAcquisition.o
 *fill*         0x0000ad8a        0x2 
 .rodata        0x0000ad8c        0x5 ./FreeRTOS/Source/tasks.o
 *fill*         0x0000ad91        0x3 
 .rodata        0x0000ad94       0x48 ./main.o
 .rodata.str1.4
                0x0000addc        0x4 /usr/bin/gcc-arm-none-eabi-4_9-2015q2/bin/../lib/gcc/arm-none-eabi/4.9.3/../../../../arm-none-eabi/lib/armv7-m/libg.a(lib_a-impure.o)
                                  0x2 (size before relaxing)
 .rodata._global_impure_ptr
                0x0000ade0        0x4 /usr/bin/gcc-arm-none-eabi-4_9-2015q2/bin/../lib/gcc/arm-none-eabi/4.9.3/../../../../arm-none-eabi/lib/armv7-m/libg.a(lib_a-impure.o)
                0x0000ade0                _global_impure_ptr

.rodata1
 *(.rodata1)

.ARM.extab
 *(.ARM.extab* .gnu.linkonce.armextab.*)
                0x0000ade4                PROVIDE (__exidx_start, .)

.ARM.exidx      0x0000ade4        0x8
 *(.ARM.exidx* .gnu.linkonce.armexidx.*)
 .ARM.exidx     0x0000ade4        0x8 /usr/bin/gcc-arm-none-eabi-4_9-2015q2/bin/../lib/gcc/arm-none-eabi/4.9.3/../../../../arm-none-eabi/lib/armv7-m/crt0.o
 .ARM.exidx     0x0000adec        0x0 /usr/bin/gcc-arm-none-eabi-4_9-2015q2/bin/../lib/gcc/arm-none-eabi/4.9.3/armv7-m/libgcc.a(_divdi3.o)
                                  0x8 (size before relaxing)
 .ARM.exidx     0x0000adec        0x0 /usr/bin/gcc-arm-none-eabi-4_9-2015q2/bin/../lib/gcc/arm-none-eabi/4.9.3/armv7-m/libgcc.a(_udivdi3.o)
                                  0x8 (size before relaxing)
                0x0000adec                PROVIDE (__exidx_end, .)

.eh_frame_hdr
 *(.eh_frame_hdr)

.eh_frame       0x0000adec       0x3c
 *(.eh_frame)
 .eh_frame      0x0000adec        0x0 /usr/bin/gcc-arm-none-eabi-4_9-2015q2/bin/../lib/gcc/arm-none-eabi/4.9.3/armv7-m/crtbegin.o
 .eh_frame      0x0000adec       0x38 /usr/bin/gcc-arm-none-eabi-4_9-2015q2/bin/../lib/gcc/arm-none-eabi/4.9.3/../../../../arm-none-eabi/lib/armv7-m/libg.a(lib_a-strcmp.o)
 .eh_frame      0x0000ae24        0x4 /usr/bin/gcc-arm-none-eabi-4_9-2015q2/bin/../lib/gcc/arm-none-eabi/4.9.3/armv7-m/crtend.o

.gcc_except_table
 *(.gcc_except_table .gcc_except_table.*)

.exception_ranges
 *(.exception_ranges .exception_ranges*)
                0x00012e28                . = (ALIGN (0x8000) + (. & 0x7fff))

.eh_frame
 *(.eh_frame)

.gcc_except_table
 *(.gcc_except_table .gcc_except_table.*)

.exception_ranges
 *(.exception_ranges .exception_ranges*)

.tdata
 *(.tdata .tdata.* .gnu.linkonce.td.*)

.tbss
 *(.tbss .tbss.* .gnu.linkonce.tb.*)
 *(.tcommon)

.preinit_array  0x00012e28        0x0
                0x00012e28                PROVIDE (__preinit_array_start, .)
 *(.preinit_array)
                0x00012e28                PROVIDE (__preinit_array_end, .)

.init_array     0x00012e28        0x8
                0x00012e28                PROVIDE (__init_array_start, .)
 *(SORT(.init_array.*))
 .init_array.00000
                0x00012e28        0x4 /usr/bin/gcc-arm-none-eabi-4_9-2015q2/bin/../lib/gcc/arm-none-eabi/4.9.3/../../../../arm-none-eabi/lib/armv7-m/libg.a(lib_a-__call_atexit.o)
 *(.init_array)
 .init_array    0x00012e2c        0x4 /usr/bin/gcc-arm-none-eabi-4_9-2015q2/bin/../lib/gcc/arm-none-eabi/4.9.3/armv7-m/crtbegin.o
                0x00012e30                PROVIDE (__init_array_end, .)

.fini_array     0x00012e30        0x4
                0x00012e30                PROVIDE (__fini_array_start, .)
 *(SORT(.fini_array.*))
 *(.fini_array)
 .fini_array    0x00012e30        0x4 /usr/bin/gcc-arm-none-eabi-4_9-2015q2/bin/../lib/gcc/arm-none-eabi/4.9.3/armv7-m/crtbegin.o
                0x00012e34                PROVIDE (__fini_array_end, .)

.ctors
 *crtbegin.o(.ctors)
 *crtbegin?.o(.ctors)
 *(EXCLUDE_FILE(*crtend?.o *crtend.o) .ctors)
 *(SORT(.ctors.*))
 *(.ctors)

.dtors
 *crtbegin.o(.dtors)
 *crtbegin?.o(.dtors)
 *(EXCLUDE_FILE(*crtend?.o *crtend.o) .dtors)
 *(SORT(.dtors.*))
 *(.dtors)

.jcr            0x00012e34        0x4
 *(.jcr)
 .jcr           0x00012e34        0x0 /usr/bin/gcc-arm-none-eabi-4_9-2015q2/bin/../lib/gcc/arm-none-eabi/4.9.3/armv7-m/crtbegin.o
 .jcr           0x00012e34        0x4 /usr/bin/gcc-arm-none-eabi-4_9-2015q2/bin/../lib/gcc/arm-none-eabi/4.9.3/armv7-m/crtend.o

.data.rel.ro
 *(.data.rel.ro.local* .gnu.linkonce.d.rel.ro.local.*)
 *(.data.rel.ro .data.rel.ro.* .gnu.linkonce.d.rel.ro.*)

.dynamic
 *(.dynamic)

.got            0x00012e38        0x0
 *(.got.plt)
 *(.igot.plt)
 .igot.plt      0x00000000        0x0 /usr/bin/gcc-arm-none-eabi-4_9-2015q2/bin/../lib/gcc/arm-none-eabi/4.9.3/armv7-m/crtbegin.o
 *(.got)
 *(.igot)

.data           0x00012e38      0x440
                0x00012e38                __data_start = .
 *(.data .data.* .gnu.linkonce.d.*)
 .data.SystemCoreClock
                0x00012e38        0x4 ./src/system_LPC177x_8x.o
                0x00012e38                SystemCoreClock
 .data.PeripheralClock
                0x00012e3c        0x4 ./src/system_LPC177x_8x.o
                0x00012e3c                PeripheralClock
 .data.EMCClock
                0x00012e40        0x4 ./src/system_LPC177x_8x.o
                0x00012e40                EMCClock
 .data.USBClock
                0x00012e44        0x4 ./src/system_LPC177x_8x.o
                0x00012e44                USBClock
 .data.uxCriticalNesting
                0x00012e48        0x4 ./FreeRTOS/Source/portable/port.o
 .data.xNextTaskUnblockTime
                0x00012e4c        0x4 ./FreeRTOS/Source/tasks.o
 .data.impure_data
                0x00012e50      0x428 /usr/bin/gcc-arm-none-eabi-4_9-2015q2/bin/../lib/gcc/arm-none-eabi/4.9.3/../../../../arm-none-eabi/lib/armv7-m/libg.a(lib_a-impure.o)

.data1
 *(.data1)
                0x00013278                _edata = .
                0x00013278                PROVIDE (edata, .)
                0x00013278                . = .
                0x00013278                __bss_start = .
                0x00013278                __bss_start__ = .

.bss            0x00013278      0x938
 *(.dynbss)
 *(.bss .bss.* .gnu.linkonce.b.*)
 .bss           0x00013278       0x1c /usr/bin/gcc-arm-none-eabi-4_9-2015q2/bin/../lib/gcc/arm-none-eabi/4.9.3/armv7-m/crtbegin.o
 .bss.ucHeap    0x00013294      0x800 ./FreeRTOS/Source/portable/MemMang/heap_4.o
 .bss.xStart    0x00013a94        0x8 ./FreeRTOS/Source/portable/MemMang/heap_4.o
 .bss.pxEnd     0x00013a9c        0x4 ./FreeRTOS/Source/portable/MemMang/heap_4.o
 .bss.xFreeBytesRemaining
                0x00013aa0        0x4 ./FreeRTOS/Source/portable/MemMang/heap_4.o
 .bss.xMinimumEverFreeBytesRemaining
                0x00013aa4        0x4 ./FreeRTOS/Source/portable/MemMang/heap_4.o
 .bss.xBlockAllocatedBit
                0x00013aa8        0x4 ./FreeRTOS/Source/portable/MemMang/heap_4.o
 .bss.pxCurrentTCB
                0x00013aac        0x4 ./FreeRTOS/Source/tasks.o
                0x00013aac                pxCurrentTCB
 .bss.pxReadyTasksLists
                0x00013ab0       0x64 ./FreeRTOS/Source/tasks.o
 .bss.xDelayedTaskList1
                0x00013b14       0x14 ./FreeRTOS/Source/tasks.o
 .bss.xDelayedTaskList2
                0x00013b28       0x14 ./FreeRTOS/Source/tasks.o
 .bss.pxDelayedTaskList
                0x00013b3c        0x4 ./FreeRTOS/Source/tasks.o
 .bss.pxOverflowDelayedTaskList
                0x00013b40        0x4 ./FreeRTOS/Source/tasks.o
 .bss.xPendingReadyList
                0x00013b44       0x14 ./FreeRTOS/Source/tasks.o
 .bss.xTasksWaitingTermination
                0x00013b58       0x14 ./FreeRTOS/Source/tasks.o
 .bss.uxTasksDeleted
                0x00013b6c        0x4 ./FreeRTOS/Source/tasks.o
 .bss.xSuspendedTaskList
                0x00013b70       0x14 ./FreeRTOS/Source/tasks.o
 .bss.uxCurrentNumberOfTasks
                0x00013b84        0x4 ./FreeRTOS/Source/tasks.o
 .bss.xTickCount
                0x00013b88        0x4 ./FreeRTOS/Source/tasks.o
 .bss.uxTopReadyPriority
                0x00013b8c        0x4 ./FreeRTOS/Source/tasks.o
 .bss.xSchedulerRunning
                0x00013b90        0x4 ./FreeRTOS/Source/tasks.o
 .bss.uxPendedTicks
                0x00013b94        0x4 ./FreeRTOS/Source/tasks.o
 .bss.xYieldPending
                0x00013b98        0x4 ./FreeRTOS/Source/tasks.o
 .bss.xNumOfOverflows
                0x00013b9c        0x4 ./FreeRTOS/Source/tasks.o
 .bss.uxTaskNumber
                0x00013ba0        0x4 ./FreeRTOS/Source/tasks.o
 .bss.uxSchedulerSuspended
                0x00013ba4        0x4 ./FreeRTOS/Source/tasks.o
 *(COMMON)
 COMMON         0x00013ba8        0x8 ./main.o
                0x00013ba8                xQueueOutput
                0x00013bac                xQueueInput
                0x00013bb0                . = ALIGN ((. != 0x0)?0x4:0x1)
                0x00013bb0                _bss_end__ = .
                0x00013bb0                __bss_end__ = .
                0x00013bb0                . = ALIGN (0x4)
                0x00013bb0                . = SEGMENT_START ("ldata-segment", .)
                0x00013bb0                . = ALIGN (0x4)
                0x00013bb0                __end__ = .
                0x00013bb0                _end = .
                0x00013bb0                PROVIDE (end, .)

.stab
 *(.stab)

.stabstr
 *(.stabstr)

.stab.excl
 *(.stab.excl)

.stab.exclstr
 *(.stab.exclstr)

.stab.index
 *(.stab.index)

.stab.indexstr
 *(.stab.indexstr)

.comment        0x00000000       0x70
 *(.comment)
 .comment       0x00000000       0x70 ./src/core_cm3.o
                                 0x71 (size before relaxing)
 .comment       0x00000000       0x71 ./src/initSystem.o
 .comment       0x00000000       0x71 ./src/system_LPC177x_8x.o
 .comment       0x00000000       0x71 ./src/taskCommandsHandler.o
 .comment       0x00000000       0x71 ./src/taskDataAcquisition.o
 .comment       0x00000000       0x71 ./src/taskDataLogger.o
 .comment       0x00000000       0x71 ./src/taskSendData.o
 .comment       0x00000000       0x71 ./src/taskUpdateTimestamp.o
 .comment       0x00000000       0x71 ./FreeRTOS/Source/portable/MemMang/heap_4.o
 .comment       0x00000000       0x71 ./FreeRTOS/Source/portable/port.o
 .comment       0x00000000       0x71 ./FreeRTOS/Source/list.o
 .comment       0x00000000       0x71 ./FreeRTOS/Source/queue.o
 .comment       0x00000000       0x71 ./FreeRTOS/Source/tasks.o
 .comment       0x00000000       0x71 ./Drivers/source/debug_frmwrk.o
 .comment       0x00000000       0x71 ./Drivers/source/lpc177x_8x_adc.o
 .comment       0x00000000       0x71 ./Drivers/source/lpc177x_8x_can.o
 .comment       0x00000000       0x71 ./Drivers/source/lpc177x_8x_clkpwr.o
 .comment       0x00000000       0x71 ./Drivers/source/lpc177x_8x_crc.o
 .comment       0x00000000       0x71 ./Drivers/source/lpc177x_8x_dac.o
 .comment       0x00000000       0x71 ./Drivers/source/lpc177x_8x_eeprom.o
 .comment       0x00000000       0x71 ./Drivers/source/lpc177x_8x_emc.o
 .comment       0x00000000       0x71 ./Drivers/source/lpc177x_8x_exti.o
 .comment       0x00000000       0x71 ./Drivers/source/lpc177x_8x_gpdma.o
 .comment       0x00000000       0x71 ./Drivers/source/lpc177x_8x_gpio.o
 .comment       0x00000000       0x71 ./Drivers/source/lpc177x_8x_i2c.o
 .comment       0x00000000       0x71 ./Drivers/source/lpc177x_8x_i2s.o
 .comment       0x00000000       0x71 ./Drivers/source/lpc177x_8x_mci.o
 .comment       0x00000000       0x71 ./Drivers/source/lpc177x_8x_mcpwm.o
 .comment       0x00000000       0x71 ./Drivers/source/lpc177x_8x_nvic.o
 .comment       0x00000000       0x71 ./Drivers/source/lpc177x_8x_pinsel.o
 .comment       0x00000000       0x71 ./Drivers/source/lpc177x_8x_pwm.o
 .comment       0x00000000       0x71 ./Drivers/source/lpc177x_8x_qei.o
 .comment       0x00000000       0x71 ./Drivers/source/lpc177x_8x_rtc.o
 .comment       0x00000000       0x71 ./Drivers/source/lpc177x_8x_ssp.o
 .comment       0x00000000       0x71 ./Drivers/source/lpc177x_8x_systick.o
 .comment       0x00000000       0x71 ./Drivers/source/lpc177x_8x_timer.o
 .comment       0x00000000       0x71 ./Drivers/source/lpc177x_8x_uart.o
 .comment       0x00000000       0x71 ./Drivers/source/lpc177x_8x_wwdt.o
 .comment       0x00000000       0x71 ./main.o

.debug
 *(.debug)

.line
 *(.line)

.debug_srcinfo
 *(.debug_srcinfo)

.debug_sfnames
 *(.debug_sfnames)

.debug_aranges  0x00000000     0x1350
 *(.debug_aranges)
 .debug_aranges
                0x00000000       0x18 ./src/core_cm3.o
 .debug_aranges
                0x00000018       0x20 ./src/initSystem.o
 .debug_aranges
                0x00000038       0x28 ./src/system_LPC177x_8x.o
 .debug_aranges
                0x00000060       0x28 ./src/taskCommandsHandler.o
 .debug_aranges
                0x00000088       0x20 ./src/taskDataAcquisition.o
 .debug_aranges
                0x000000a8       0x20 ./src/taskDataLogger.o
 .debug_aranges
                0x000000c8       0x20 ./src/taskSendData.o
 .debug_aranges
                0x000000e8       0x20 ./src/taskUpdateTimestamp.o
 .debug_aranges
                0x00000108       0x50 ./FreeRTOS/Source/portable/MemMang/heap_4.o
 .debug_aranges
                0x00000158       0x88 ./FreeRTOS/Source/portable/port.o
 .debug_aranges
                0x000001e0       0x40 ./FreeRTOS/Source/list.o
 .debug_aranges
                0x00000220       0xc0 ./FreeRTOS/Source/queue.o
 .debug_aranges
                0x000002e0      0x180 ./FreeRTOS/Source/tasks.o
 .debug_aranges
                0x00000460       0x90 ./Drivers/source/debug_frmwrk.o
 .debug_aranges
                0x000004f0       0x80 ./Drivers/source/lpc177x_8x_adc.o
 .debug_aranges
                0x00000570       0xc0 ./Drivers/source/lpc177x_8x_can.o
 .debug_aranges
                0x00000630       0x50 ./Drivers/source/lpc177x_8x_clkpwr.o
 .debug_aranges
                0x00000680       0x38 ./Drivers/source/lpc177x_8x_crc.o
 .debug_aranges
                0x000006b8       0x50 ./Drivers/source/lpc177x_8x_dac.o
 .debug_aranges
                0x00000708       0x40 ./Drivers/source/lpc177x_8x_eeprom.o
 .debug_aranges
                0x00000748       0xd8 ./Drivers/source/lpc177x_8x_emc.o
 .debug_aranges
                0x00000820       0x48 ./Drivers/source/lpc177x_8x_exti.o
 .debug_aranges
                0x00000868       0x40 ./Drivers/source/lpc177x_8x_gpdma.o
 .debug_aranges
                0x000008a8      0x100 ./Drivers/source/lpc177x_8x_gpio.o
 .debug_aranges
                0x000009a8       0xd8 ./Drivers/source/lpc177x_8x_i2c.o
 .debug_aranges
                0x00000a80       0xc0 ./Drivers/source/lpc177x_8x_i2s.o
 .debug_aranges
                0x00000b40      0x160 ./Drivers/source/lpc177x_8x_mci.o
 .debug_aranges
                0x00000ca0       0x90 ./Drivers/source/lpc177x_8x_mcpwm.o
 .debug_aranges
                0x00000d30       0x30 ./Drivers/source/lpc177x_8x_nvic.o
 .debug_aranges
                0x00000d60       0x70 ./Drivers/source/lpc177x_8x_pinsel.o
 .debug_aranges
                0x00000dd0       0x90 ./Drivers/source/lpc177x_8x_pwm.o
 .debug_aranges
                0x00000e60       0xc8 ./Drivers/source/lpc177x_8x_qei.o
 .debug_aranges
                0x00000f28       0xb8 ./Drivers/source/lpc177x_8x_rtc.o
 .debug_aranges
                0x00000fe0       0xa8 ./Drivers/source/lpc177x_8x_ssp.o
 .debug_aranges
                0x00001088       0x48 ./Drivers/source/lpc177x_8x_systick.o
 .debug_aranges
                0x000010d0       0xa8 ./Drivers/source/lpc177x_8x_timer.o
 .debug_aranges
                0x00001178      0x100 ./Drivers/source/lpc177x_8x_uart.o
 .debug_aranges
                0x00001278       0xb8 ./Drivers/source/lpc177x_8x_wwdt.o
 .debug_aranges
                0x00001330       0x20 ./main.o

.debug_pubnames
 *(.debug_pubnames)

.debug_info     0x00000000    0x11774
 *(.debug_info .gnu.linkonce.wi.*)
 .debug_info    0x00000000       0x68 ./src/core_cm3.o
 .debug_info    0x00000068      0x451 ./src/initSystem.o
 .debug_info    0x000004b9      0x555 ./src/system_LPC177x_8x.o
 .debug_info    0x00000a0e      0x166 ./src/taskCommandsHandler.o
 .debug_info    0x00000b74      0x31f ./src/taskDataAcquisition.o
 .debug_info    0x00000e93       0x50 ./src/taskDataLogger.o
 .debug_info    0x00000ee3       0xd2 ./src/taskSendData.o
 .debug_info    0x00000fb5       0x50 ./src/taskUpdateTimestamp.o
 .debug_info    0x00001005      0x32c ./FreeRTOS/Source/portable/MemMang/heap_4.o
 .debug_info    0x00001331      0x275 ./FreeRTOS/Source/portable/port.o
 .debug_info    0x000015a6      0x2d3 ./FreeRTOS/Source/list.o
 .debug_info    0x00001879      0xa15 ./FreeRTOS/Source/queue.o
 .debug_info    0x0000228e     0x127a ./FreeRTOS/Source/tasks.o
 .debug_info    0x00003508      0xabb ./Drivers/source/debug_frmwrk.o
 .debug_info    0x00003fc3      0x4fd ./Drivers/source/lpc177x_8x_adc.o
 .debug_info    0x000044c0     0x110b ./Drivers/source/lpc177x_8x_can.o
 .debug_info    0x000055cb      0x68c ./Drivers/source/lpc177x_8x_clkpwr.o
 .debug_info    0x00005c57      0x2c8 ./Drivers/source/lpc177x_8x_crc.o
 .debug_info    0x00005f1f      0x32a ./Drivers/source/lpc177x_8x_dac.o
 .debug_info    0x00006249      0x373 ./Drivers/source/lpc177x_8x_eeprom.o
 .debug_info    0x000065bc      0xd81 ./Drivers/source/lpc177x_8x_emc.o
 .debug_info    0x0000733d      0x502 ./Drivers/source/lpc177x_8x_exti.o
 .debug_info    0x0000783f     0x11e4 ./Drivers/source/lpc177x_8x_gpdma.o
 .debug_info    0x00008a23      0xb69 ./Drivers/source/lpc177x_8x_gpio.o
 .debug_info    0x0000958c      0xe30 ./Drivers/source/lpc177x_8x_i2c.o
 .debug_info    0x0000a3bc      0x814 ./Drivers/source/lpc177x_8x_i2s.o
 .debug_info    0x0000abd0     0x1570 ./Drivers/source/lpc177x_8x_mci.o
 .debug_info    0x0000c140      0x7ac ./Drivers/source/lpc177x_8x_mcpwm.o
 .debug_info    0x0000c8ec      0x3df ./Drivers/source/lpc177x_8x_nvic.o
 .debug_info    0x0000cccb      0x4b7 ./Drivers/source/lpc177x_8x_pinsel.o
 .debug_info    0x0000d182      0x899 ./Drivers/source/lpc177x_8x_pwm.o
 .debug_info    0x0000da1b      0x9c7 ./Drivers/source/lpc177x_8x_qei.o
 .debug_info    0x0000e3e2      0x9f8 ./Drivers/source/lpc177x_8x_rtc.o
 .debug_info    0x0000edda      0x72e ./Drivers/source/lpc177x_8x_ssp.o
 .debug_info    0x0000f508      0x21f ./Drivers/source/lpc177x_8x_systick.o
 .debug_info    0x0000f727      0x85f ./Drivers/source/lpc177x_8x_timer.o
 .debug_info    0x0000ff86     0x10cf ./Drivers/source/lpc177x_8x_uart.o
 .debug_info    0x00011055      0x553 ./Drivers/source/lpc177x_8x_wwdt.o
 .debug_info    0x000115a8      0x1cc ./main.o

.debug_abbrev   0x00000000     0x39aa
 *(.debug_abbrev)
 .debug_abbrev  0x00000000       0x29 ./src/core_cm3.o
 .debug_abbrev  0x00000029      0x137 ./src/initSystem.o
 .debug_abbrev  0x00000160      0x106 ./src/system_LPC177x_8x.o
 .debug_abbrev  0x00000266       0xcc ./src/taskCommandsHandler.o
 .debug_abbrev  0x00000332      0x128 ./src/taskDataAcquisition.o
 .debug_abbrev  0x0000045a       0x47 ./src/taskDataLogger.o
 .debug_abbrev  0x000004a1       0x82 ./src/taskSendData.o
 .debug_abbrev  0x00000523       0x47 ./src/taskUpdateTimestamp.o
 .debug_abbrev  0x0000056a      0x173 ./FreeRTOS/Source/portable/MemMang/heap_4.o
 .debug_abbrev  0x000006dd      0x18e ./FreeRTOS/Source/portable/port.o
 .debug_abbrev  0x0000086b       0xdb ./FreeRTOS/Source/list.o
 .debug_abbrev  0x00000946      0x157 ./FreeRTOS/Source/queue.o
 .debug_abbrev  0x00000a9d      0x286 ./FreeRTOS/Source/tasks.o
 .debug_abbrev  0x00000d23      0x1e9 ./Drivers/source/debug_frmwrk.o
 .debug_abbrev  0x00000f0c      0x182 ./Drivers/source/lpc177x_8x_adc.o
 .debug_abbrev  0x0000108e      0x256 ./Drivers/source/lpc177x_8x_can.o
 .debug_abbrev  0x000012e4      0x1bb ./Drivers/source/lpc177x_8x_clkpwr.o
 .debug_abbrev  0x0000149f      0x176 ./Drivers/source/lpc177x_8x_crc.o
 .debug_abbrev  0x00001615      0x142 ./Drivers/source/lpc177x_8x_dac.o
 .debug_abbrev  0x00001757      0x161 ./Drivers/source/lpc177x_8x_eeprom.o
 .debug_abbrev  0x000018b8      0x1aa ./Drivers/source/lpc177x_8x_emc.o
 .debug_abbrev  0x00001a62      0x12c ./Drivers/source/lpc177x_8x_exti.o
 .debug_abbrev  0x00001b8e      0x22d ./Drivers/source/lpc177x_8x_gpdma.o
 .debug_abbrev  0x00001dbb      0x1d8 ./Drivers/source/lpc177x_8x_gpio.o
 .debug_abbrev  0x00001f93      0x26e ./Drivers/source/lpc177x_8x_i2c.o
 .debug_abbrev  0x00002201      0x1e5 ./Drivers/source/lpc177x_8x_i2s.o
 .debug_abbrev  0x000023e6      0x2db ./Drivers/source/lpc177x_8x_mci.o
 .debug_abbrev  0x000026c1      0x188 ./Drivers/source/lpc177x_8x_mcpwm.o
 .debug_abbrev  0x00002849      0x11e ./Drivers/source/lpc177x_8x_nvic.o
 .debug_abbrev  0x00002967       0xfb ./Drivers/source/lpc177x_8x_pinsel.o
 .debug_abbrev  0x00002a62      0x1d7 ./Drivers/source/lpc177x_8x_pwm.o
 .debug_abbrev  0x00002c39      0x22a ./Drivers/source/lpc177x_8x_qei.o
 .debug_abbrev  0x00002e63      0x16f ./Drivers/source/lpc177x_8x_rtc.o
 .debug_abbrev  0x00002fd2      0x1e1 ./Drivers/source/lpc177x_8x_ssp.o
 .debug_abbrev  0x000031b3      0x115 ./Drivers/source/lpc177x_8x_systick.o
 .debug_abbrev  0x000032c8      0x1f8 ./Drivers/source/lpc177x_8x_timer.o
 .debug_abbrev  0x000034c0      0x211 ./Drivers/source/lpc177x_8x_uart.o
 .debug_abbrev  0x000036d1      0x244 ./Drivers/source/lpc177x_8x_wwdt.o
 .debug_abbrev  0x00003915       0x95 ./main.o

.debug_line     0x00000000     0xaa9a
 *(.debug_line .debug_line.* .debug_line_end)
 .debug_line    0x00000000      0x190 ./src/core_cm3.o
 .debug_line    0x00000190      0x401 ./src/initSystem.o
 .debug_line    0x00000591      0x28f ./src/system_LPC177x_8x.o
 .debug_line    0x00000820      0x439 ./src/taskCommandsHandler.o
 .debug_line    0x00000c59      0x304 ./src/taskDataAcquisition.o
 .debug_line    0x00000f5d       0x7e ./src/taskDataLogger.o
 .debug_line    0x00000fdb      0x2f6 ./src/taskSendData.o
 .debug_line    0x000012d1       0x88 ./src/taskUpdateTimestamp.o
 .debug_line    0x00001359      0x4a5 ./FreeRTOS/Source/portable/MemMang/heap_4.o
 .debug_line    0x000017fe      0x444 ./FreeRTOS/Source/portable/port.o
 .debug_line    0x00001c42      0x420 ./FreeRTOS/Source/list.o
 .debug_line    0x00002062      0x6ce ./FreeRTOS/Source/queue.o
 .debug_line    0x00002730      0xae4 ./FreeRTOS/Source/tasks.o
 .debug_line    0x00003214      0x4d4 ./Drivers/source/debug_frmwrk.o
 .debug_line    0x000036e8      0x388 ./Drivers/source/lpc177x_8x_adc.o
 .debug_line    0x00003a70      0x862 ./Drivers/source/lpc177x_8x_can.o
 .debug_line    0x000042d2      0x338 ./Drivers/source/lpc177x_8x_clkpwr.o
 .debug_line    0x0000460a      0x2e9 ./Drivers/source/lpc177x_8x_crc.o
 .debug_line    0x000048f3      0x325 ./Drivers/source/lpc177x_8x_dac.o
 .debug_line    0x00004c18      0x39a ./Drivers/source/lpc177x_8x_eeprom.o
 .debug_line    0x00004fb2      0x551 ./Drivers/source/lpc177x_8x_emc.o
 .debug_line    0x00005503      0x2c6 ./Drivers/source/lpc177x_8x_exti.o
 .debug_line    0x000057c9      0x39b ./Drivers/source/lpc177x_8x_gpdma.o
 .debug_line    0x00005b64      0x523 ./Drivers/source/lpc177x_8x_gpio.o
 .debug_line    0x00006087      0x6da ./Drivers/source/lpc177x_8x_i2c.o
 .debug_line    0x00006761      0x45d ./Drivers/source/lpc177x_8x_i2s.o
 .debug_line    0x00006bbe      0x968 ./Drivers/source/lpc177x_8x_mci.o
 .debug_line    0x00007526      0x624 ./Drivers/source/lpc177x_8x_mcpwm.o
 .debug_line    0x00007b4a      0x2b8 ./Drivers/source/lpc177x_8x_nvic.o
 .debug_line    0x00007e02      0x3d6 ./Drivers/source/lpc177x_8x_pinsel.o
 .debug_line    0x000081d8      0x458 ./Drivers/source/lpc177x_8x_pwm.o
 .debug_line    0x00008630      0x462 ./Drivers/source/lpc177x_8x_qei.o
 .debug_line    0x00008a92      0x50d ./Drivers/source/lpc177x_8x_rtc.o
 .debug_line    0x00008f9f      0x47d ./Drivers/source/lpc177x_8x_ssp.o
 .debug_line    0x0000941c      0x30a ./Drivers/source/lpc177x_8x_systick.o
 .debug_line    0x00009726      0x453 ./Drivers/source/lpc177x_8x_timer.o
 .debug_line    0x00009b79      0x640 ./Drivers/source/lpc177x_8x_uart.o
 .debug_line    0x0000a1b9      0x451 ./Drivers/source/lpc177x_8x_wwdt.o
 .debug_line    0x0000a60a      0x490 ./main.o

.debug_frame    0x00000000     0x4dfc
 *(.debug_frame)
 .debug_frame   0x00000000       0x38 ./src/initSystem.o
 .debug_frame   0x00000038       0x54 ./src/system_LPC177x_8x.o
 .debug_frame   0x0000008c       0x50 ./src/taskCommandsHandler.o
 .debug_frame   0x000000dc       0x34 ./src/taskDataAcquisition.o
 .debug_frame   0x00000110       0x2c ./src/taskDataLogger.o
 .debug_frame   0x0000013c       0x2c ./src/taskSendData.o
 .debug_frame   0x00000168       0x2c ./src/taskUpdateTimestamp.o
 .debug_frame   0x00000194      0x108 ./FreeRTOS/Source/portable/MemMang/heap_4.o
 .debug_frame   0x0000029c      0x174 ./FreeRTOS/Source/portable/port.o
 .debug_frame   0x00000410       0xd8 ./FreeRTOS/Source/list.o
 .debug_frame   0x000004e8      0x310 ./FreeRTOS/Source/queue.o
 .debug_frame   0x000007f8      0x66c ./FreeRTOS/Source/tasks.o
 .debug_frame   0x00000e64      0x230 ./Drivers/source/debug_frmwrk.o
 .debug_frame   0x00001094      0x210 ./Drivers/source/lpc177x_8x_adc.o
 .debug_frame   0x000012a4      0x334 ./Drivers/source/lpc177x_8x_can.o
 .debug_frame   0x000015d8      0x104 ./Drivers/source/lpc177x_8x_clkpwr.o
 .debug_frame   0x000016dc       0xa8 ./Drivers/source/lpc177x_8x_crc.o
 .debug_frame   0x00001784      0x110 ./Drivers/source/lpc177x_8x_dac.o
 .debug_frame   0x00001894       0xd4 ./Drivers/source/lpc177x_8x_eeprom.o
 .debug_frame   0x00001968      0x3cc ./Drivers/source/lpc177x_8x_emc.o
 .debug_frame   0x00001d34       0xec ./Drivers/source/lpc177x_8x_exti.o
 .debug_frame   0x00001e20       0xcc ./Drivers/source/lpc177x_8x_gpdma.o
 .debug_frame   0x00001eec      0x44c ./Drivers/source/lpc177x_8x_gpio.o
 .debug_frame   0x00002338      0x3a0 ./Drivers/source/lpc177x_8x_i2c.o
 .debug_frame   0x000026d8      0x34c ./Drivers/source/lpc177x_8x_i2s.o
 .debug_frame   0x00002a24      0x600 ./Drivers/source/lpc177x_8x_mci.o
 .debug_frame   0x00003024      0x264 ./Drivers/source/lpc177x_8x_mcpwm.o
 .debug_frame   0x00003288       0x88 ./Drivers/source/lpc177x_8x_nvic.o
 .debug_frame   0x00003310      0x1a0 ./Drivers/source/lpc177x_8x_pinsel.o
 .debug_frame   0x000034b0      0x234 ./Drivers/source/lpc177x_8x_pwm.o
 .debug_frame   0x000036e4      0x33c ./Drivers/source/lpc177x_8x_qei.o
 .debug_frame   0x00003a20      0x328 ./Drivers/source/lpc177x_8x_rtc.o
 .debug_frame   0x00003d48      0x2d4 ./Drivers/source/lpc177x_8x_ssp.o
 .debug_frame   0x0000401c       0xe8 ./Drivers/source/lpc177x_8x_systick.o
 .debug_frame   0x00004104      0x2c8 ./Drivers/source/lpc177x_8x_timer.o
 .debug_frame   0x000043cc      0x48c ./Drivers/source/lpc177x_8x_uart.o
 .debug_frame   0x00004858      0x2f0 ./Drivers/source/lpc177x_8x_wwdt.o
 .debug_frame   0x00004b48       0x30 ./main.o
 .debug_frame   0x00004b78       0x28 /usr/bin/gcc-arm-none-eabi-4_9-2015q2/bin/../lib/gcc/arm-none-eabi/4.9.3/armv7-m/libgcc.a(_aeabi_uldivmod.o)
 .debug_frame   0x00004ba0       0x54 /usr/bin/gcc-arm-none-eabi-4_9-2015q2/bin/../lib/gcc/arm-none-eabi/4.9.3/armv7-m/libgcc.a(bpabi.o)
 .debug_frame   0x00004bf4       0x34 /usr/bin/gcc-arm-none-eabi-4_9-2015q2/bin/../lib/gcc/arm-none-eabi/4.9.3/armv7-m/libgcc.a(_divdi3.o)
 .debug_frame   0x00004c28       0x34 /usr/bin/gcc-arm-none-eabi-4_9-2015q2/bin/../lib/gcc/arm-none-eabi/4.9.3/armv7-m/libgcc.a(_udivdi3.o)
 .debug_frame   0x00004c5c       0x28 /usr/bin/gcc-arm-none-eabi-4_9-2015q2/bin/../lib/gcc/arm-none-eabi/4.9.3/../../../../arm-none-eabi/lib/armv7-m/libg.a(lib_a-exit.o)
 .debug_frame   0x00004c84       0x2c /usr/bin/gcc-arm-none-eabi-4_9-2015q2/bin/../lib/gcc/arm-none-eabi/4.9.3/../../../../arm-none-eabi/lib/armv7-m/libg.a(lib_a-init.o)
 .debug_frame   0x00004cb0       0x34 /usr/bin/gcc-arm-none-eabi-4_9-2015q2/bin/../lib/gcc/arm-none-eabi/4.9.3/../../../../arm-none-eabi/lib/armv7-m/libg.a(lib_a-memset.o)
 .debug_frame   0x00004ce4       0x20 /usr/bin/gcc-arm-none-eabi-4_9-2015q2/bin/../lib/gcc/arm-none-eabi/4.9.3/../../../../arm-none-eabi/lib/armv7-m/libg.a(lib_a-strlen.o)
 .debug_frame   0x00004d04       0x50 /usr/bin/gcc-arm-none-eabi-4_9-2015q2/bin/../lib/gcc/arm-none-eabi/4.9.3/../../../../arm-none-eabi/lib/armv7-m/libg.a(lib_a-__call_atexit.o)
 .debug_frame   0x00004d54       0x20 /usr/bin/gcc-arm-none-eabi-4_9-2015q2/bin/../lib/gcc/arm-none-eabi/4.9.3/../../../../arm-none-eabi/lib/armv7-m/libg.a(lib_a-atexit.o)
 .debug_frame   0x00004d74       0x34 /usr/bin/gcc-arm-none-eabi-4_9-2015q2/bin/../lib/gcc/arm-none-eabi/4.9.3/../../../../arm-none-eabi/lib/armv7-m/libg.a(lib_a-fini.o)
 .debug_frame   0x00004da8       0x34 /usr/bin/gcc-arm-none-eabi-4_9-2015q2/bin/../lib/gcc/arm-none-eabi/4.9.3/../../../../arm-none-eabi/lib/armv7-m/libg.a(lib_a-__atexit.o)
 .debug_frame   0x00004ddc       0x20 /usr/bin/gcc-arm-none-eabi-4_9-2015q2/bin/../lib/gcc/arm-none-eabi/4.9.3/../../../../arm-none-eabi/lib/armv7-m/libnosys.a(_exit.o)

.debug_str      0x00000000    0x228cf
 *(.debug_str)
 .debug_str     0x00000000     0x2eb9 ./src/core_cm3.o
                               0x300a (size before relaxing)
 .debug_str     0x00002eb9     0xa65e ./src/initSystem.o
                               0xd726 (size before relaxing)
 .debug_str     0x0000d517      0x52f ./src/system_LPC177x_8x.o
                               0x7904 (size before relaxing)
 .debug_str     0x0000da46      0xd96 ./src/taskCommandsHandler.o
                               0xe106 (size before relaxing)
 .debug_str     0x0000e7dc       0x5f ./src/taskDataAcquisition.o
                               0xa91f (size before relaxing)
 .debug_str     0x0000e83b       0x3b ./src/taskDataLogger.o
                               0x2483 (size before relaxing)
 .debug_str     0x0000e876       0x35 ./src/taskSendData.o
                               0xa82b (size before relaxing)
 .debug_str     0x0000e8ab       0x4a ./src/taskUpdateTimestamp.o
                               0x2492 (size before relaxing)
 .debug_str     0x0000e8f5      0x377 ./FreeRTOS/Source/portable/MemMang/heap_4.o
                               0xc922 (size before relaxing)
 .debug_str     0x0000ec6c      0x663 ./FreeRTOS/Source/portable/port.o
                               0xab4a (size before relaxing)
 .debug_str     0x0000f2cf      0x125 ./FreeRTOS/Source/list.o
                               0xc234 (size before relaxing)
 .debug_str     0x0000f3f4      0x5ef ./FreeRTOS/Source/queue.o
                               0xd804 (size before relaxing)
 .debug_str     0x0000f9e3     0x1705 ./FreeRTOS/Source/tasks.o
                               0xdfa8 (size before relaxing)
 .debug_str     0x000110e8     0x1383 ./Drivers/source/debug_frmwrk.o
                               0x9973 (size before relaxing)
 .debug_str     0x0001246b     0x1016 ./Drivers/source/lpc177x_8x_adc.o
                               0x85de (size before relaxing)
 .debug_str     0x00013481     0x219e ./Drivers/source/lpc177x_8x_can.o
                               0xa232 (size before relaxing)
 .debug_str     0x0001561f       0xd3 ./Drivers/source/lpc177x_8x_clkpwr.o
                               0x831a (size before relaxing)
 .debug_str     0x000156f2      0x1c0 ./Drivers/source/lpc177x_8x_crc.o
                               0x81f5 (size before relaxing)
 .debug_str     0x000158b2      0x305 ./Drivers/source/lpc177x_8x_dac.o
                               0x91e9 (size before relaxing)
 .debug_str     0x00015bb7      0x3c9 ./Drivers/source/lpc177x_8x_eeprom.o
                               0x843e (size before relaxing)
 .debug_str     0x00015f80     0x1214 ./Drivers/source/lpc177x_8x_emc.o
                               0xa291 (size before relaxing)
 .debug_str     0x00017194      0x217 ./Drivers/source/lpc177x_8x_exti.o
                               0x789c (size before relaxing)
 .debug_str     0x000173ab     0x11b4 ./Drivers/source/lpc177x_8x_gpdma.o
                               0x9467 (size before relaxing)
 .debug_str     0x0001855f      0x65b ./Drivers/source/lpc177x_8x_gpio.o
                               0x7bae (size before relaxing)
 .debug_str     0x00018bba      0xe37 ./Drivers/source/lpc177x_8x_i2c.o
                               0x9db0 (size before relaxing)
 .debug_str     0x000199f1      0xbe9 ./Drivers/source/lpc177x_8x_i2s.o
                               0x8ccb (size before relaxing)
 .debug_str     0x0001a5da     0x151f ./Drivers/source/lpc177x_8x_mci.o
                               0xa82e (size before relaxing)
 .debug_str     0x0001baf9      0xd86 ./Drivers/source/lpc177x_8x_mcpwm.o
                               0x8def (size before relaxing)
 .debug_str     0x0001c87f       0x7c ./Drivers/source/lpc177x_8x_nvic.o
                               0x7635 (size before relaxing)
 .debug_str     0x0001c8fb      0x3b3 ./Drivers/source/lpc177x_8x_pinsel.o
                               0x87ac (size before relaxing)
 .debug_str     0x0001ccae      0xa69 ./Drivers/source/lpc177x_8x_pwm.o
                               0x8b1a (size before relaxing)
 .debug_str     0x0001d717     0x1a80 ./Drivers/source/lpc177x_8x_qei.o
                               0x9b1b (size before relaxing)
 .debug_str     0x0001f197      0xa27 ./Drivers/source/lpc177x_8x_rtc.o
                               0x8b30 (size before relaxing)
 .debug_str     0x0001fbbe      0xd36 ./Drivers/source/lpc177x_8x_ssp.o
                               0x8e1c (size before relaxing)
 .debug_str     0x000208f4      0x285 ./Drivers/source/lpc177x_8x_systick.o
                               0x82c7 (size before relaxing)
 .debug_str     0x00020b79      0x710 ./Drivers/source/lpc177x_8x_timer.o
                               0x975a (size before relaxing)
 .debug_str     0x00021289      0x719 ./Drivers/source/lpc177x_8x_uart.o
                               0x9950 (size before relaxing)
 .debug_str     0x000219a2      0x71b ./Drivers/source/lpc177x_8x_wwdt.o
                               0x9678 (size before relaxing)
 .debug_str     0x000220bd      0x812 ./main.o
                               0xea86 (size before relaxing)

.debug_loc
 *(.debug_loc)

.debug_macinfo
 *(.debug_macinfo)

.debug_weaknames
 *(.debug_weaknames)

.debug_funcnames
 *(.debug_funcnames)

.debug_typenames
 *(.debug_typenames)

.debug_varnames
 *(.debug_varnames)

.debug_pubtypes
 *(.debug_pubtypes)

.debug_ranges   0x00000000     0x10f0
 *(.debug_ranges)
 .debug_ranges  0x00000000       0x10 ./src/initSystem.o
 .debug_ranges  0x00000010       0x18 ./src/system_LPC177x_8x.o
 .debug_ranges  0x00000028       0x18 ./src/taskCommandsHandler.o
 .debug_ranges  0x00000040       0x10 ./src/taskDataAcquisition.o
 .debug_ranges  0x00000050       0x10 ./src/taskDataLogger.o
 .debug_ranges  0x00000060       0x10 ./src/taskSendData.o
 .debug_ranges  0x00000070       0x10 ./src/taskUpdateTimestamp.o
 .debug_ranges  0x00000080       0x40 ./FreeRTOS/Source/portable/MemMang/heap_4.o
 .debug_ranges  0x000000c0       0x78 ./FreeRTOS/Source/portable/port.o
 .debug_ranges  0x00000138       0x30 ./FreeRTOS/Source/list.o
 .debug_ranges  0x00000168       0xb0 ./FreeRTOS/Source/queue.o
 .debug_ranges  0x00000218      0x188 ./FreeRTOS/Source/tasks.o
 .debug_ranges  0x000003a0       0x80 ./Drivers/source/debug_frmwrk.o
 .debug_ranges  0x00000420       0x70 ./Drivers/source/lpc177x_8x_adc.o
 .debug_ranges  0x00000490       0xb0 ./Drivers/source/lpc177x_8x_can.o
 .debug_ranges  0x00000540       0x40 ./Drivers/source/lpc177x_8x_clkpwr.o
 .debug_ranges  0x00000580       0x28 ./Drivers/source/lpc177x_8x_crc.o
 .debug_ranges  0x000005a8       0x40 ./Drivers/source/lpc177x_8x_dac.o
 .debug_ranges  0x000005e8       0x30 ./Drivers/source/lpc177x_8x_eeprom.o
 .debug_ranges  0x00000618       0xc8 ./Drivers/source/lpc177x_8x_emc.o
 .debug_ranges  0x000006e0       0x38 ./Drivers/source/lpc177x_8x_exti.o
 .debug_ranges  0x00000718       0x30 ./Drivers/source/lpc177x_8x_gpdma.o
 .debug_ranges  0x00000748       0xf0 ./Drivers/source/lpc177x_8x_gpio.o
 .debug_ranges  0x00000838       0xc8 ./Drivers/source/lpc177x_8x_i2c.o
 .debug_ranges  0x00000900       0xb0 ./Drivers/source/lpc177x_8x_i2s.o
 .debug_ranges  0x000009b0      0x150 ./Drivers/source/lpc177x_8x_mci.o
 .debug_ranges  0x00000b00       0x80 ./Drivers/source/lpc177x_8x_mcpwm.o
 .debug_ranges  0x00000b80       0x20 ./Drivers/source/lpc177x_8x_nvic.o
 .debug_ranges  0x00000ba0       0x60 ./Drivers/source/lpc177x_8x_pinsel.o
 .debug_ranges  0x00000c00       0x80 ./Drivers/source/lpc177x_8x_pwm.o
 .debug_ranges  0x00000c80       0xb8 ./Drivers/source/lpc177x_8x_qei.o
 .debug_ranges  0x00000d38       0xa8 ./Drivers/source/lpc177x_8x_rtc.o
 .debug_ranges  0x00000de0       0x98 ./Drivers/source/lpc177x_8x_ssp.o
 .debug_ranges  0x00000e78       0x38 ./Drivers/source/lpc177x_8x_systick.o
 .debug_ranges  0x00000eb0       0x98 ./Drivers/source/lpc177x_8x_timer.o
 .debug_ranges  0x00000f48       0xf0 ./Drivers/source/lpc177x_8x_uart.o
 .debug_ranges  0x00001038       0xa8 ./Drivers/source/lpc177x_8x_wwdt.o
 .debug_ranges  0x000010e0       0x10 ./main.o

.debug_macro    0x00000000     0x7806
 *(.debug_macro)
 .debug_macro   0x00000000       0x60 ./src/core_cm3.o
 .debug_macro   0x00000060      0x862 ./src/core_cm3.o
 .debug_macro   0x000008c2       0x22 ./src/core_cm3.o
 .debug_macro   0x000008e4       0x44 ./src/core_cm3.o
 .debug_macro   0x00000928       0x58 ./src/core_cm3.o
 .debug_macro   0x00000980       0x22 ./src/core_cm3.o
 .debug_macro   0x000009a2      0x1df ./src/core_cm3.o
 .debug_macro   0x00000b81      0x1b1 ./src/initSystem.o
 .debug_macro   0x00000d32      0x16d ./src/initSystem.o
 .debug_macro   0x00000e9f       0x1c ./src/initSystem.o
 .debug_macro   0x00000ebb       0x2e ./src/initSystem.o
 .debug_macro   0x00000ee9       0x18 ./src/initSystem.o
 .debug_macro   0x00000f01      0x7af ./src/initSystem.o
 .debug_macro   0x000016b0      0x330 ./src/initSystem.o
 .debug_macro   0x000019e0       0xd0 ./src/initSystem.o
 .debug_macro   0x00001ab0       0x5e ./src/initSystem.o
 .debug_macro   0x00001b0e       0xcb ./src/initSystem.o
 .debug_macro   0x00001bd9       0x10 ./src/initSystem.o
 .debug_macro   0x00001be9       0x1f ./src/initSystem.o
 .debug_macro   0x00001c08      0x3a7 ./src/initSystem.o
 .debug_macro   0x00001faf       0xb0 ./src/initSystem.o
 .debug_macro   0x0000205f       0x58 ./src/initSystem.o
 .debug_macro   0x000020b7       0x35 ./src/initSystem.o
 .debug_macro   0x000020ec       0x9c ./src/initSystem.o
 .debug_macro   0x00002188       0x52 ./src/initSystem.o
 .debug_macro   0x000021da       0x16 ./src/initSystem.o
 .debug_macro   0x000021f0       0x43 ./src/initSystem.o
 .debug_macro   0x00002233      0x180 ./src/initSystem.o
 .debug_macro   0x000023b3      0x27a ./src/initSystem.o
 .debug_macro   0x0000262d       0x10 ./src/initSystem.o
 .debug_macro   0x0000263d       0x35 ./src/initSystem.o
 .debug_macro   0x00002672       0x5d ./src/initSystem.o
 .debug_macro   0x000026cf      0x2c9 ./src/initSystem.o
 .debug_macro   0x00002998       0x2e ./src/initSystem.o
 .debug_macro   0x000029c6      0x142 ./src/system_LPC177x_8x.o
 .debug_macro   0x00002b08       0x28 ./src/system_LPC177x_8x.o
 .debug_macro   0x00002b30      0x1c4 ./src/taskCommandsHandler.o
 .debug_macro   0x00002cf4       0xc0 ./src/taskCommandsHandler.o
 .debug_macro   0x00002db4       0x8c ./src/taskCommandsHandler.o
 .debug_macro   0x00002e40      0x147 ./src/taskDataAcquisition.o
 .debug_macro   0x00002f87       0x4a ./src/taskDataAcquisition.o
 .debug_macro   0x00002fd1       0x1b ./src/taskDataLogger.o
 .debug_macro   0x00002fec      0x147 ./src/taskSendData.o
 .debug_macro   0x00003133       0x1b ./src/taskUpdateTimestamp.o
 .debug_macro   0x0000314e      0x1c2 ./FreeRTOS/Source/portable/MemMang/heap_4.o
 .debug_macro   0x00003310       0x16 ./FreeRTOS/Source/portable/MemMang/heap_4.o
 .debug_macro   0x00003326      0x10e ./FreeRTOS/Source/portable/MemMang/heap_4.o
 .debug_macro   0x00003434       0x86 ./FreeRTOS/Source/portable/MemMang/heap_4.o
 .debug_macro   0x000034ba       0x16 ./FreeRTOS/Source/portable/MemMang/heap_4.o
 .debug_macro   0x000034d0       0x29 ./FreeRTOS/Source/portable/MemMang/heap_4.o
 .debug_macro   0x000034f9      0x194 ./FreeRTOS/Source/portable/port.o
 .debug_macro   0x0000368d      0x19b ./FreeRTOS/Source/list.o
 .debug_macro   0x00003828      0x20d ./FreeRTOS/Source/queue.o
 .debug_macro   0x00003a35       0x16 ./FreeRTOS/Source/queue.o
 .debug_macro   0x00003a4b      0x249 ./FreeRTOS/Source/tasks.o
 .debug_macro   0x00003c94       0x91 ./FreeRTOS/Source/tasks.o
 .debug_macro   0x00003d25       0x16 ./FreeRTOS/Source/tasks.o
 .debug_macro   0x00003d3b       0xb3 ./Drivers/source/debug_frmwrk.o
 .debug_macro   0x00003dee       0x64 ./Drivers/source/debug_frmwrk.o
 .debug_macro   0x00003e52       0x76 ./Drivers/source/debug_frmwrk.o
 .debug_macro   0x00003ec8      0x3dd ./Drivers/source/debug_frmwrk.o
 .debug_macro   0x000042a5       0xb3 ./Drivers/source/lpc177x_8x_adc.o
 .debug_macro   0x00004358       0xbb ./Drivers/source/lpc177x_8x_adc.o
 .debug_macro   0x00004413      0x1dc ./Drivers/source/lpc177x_8x_adc.o
 .debug_macro   0x000045ef       0xb3 ./Drivers/source/lpc177x_8x_can.o
 .debug_macro   0x000046a2      0x451 ./Drivers/source/lpc177x_8x_can.o
 .debug_macro   0x00004af3       0xa4 ./Drivers/source/lpc177x_8x_clkpwr.o
 .debug_macro   0x00004b97       0xb3 ./Drivers/source/lpc177x_8x_crc.o
 .debug_macro   0x00004c4a       0x1c ./Drivers/source/lpc177x_8x_crc.o
 .debug_macro   0x00004c66       0xbc ./Drivers/source/lpc177x_8x_dac.o
 .debug_macro   0x00004d22       0x3a ./Drivers/source/lpc177x_8x_dac.o
 .debug_macro   0x00004d5c       0xb3 ./Drivers/source/lpc177x_8x_eeprom.o
 .debug_macro   0x00004e0f       0x82 ./Drivers/source/lpc177x_8x_eeprom.o
 .debug_macro   0x00004e91       0xc2 ./Drivers/source/lpc177x_8x_emc.o
 .debug_macro   0x00004f53       0x5e ./Drivers/source/lpc177x_8x_emc.o
 .debug_macro   0x00004fb1      0x1a0 ./Drivers/source/lpc177x_8x_emc.o
 .debug_macro   0x00005151       0x9b ./Drivers/source/lpc177x_8x_exti.o
 .debug_macro   0x000051ec       0x1c ./Drivers/source/lpc177x_8x_exti.o
 .debug_macro   0x00005208       0xb3 ./Drivers/source/lpc177x_8x_gpdma.o
 .debug_macro   0x000052bb      0x290 ./Drivers/source/lpc177x_8x_gpdma.o
 .debug_macro   0x0000554b       0x9b ./Drivers/source/lpc177x_8x_gpio.o
 .debug_macro   0x000055e6       0x58 ./Drivers/source/lpc177x_8x_gpio.o
 .debug_macro   0x0000563e       0xbc ./Drivers/source/lpc177x_8x_i2c.o
 .debug_macro   0x000056fa      0x16c ./Drivers/source/lpc177x_8x_i2c.o
 .debug_macro   0x00005866       0xb3 ./Drivers/source/lpc177x_8x_i2s.o
 .debug_macro   0x00005919      0x1cc ./Drivers/source/lpc177x_8x_i2s.o
 .debug_macro   0x00005ae5      0x1c8 ./Drivers/source/lpc177x_8x_mci.o
 .debug_macro   0x00005cad      0x1ec ./Drivers/source/lpc177x_8x_mci.o
 .debug_macro   0x00005e99       0xb3 ./Drivers/source/lpc177x_8x_mcpwm.o
 .debug_macro   0x00005f4c      0x133 ./Drivers/source/lpc177x_8x_mcpwm.o
 .debug_macro   0x0000607f       0x9c ./Drivers/source/lpc177x_8x_nvic.o
 .debug_macro   0x0000611b       0xf5 ./Drivers/source/lpc177x_8x_pinsel.o
 .debug_macro   0x00006210      0x3d7 ./Drivers/source/lpc177x_8x_pinsel.o
 .debug_macro   0x000065e7       0xb3 ./Drivers/source/lpc177x_8x_pwm.o
 .debug_macro   0x0000669a       0xbc ./Drivers/source/lpc177x_8x_pwm.o
 .debug_macro   0x00006756       0xb3 ./Drivers/source/lpc177x_8x_qei.o
 .debug_macro   0x00006809      0x3ac ./Drivers/source/lpc177x_8x_qei.o
 .debug_macro   0x00006bb5       0xb3 ./Drivers/source/lpc177x_8x_rtc.o
 .debug_macro   0x00006c68      0x18c ./Drivers/source/lpc177x_8x_rtc.o
 .debug_macro   0x00006df4       0xb3 ./Drivers/source/lpc177x_8x_ssp.o
 .debug_macro   0x00006ea7      0x24c ./Drivers/source/lpc177x_8x_ssp.o
 .debug_macro   0x000070f3       0xb3 ./Drivers/source/lpc177x_8x_systick.o
 .debug_macro   0x000071a6       0x46 ./Drivers/source/lpc177x_8x_systick.o
 .debug_macro   0x000071ec       0xbc ./Drivers/source/lpc177x_8x_timer.o
 .debug_macro   0x000072a8       0xb6 ./Drivers/source/lpc177x_8x_timer.o
 .debug_macro   0x0000735e       0xb3 ./Drivers/source/lpc177x_8x_uart.o
 .debug_macro   0x00007411       0xbc ./Drivers/source/lpc177x_8x_wwdt.o
 .debug_macro   0x000074cd       0xa6 ./Drivers/source/lpc177x_8x_wwdt.o
 .debug_macro   0x00007573      0x214 ./main.o
 .debug_macro   0x00007787       0x7f ./main.o

.stack          0x00080000        0x0
                0x00080000                _stack = .
 *(.stack)

.ARM.attributes
                0x00000000       0x29
 *(.ARM.attributes)
 .ARM.attributes
                0x00000000       0x1d /usr/bin/gcc-arm-none-eabi-4_9-2015q2/bin/../lib/gcc/arm-none-eabi/4.9.3/armv7-m/crti.o
 .ARM.attributes
                0x0000001d       0x2d /usr/bin/gcc-arm-none-eabi-4_9-2015q2/bin/../lib/gcc/arm-none-eabi/4.9.3/armv7-m/crtbegin.o
 .ARM.attributes
                0x0000004a       0x1b /usr/bin/gcc-arm-none-eabi-4_9-2015q2/bin/../lib/gcc/arm-none-eabi/4.9.3/../../../../arm-none-eabi/lib/armv7-m/crt0.o
 .ARM.attributes
                0x00000065       0x33 ./src/core_cm3.o
 .ARM.attributes
                0x00000098       0x33 ./src/initSystem.o
 .ARM.attributes
                0x000000cb       0x33 ./src/system_LPC177x_8x.o
 .ARM.attributes
                0x000000fe       0x33 ./src/taskCommandsHandler.o
 .ARM.attributes
                0x00000131       0x33 ./src/taskDataAcquisition.o
 .ARM.attributes
                0x00000164       0x33 ./src/taskDataLogger.o
 .ARM.attributes
                0x00000197       0x33 ./src/taskSendData.o
 .ARM.attributes
                0x000001ca       0x33 ./src/taskUpdateTimestamp.o
 .ARM.attributes
                0x000001fd       0x33 ./FreeRTOS/Source/portable/MemMang/heap_4.o
 .ARM.attributes
                0x00000230       0x33 ./FreeRTOS/Source/portable/port.o
 .ARM.attributes
                0x00000263       0x33 ./FreeRTOS/Source/list.o
 .ARM.attributes
                0x00000296       0x33 ./FreeRTOS/Source/queue.o
 .ARM.attributes
                0x000002c9       0x33 ./FreeRTOS/Source/tasks.o
 .ARM.attributes
                0x000002fc       0x33 ./Drivers/source/debug_frmwrk.o
 .ARM.attributes
                0x0000032f       0x33 ./Drivers/source/lpc177x_8x_adc.o
 .ARM.attributes
                0x00000362       0x33 ./Drivers/source/lpc177x_8x_can.o
 .ARM.attributes
                0x00000395       0x33 ./Drivers/source/lpc177x_8x_clkpwr.o
 .ARM.attributes
                0x000003c8       0x33 ./Drivers/source/lpc177x_8x_crc.o
 .ARM.attributes
                0x000003fb       0x33 ./Drivers/source/lpc177x_8x_dac.o
 .ARM.attributes
                0x0000042e       0x33 ./Drivers/source/lpc177x_8x_eeprom.o
 .ARM.attributes
                0x00000461       0x33 ./Drivers/source/lpc177x_8x_emc.o
 .ARM.attributes
                0x00000494       0x33 ./Drivers/source/lpc177x_8x_exti.o
 .ARM.attributes
                0x000004c7       0x33 ./Drivers/source/lpc177x_8x_gpdma.o
 .ARM.attributes
                0x000004fa       0x33 ./Drivers/source/lpc177x_8x_gpio.o
 .ARM.attributes
                0x0000052d       0x33 ./Drivers/source/lpc177x_8x_i2c.o
 .ARM.attributes
                0x00000560       0x33 ./Drivers/source/lpc177x_8x_i2s.o
 .ARM.attributes
                0x00000593       0x33 ./Drivers/source/lpc177x_8x_mci.o
 .ARM.attributes
                0x000005c6       0x33 ./Drivers/source/lpc177x_8x_mcpwm.o
 .ARM.attributes
                0x000005f9       0x33 ./Drivers/source/lpc177x_8x_nvic.o
 .ARM.attributes
                0x0000062c       0x33 ./Drivers/source/lpc177x_8x_pinsel.o
 .ARM.attributes
                0x0000065f       0x33 ./Drivers/source/lpc177x_8x_pwm.o
 .ARM.attributes
                0x00000692       0x33 ./Drivers/source/lpc177x_8x_qei.o
 .ARM.attributes
                0x000006c5       0x33 ./Drivers/source/lpc177x_8x_rtc.o
 .ARM.attributes
                0x000006f8       0x33 ./Drivers/source/lpc177x_8x_ssp.o
 .ARM.attributes
                0x0000072b       0x33 ./Drivers/source/lpc177x_8x_systick.o
 .ARM.attributes
                0x0000075e       0x33 ./Drivers/source/lpc177x_8x_timer.o
 .ARM.attributes
                0x00000791       0x33 ./Drivers/source/lpc177x_8x_uart.o
 .ARM.attributes
                0x000007c4       0x33 ./Drivers/source/lpc177x_8x_wwdt.o
 .ARM.attributes
                0x000007f7       0x33 ./main.o
 .ARM.attributes
                0x0000082a       0x1d /usr/bin/gcc-arm-none-eabi-4_9-2015q2/bin/../lib/gcc/arm-none-eabi/4.9.3/armv7-m/libgcc.a(_arm_addsubsf3.o)
 .ARM.attributes
                0x00000847       0x1d /usr/bin/gcc-arm-none-eabi-4_9-2015q2/bin/../lib/gcc/arm-none-eabi/4.9.3/armv7-m/libgcc.a(_arm_cmpsf2.o)
 .ARM.attributes
                0x00000864       0x1d /usr/bin/gcc-arm-none-eabi-4_9-2015q2/bin/../lib/gcc/arm-none-eabi/4.9.3/armv7-m/libgcc.a(_aeabi_uldivmod.o)
 .ARM.attributes
                0x00000881       0x2d /usr/bin/gcc-arm-none-eabi-4_9-2015q2/bin/../lib/gcc/arm-none-eabi/4.9.3/armv7-m/libgcc.a(bpabi.o)
 .ARM.attributes
                0x000008ae       0x1d /usr/bin/gcc-arm-none-eabi-4_9-2015q2/bin/../lib/gcc/arm-none-eabi/4.9.3/armv7-m/libgcc.a(_dvmd_tls.o)
 .ARM.attributes
                0x000008cb       0x2d /usr/bin/gcc-arm-none-eabi-4_9-2015q2/bin/../lib/gcc/arm-none-eabi/4.9.3/armv7-m/libgcc.a(_divdi3.o)
 .ARM.attributes
                0x000008f8       0x2d /usr/bin/gcc-arm-none-eabi-4_9-2015q2/bin/../lib/gcc/arm-none-eabi/4.9.3/armv7-m/libgcc.a(_udivdi3.o)
 .ARM.attributes
                0x00000925       0x2d /usr/bin/gcc-arm-none-eabi-4_9-2015q2/bin/../lib/gcc/arm-none-eabi/4.9.3/../../../../arm-none-eabi/lib/armv7-m/libg.a(lib_a-exit.o)
 .ARM.attributes
                0x00000952       0x2d /usr/bin/gcc-arm-none-eabi-4_9-2015q2/bin/../lib/gcc/arm-none-eabi/4.9.3/../../../../arm-none-eabi/lib/armv7-m/libg.a(lib_a-impure.o)
 .ARM.attributes
                0x0000097f       0x2d /usr/bin/gcc-arm-none-eabi-4_9-2015q2/bin/../lib/gcc/arm-none-eabi/4.9.3/../../../../arm-none-eabi/lib/armv7-m/libg.a(lib_a-init.o)
 .ARM.attributes
                0x000009ac       0x1b /usr/bin/gcc-arm-none-eabi-4_9-2015q2/bin/../lib/gcc/arm-none-eabi/4.9.3/../../../../arm-none-eabi/lib/armv7-m/libg.a(lib_a-memcpy.o)
 .ARM.attributes
                0x000009c7       0x2d /usr/bin/gcc-arm-none-eabi-4_9-2015q2/bin/../lib/gcc/arm-none-eabi/4.9.3/../../../../arm-none-eabi/lib/armv7-m/libg.a(lib_a-memset.o)
 .ARM.attributes
                0x000009f4       0x1b /usr/bin/gcc-arm-none-eabi-4_9-2015q2/bin/../lib/gcc/arm-none-eabi/4.9.3/../../../../arm-none-eabi/lib/armv7-m/libg.a(lib_a-strcmp.o)
 .ARM.attributes
                0x00000a0f       0x2d /usr/bin/gcc-arm-none-eabi-4_9-2015q2/bin/../lib/gcc/arm-none-eabi/4.9.3/../../../../arm-none-eabi/lib/armv7-m/libg.a(lib_a-strlen.o)
 .ARM.attributes
                0x00000a3c       0x2d /usr/bin/gcc-arm-none-eabi-4_9-2015q2/bin/../lib/gcc/arm-none-eabi/4.9.3/../../../../arm-none-eabi/lib/armv7-m/libg.a(lib_a-__call_atexit.o)
 .ARM.attributes
                0x00000a69       0x2d /usr/bin/gcc-arm-none-eabi-4_9-2015q2/bin/../lib/gcc/arm-none-eabi/4.9.3/../../../../arm-none-eabi/lib/armv7-m/libg.a(lib_a-atexit.o)
 .ARM.attributes
                0x00000a96       0x2d /usr/bin/gcc-arm-none-eabi-4_9-2015q2/bin/../lib/gcc/arm-none-eabi/4.9.3/../../../../arm-none-eabi/lib/armv7-m/libg.a(lib_a-fini.o)
 .ARM.attributes
                0x00000ac3       0x2d /usr/bin/gcc-arm-none-eabi-4_9-2015q2/bin/../lib/gcc/arm-none-eabi/4.9.3/../../../../arm-none-eabi/lib/armv7-m/libg.a(lib_a-__atexit.o)
 .ARM.attributes
                0x00000af0       0x2d /usr/bin/gcc-arm-none-eabi-4_9-2015q2/bin/../lib/gcc/arm-none-eabi/4.9.3/../../../../arm-none-eabi/lib/armv7-m/libnosys.a(_exit.o)
 .ARM.attributes
                0x00000b1d       0x2d /usr/bin/gcc-arm-none-eabi-4_9-2015q2/bin/../lib/gcc/arm-none-eabi/4.9.3/armv7-m/crtend.o
 .ARM.attributes
                0x00000b4a       0x1d /usr/bin/gcc-arm-none-eabi-4_9-2015q2/bin/../lib/gcc/arm-none-eabi/4.9.3/armv7-m/crtn.o
 *(.gnu.attributes)

.note.gnu.arm.ident
 *(.note.gnu.arm.ident)

/DISCARD/
 *(.note.GNU-stack)
 *(.gnu_debuglink)
 *(.gnu.lto_*)
OUTPUT(plug.elf elf32-littlearm)
