Archive member included because of file (symbol)

/usr/bin/gcc-arm-none-eabi-4_9-2015q2/bin/../lib/gcc/arm-none-eabi/4.9.3/armv7-m/libgcc.a(_arm_addsubsf3.o)
                              ./Drivers/source/lpc177x_8x_systick.o (__aeabi_ui2f)
/usr/bin/gcc-arm-none-eabi-4_9-2015q2/bin/../lib/gcc/arm-none-eabi/4.9.3/armv7-m/libgcc.a(_arm_cmpsf2.o)
                              ./Drivers/source/lpc177x_8x_systick.o (__aeabi_fcmpgt)
/usr/bin/gcc-arm-none-eabi-4_9-2015q2/bin/../lib/gcc/arm-none-eabi/4.9.3/armv7-m/libgcc.a(_aeabi_uldivmod.o)
                              ./Drivers/source/lpc177x_8x_pwm.o (__aeabi_uldivmod)
/usr/bin/gcc-arm-none-eabi-4_9-2015q2/bin/../lib/gcc/arm-none-eabi/4.9.3/armv7-m/libgcc.a(bpabi.o)
                              /usr/bin/gcc-arm-none-eabi-4_9-2015q2/bin/../lib/gcc/arm-none-eabi/4.9.3/armv7-m/libgcc.a(_aeabi_uldivmod.o) (__gnu_uldivmod_helper)
/usr/bin/gcc-arm-none-eabi-4_9-2015q2/bin/../lib/gcc/arm-none-eabi/4.9.3/armv7-m/libgcc.a(_dvmd_tls.o)
                              /usr/bin/gcc-arm-none-eabi-4_9-2015q2/bin/../lib/gcc/arm-none-eabi/4.9.3/armv7-m/libgcc.a(_aeabi_uldivmod.o) (__aeabi_ldiv0)
/usr/bin/gcc-arm-none-eabi-4_9-2015q2/bin/../lib/gcc/arm-none-eabi/4.9.3/armv7-m/libgcc.a(_divdi3.o)
                              /usr/bin/gcc-arm-none-eabi-4_9-2015q2/bin/../lib/gcc/arm-none-eabi/4.9.3/armv7-m/libgcc.a(bpabi.o) (__divdi3)
/usr/bin/gcc-arm-none-eabi-4_9-2015q2/bin/../lib/gcc/arm-none-eabi/4.9.3/armv7-m/libgcc.a(_udivdi3.o)
                              /usr/bin/gcc-arm-none-eabi-4_9-2015q2/bin/../lib/gcc/arm-none-eabi/4.9.3/armv7-m/libgcc.a(bpabi.o) (__udivdi3)
/usr/bin/gcc-arm-none-eabi-4_9-2015q2/bin/../lib/gcc/arm-none-eabi/4.9.3/../../../../arm-none-eabi/lib/armv7-m/libg.a(lib_a-exit.o)
                              /usr/bin/gcc-arm-none-eabi-4_9-2015q2/bin/../lib/gcc/arm-none-eabi/4.9.3/../../../../arm-none-eabi/lib/armv7-m/crt0.o (exit)
/usr/bin/gcc-arm-none-eabi-4_9-2015q2/bin/../lib/gcc/arm-none-eabi/4.9.3/../../../../arm-none-eabi/lib/armv7-m/libg.a(lib_a-impure.o)
                              /usr/bin/gcc-arm-none-eabi-4_9-2015q2/bin/../lib/gcc/arm-none-eabi/4.9.3/../../../../arm-none-eabi/lib/armv7-m/libg.a(lib_a-exit.o) (_global_impure_ptr)
/usr/bin/gcc-arm-none-eabi-4_9-2015q2/bin/../lib/gcc/arm-none-eabi/4.9.3/../../../../arm-none-eabi/lib/armv7-m/libg.a(lib_a-init.o)
                              /usr/bin/gcc-arm-none-eabi-4_9-2015q2/bin/../lib/gcc/arm-none-eabi/4.9.3/../../../../arm-none-eabi/lib/armv7-m/crt0.o (__libc_init_array)
/usr/bin/gcc-arm-none-eabi-4_9-2015q2/bin/../lib/gcc/arm-none-eabi/4.9.3/../../../../arm-none-eabi/lib/armv7-m/libg.a(lib_a-memcpy.o)
                              ./FreeRTOS/Source/queue.o (memcpy)
/usr/bin/gcc-arm-none-eabi-4_9-2015q2/bin/../lib/gcc/arm-none-eabi/4.9.3/../../../../arm-none-eabi/lib/armv7-m/libg.a(lib_a-memset.o)
                              /usr/bin/gcc-arm-none-eabi-4_9-2015q2/bin/../lib/gcc/arm-none-eabi/4.9.3/../../../../arm-none-eabi/lib/armv7-m/crt0.o (memset)
/usr/bin/gcc-arm-none-eabi-4_9-2015q2/bin/../lib/gcc/arm-none-eabi/4.9.3/../../../../arm-none-eabi/lib/armv7-m/libg.a(lib_a-strcmp.o)
                              ./src/commandsHandlerTask.o (strcmp)
/usr/bin/gcc-arm-none-eabi-4_9-2015q2/bin/../lib/gcc/arm-none-eabi/4.9.3/../../../../arm-none-eabi/lib/armv7-m/libg.a(lib_a-strlen.o)
                              ./src/taskDataAcquisition.o (strlen)
/usr/bin/gcc-arm-none-eabi-4_9-2015q2/bin/../lib/gcc/arm-none-eabi/4.9.3/../../../../arm-none-eabi/lib/armv7-m/libg.a(lib_a-__call_atexit.o)
                              /usr/bin/gcc-arm-none-eabi-4_9-2015q2/bin/../lib/gcc/arm-none-eabi/4.9.3/../../../../arm-none-eabi/lib/armv7-m/libg.a(lib_a-exit.o) (__call_exitprocs)
/usr/bin/gcc-arm-none-eabi-4_9-2015q2/bin/../lib/gcc/arm-none-eabi/4.9.3/../../../../arm-none-eabi/lib/armv7-m/libg.a(lib_a-atexit.o)
                              /usr/bin/gcc-arm-none-eabi-4_9-2015q2/bin/../lib/gcc/arm-none-eabi/4.9.3/../../../../arm-none-eabi/lib/armv7-m/libg.a(lib_a-__call_atexit.o) (atexit)
/usr/bin/gcc-arm-none-eabi-4_9-2015q2/bin/../lib/gcc/arm-none-eabi/4.9.3/../../../../arm-none-eabi/lib/armv7-m/libg.a(lib_a-fini.o)
                              /usr/bin/gcc-arm-none-eabi-4_9-2015q2/bin/../lib/gcc/arm-none-eabi/4.9.3/../../../../arm-none-eabi/lib/armv7-m/libg.a(lib_a-__call_atexit.o) (__libc_fini_array)
/usr/bin/gcc-arm-none-eabi-4_9-2015q2/bin/../lib/gcc/arm-none-eabi/4.9.3/../../../../arm-none-eabi/lib/armv7-m/libg.a(lib_a-__atexit.o)
                              /usr/bin/gcc-arm-none-eabi-4_9-2015q2/bin/../lib/gcc/arm-none-eabi/4.9.3/../../../../arm-none-eabi/lib/armv7-m/libg.a(lib_a-atexit.o) (__register_exitproc)
/usr/bin/gcc-arm-none-eabi-4_9-2015q2/bin/../lib/gcc/arm-none-eabi/4.9.3/../../../../arm-none-eabi/lib/armv7-m/libnosys.a(_exit.o)
[...]
Memory Configuration

Name             Origin             Length             Attributes
*default*        0x00000000         0xffffffff

Linker script and memory map

LOAD /usr/bin/gcc-arm-none-eabi-4_9-2015q2/bin/../lib/gcc/arm-none-eabi/4.9.3/armv7-m/crti.o
LOAD /usr/bin/gcc-arm-none-eabi-4_9-2015q2/bin/../lib/gcc/arm-none-eabi/4.9.3/armv7-m/crtbegin.o
LOAD /usr/bin/gcc-arm-none-eabi-4_9-2015q2/bin/../lib/gcc/arm-none-eabi/4.9.3/../../../../arm-none-eabi/lib/armv7-m/crt0.o
LOAD ./src/commandsHandlerTask.o
LOAD ./src/core_cm3.o
LOAD ./src/initSystem.o
LOAD ./src/sendDataTask.o
LOAD ./src/system_LPC177x_8x.o
LOAD ./src/taskDataAcquisition.o
LOAD ./src/taskDataLogger.o
LOAD ./src/taskUpdateTimestamp.o
LOAD ./FreeRTOS/Source/portable/MemMang/heap_4.o
LOAD ./FreeRTOS/Source/portable/port.o
LOAD ./FreeRTOS/Source/list.o
LOAD ./FreeRTOS/Source/queue.o
LOAD ./FreeRTOS/Source/tasks.o
LOAD ./Drivers/source/debug_frmwrk.o
LOAD ./Drivers/source/lpc177x_8x_adc.o
LOAD ./Drivers/source/lpc177x_8x_can.o
LOAD ./Drivers/source/lpc177x_8x_clkpwr.o
LOAD ./Drivers/source/lpc177x_8x_crc.o
LOAD ./Drivers/source/lpc177x_8x_dac.o
LOAD ./Drivers/source/lpc177x_8x_eeprom.o
LOAD ./Drivers/source/lpc177x_8x_emc.o
LOAD ./Drivers/source/lpc177x_8x_exti.o
LOAD ./Drivers/source/lpc177x_8x_gpdma.o
LOAD ./Drivers/source/lpc177x_8x_gpio.o
LOAD ./Drivers/source/lpc177x_8x_i2c.o
LOAD ./Drivers/source/lpc177x_8x_i2s.o
LOAD ./Drivers/source/lpc177x_8x_mci.o
LOAD ./Drivers/source/lpc177x_8x_mcpwm.o
LOAD ./Drivers/source/lpc177x_8x_nvic.o
LOAD ./Drivers/source/lpc177x_8x_pinsel.o
LOAD ./Drivers/source/lpc177x_8x_pwm.o
LOAD ./Drivers/source/lpc177x_8x_qei.o
LOAD ./Drivers/source/lpc177x_8x_rtc.o
LOAD ./Drivers/source/lpc177x_8x_ssp.o
LOAD ./Drivers/source/lpc177x_8x_systick.o
LOAD ./Drivers/source/lpc177x_8x_timer.o
LOAD ./Drivers/source/lpc177x_8x_uart.o
LOAD ./Drivers/source/lpc177x_8x_wwdt.o
LOAD ./main.o
START GROUP
LOAD /usr/bin/gcc-arm-none-eabi-4_9-2015q2/bin/../lib/gcc/arm-none-eabi/4.9.3/armv7-m/libgcc.a
LOAD /usr/bin/gcc-arm-none-eabi-4_9-2015q2/bin/../lib/gcc/arm-none-eabi/4.9.3/../../../../arm-none-eabi/lib/armv7-m/libg.a
LOAD /usr/bin/gcc-arm-none-eabi-4_9-2015q2/bin/../lib/gcc/arm-none-eabi/4.9.3/../../../../arm-none-eabi/lib/armv7-m/libc.a
END GROUP
START GROUP
LOAD /usr/bin/gcc-arm-none-eabi-4_9-2015q2/bin/../lib/gcc/arm-none-eabi/4.9.3/armv7-m/libgcc.a
LOAD /usr/bin/gcc-arm-none-eabi-4_9-2015q2/bin/../lib/gcc/arm-none-eabi/4.9.3/../../../../arm-none-eabi/lib/armv7-m/libc.a
LOAD /usr/bin/gcc-arm-none-eabi-4_9-2015q2/bin/../lib/gcc/arm-none-eabi/4.9.3/../../../../arm-none-eabi/lib/armv7-m/libnosys.a
END GROUP
LOAD /usr/bin/gcc-arm-none-eabi-4_9-2015q2/bin/../lib/gcc/arm-none-eabi/4.9.3/armv7-m/crtend.o
LOAD /usr/bin/gcc-arm-none-eabi-4_9-2015q2/bin/../lib/gcc/arm-none-eabi/4.9.3/armv7-m/crtn.o
                0x00008000                PROVIDE (__executable_start, 0x8000)
                0x00008000                . = 0x8000

.interp
 *(.interp)

.note.gnu.build-id
 *(.note.gnu.build-id)

.hash
 *(.hash)

.gnu.hash
 *(.gnu.hash)

.dynsym
 *(.dynsym)

.dynstr
 *(.dynstr)

.gnu.version
 *(.gnu.version)

.gnu.version_d
 *(.gnu.version_d)

.gnu.version_r
 *(.gnu.version_r)

.rel.dyn        0x00008000        0x0
 *(.rel.init)
 *(.rel.text .rel.text.* .rel.gnu.linkonce.t.*)
 *(.rel.fini)
 *(.rel.rodata .rel.rodata.* .rel.gnu.linkonce.r.*)
 *(.rel.data.rel.ro .rel.data.rel.ro.* .rel.gnu.linkonce.d.rel.ro.*)
 *(.rel.data .rel.data.* .rel.gnu.linkonce.d.*)
 *(.rel.tdata .rel.tdata.* .rel.gnu.linkonce.td.*)
 *(.rel.tbss .rel.tbss.* .rel.gnu.linkonce.tb.*)
 *(.rel.ctors)
 *(.rel.dtors)
 *(.rel.got)
 *(.rel.bss .rel.bss.* .rel.gnu.linkonce.b.*)
                0x00008000                PROVIDE (__rel_iplt_start, .)
 *(.rel.iplt)
 .rel.iplt      0x00000000        0x0 /usr/bin/gcc-arm-none-eabi-4_9-2015q2/bin/../lib/gcc/arm-none-eabi/4.9.3/armv7-m/crtbegin.o
                0x00008000                PROVIDE (__rel_iplt_end, .)

.rela.dyn       0x00008000        0x0
 *(.rela.init)
 *(.rela.text .rela.text.* .rela.gnu.linkonce.t.*)
 *(.rela.fini)
 *(.rela.rodata .rela.rodata.* .rela.gnu.linkonce.r.*)
 *(.rela.data .rela.data.* .rela.gnu.linkonce.d.*)
 *(.rela.tdata .rela.tdata.* .rela.gnu.linkonce.td.*)
 *(.rela.tbss .rela.tbss.* .rela.gnu.linkonce.tb.*)
 *(.rela.ctors)
 *(.rela.dtors)
 *(.rela.got)
 *(.rela.bss .rela.bss.* .rela.gnu.linkonce.b.*)
                0x00008000                PROVIDE (__rela_iplt_start, .)
 *(.rela.iplt)
                0x00008000                PROVIDE (__rela_iplt_end, .)

.rel.plt
 *(.rel.plt)

.rela.plt
 *(.rela.plt)

.init           0x00008000        0xc
 *(SORT(.init))
 .init          0x00008000        0x4 /usr/bin/gcc-arm-none-eabi-4_9-2015q2/bin/../lib/gcc/arm-none-eabi/4.9.3/armv7-m/crti.o
                0x00008000                _init
 .init          0x00008004        0x8 /usr/bin/gcc-arm-none-eabi-4_9-2015q2/bin/../lib/gcc/arm-none-eabi/4.9.3/armv7-m/crtn.o

.plt
 *(.plt)

.iplt           0x0000800c        0x0
 *(.iplt)
 .iplt          0x00000000        0x0 /usr/bin/gcc-arm-none-eabi-4_9-2015q2/bin/../lib/gcc/arm-none-eabi/4.9.3/armv7-m/crtbegin.o

.text           0x0000800c     0x2d78
 *(.text.unlikely .text.*_unlikely .text.unlikely.*)
 *(.text.exit .text.exit.*)
 .text.exit     0x0000800c       0x20 /usr/bin/gcc-arm-none-eabi-4_9-2015q2/bin/../lib/gcc/arm-none-eabi/4.9.3/../../../../arm-none-eabi/lib/armv7-m/libg.a(lib_a-exit.o)
                0x0000800c                exit
 *(.text.startup .text.startup.*)
 .text.startup.register_fini
                0x0000802c       0x14 /usr/bin/gcc-arm-none-eabi-4_9-2015q2/bin/../lib/gcc/arm-none-eabi/4.9.3/../../../../arm-none-eabi/lib/armv7-m/libg.a(lib_a-__call_atexit.o)
 *(.text.hot .text.hot.*)
 *(.text .stub .text.* .gnu.linkonce.t.*)
 .text          0x00008040       0x5c /usr/bin/gcc-arm-none-eabi-4_9-2015q2/bin/../lib/gcc/arm-none-eabi/4.9.3/armv7-m/crtbegin.o
 .text          0x0000809c       0x74 /usr/bin/gcc-arm-none-eabi-4_9-2015q2/bin/../lib/gcc/arm-none-eabi/4.9.3/../../../../arm-none-eabi/lib/armv7-m/crt0.o
                0x0000809c                _mainCRTStartup
                0x0000809c                _start
 .text.commandsHandlerTask
                0x00008110       0xdc ./src/commandsHandlerTask.o
                0x00008110                commandsHandlerTask
 .text.initSystemBasics
                0x000081ec       0x9c ./src/initSystem.o
                0x000081ec                initSystemBasics
 .text.sendDataTask
                0x00008288       0x9c ./src/sendDataTask.o
                0x00008288                sendDataTask
 .text.dataAcquisitionTask
                0x00008324       0x44 ./src/taskDataAcquisition.o
                0x00008324                dataAcquisitionTask
 .text.dataLoggerTask
                0x00008368        0xc ./src/taskDataLogger.o
                0x00008368                dataLoggerTask
 .text.updateTimestampTask
                0x00008374        0xc ./src/taskUpdateTimestamp.o
                0x00008374                updateTimestampTask
 .text.pvPortMalloc
                0x00008380      0x128 ./FreeRTOS/Source/portable/MemMang/heap_4.o
                0x00008380                pvPortMalloc
 .text.vPortFree
                0x000084a8       0x70 ./FreeRTOS/Source/portable/MemMang/heap_4.o
                0x000084a8                vPortFree
 .text.prvHeapInit
                0x00008518       0xc4 ./FreeRTOS/Source/portable/MemMang/heap_4.o
 .text.prvInsertBlockIntoFreeList
                0x000085dc       0xb0 ./FreeRTOS/Source/portable/MemMang/heap_4.o
 .text.pxPortInitialiseStack
                0x0000868c       0x58 ./FreeRTOS/Source/portable/port.o
                0x0000868c                pxPortInitialiseStack
 .text.prvTaskExitError
                0x000086e4        0xc ./FreeRTOS/Source/portable/port.o
 .text.prvPortStartFirstTask
                0x000086f0       0x20 ./FreeRTOS/Source/portable/port.o
 .text.xPortStartScheduler
                0x00008710       0x3c ./FreeRTOS/Source/portable/port.o
                0x00008710                xPortStartScheduler
 .text.vPortYield
                0x0000874c       0x20 ./FreeRTOS/Source/portable/port.o
                0x0000874c                vPortYield
 .text.vPortEnterCritical
                0x0000876c       0x20 ./FreeRTOS/Source/portable/port.o
                0x0000876c                vPortEnterCritical
 .text.vPortExitCritical
                0x0000878c       0x24 ./FreeRTOS/Source/portable/port.o
                0x0000878c                vPortExitCritical
 .text.ulPortSetInterruptMask
                0x000087b0       0x14 ./FreeRTOS/Source/portable/port.o
                0x000087b0                ulPortSetInterruptMask
 .text.vPortClearInterruptMask
                0x000087c4        0x8 ./FreeRTOS/Source/portable/port.o
                0x000087c4                vPortClearInterruptMask
 .text.vPortSetupTimerInterrupt
                0x000087cc       0x34 ./FreeRTOS/Source/portable/port.o
                0x000087cc                vPortSetupTimerInterrupt
 .text.vListInitialise
                0x00008800       0x40 ./FreeRTOS/Source/list.o
                0x00008800                vListInitialise
 .text.vListInitialiseItem
                0x00008840       0x18 ./FreeRTOS/Source/list.o
                0x00008840                vListInitialiseItem
 .text.vListInsertEnd
                0x00008858       0x48 ./FreeRTOS/Source/list.o
                0x00008858                vListInsertEnd
 .text.vListInsert
                0x000088a0       0x70 ./FreeRTOS/Source/list.o
                0x000088a0                vListInsert
 .text.uxListRemove
                0x00008910       0x54 ./FreeRTOS/Source/list.o
                0x00008910                uxListRemove
 .text.xQueueGenericReset
                0x00008964       0xa4 ./FreeRTOS/Source/queue.o
                0x00008964                xQueueGenericReset
 .text.xQueueGenericCreate
                0x00008a08       0x7c ./FreeRTOS/Source/queue.o
                0x00008a08                xQueueGenericCreate
 .text.xQueueGenericSend
                0x00008a84      0x124 ./FreeRTOS/Source/queue.o
                0x00008a84                xQueueGenericSend
 .text.xQueueGenericReceive
                0x00008ba8      0x170 ./FreeRTOS/Source/queue.o
                0x00008ba8                xQueueGenericReceive
 .text.uxQueueMessagesWaiting
                0x00008d18       0x20 ./FreeRTOS/Source/queue.o
                0x00008d18                uxQueueMessagesWaiting
 .text.prvCopyDataToQueue
                0x00008d38       0xdc ./FreeRTOS/Source/queue.o
 .text.prvCopyDataFromQueue
                0x00008e14       0x4c ./FreeRTOS/Source/queue.o
 .text.prvUnlockQueue
                0x00008e60       0x98 ./FreeRTOS/Source/queue.o
 .text.prvIsQueueEmpty
                0x00008ef8       0x2c ./FreeRTOS/Source/queue.o
 .text.prvIsQueueFull
                0x00008f24       0x30 ./FreeRTOS/Source/queue.o
 .text.xTaskGenericCreate
                0x00008f54      0x138 ./FreeRTOS/Source/tasks.o
                0x00008f54                xTaskGenericCreate
 .text.vTaskDelay
                0x0000908c       0x74 ./FreeRTOS/Source/tasks.o
                0x0000908c                vTaskDelay
 .text.vTaskStartScheduler
                0x00009100       0x54 ./FreeRTOS/Source/tasks.o
                0x00009100                vTaskStartScheduler
 .text.vTaskSuspendAll
                0x00009154       0x1c ./FreeRTOS/Source/tasks.o
                0x00009154                vTaskSuspendAll
 .text.xTaskResumeAll
                0x00009170      0x100 ./FreeRTOS/Source/tasks.o
                0x00009170                xTaskResumeAll
 .text.xTaskIncrementTick
                0x00009270      0x160 ./FreeRTOS/Source/tasks.o
                0x00009270                xTaskIncrementTick
 .text.vTaskPlaceOnEventList
                0x000093d0       0x80 ./FreeRTOS/Source/tasks.o
                0x000093d0                vTaskPlaceOnEventList
 .text.xTaskRemoveFromEventList
                0x00009450       0xac ./FreeRTOS/Source/tasks.o
                0x00009450                xTaskRemoveFromEventList
 .text.vTaskSetTimeOutState
                0x000094fc       0x2c ./FreeRTOS/Source/tasks.o
                0x000094fc                vTaskSetTimeOutState
 .text.xTaskCheckForTimeOut
                0x00009528       0x88 ./FreeRTOS/Source/tasks.o
                0x00009528                xTaskCheckForTimeOut
 .text.vTaskMissedYield
                0x000095b0       0x18 ./FreeRTOS/Source/tasks.o
                0x000095b0                vTaskMissedYield
 .text.prvIdleTask
                0x000095c8       0x10 ./FreeRTOS/Source/tasks.o
 .text.prvInitialiseTCBVariables
                0x000095d8       0xa4 ./FreeRTOS/Source/tasks.o
 .text.prvInitialiseTaskLists
                0x0000967c       0x7c ./FreeRTOS/Source/tasks.o
 .text.prvCheckTasksWaitingTermination
                0x000096f8       0x74 ./FreeRTOS/Source/tasks.o
 .text.prvAddCurrentTaskToDelayedList
                0x0000976c       0x6c ./FreeRTOS/Source/tasks.o
 .text.prvAllocateTCBAndStack
                0x000097d8       0x58 ./FreeRTOS/Source/tasks.o
 .text.prvDeleteTCB
                0x00009830       0x20 ./FreeRTOS/Source/tasks.o
 .text.prvResetNextTaskUnblockTime
                0x00009850       0x48 ./FreeRTOS/Source/tasks.o
 .text.vTaskPriorityInherit
                0x00009898       0xf0 ./FreeRTOS/Source/tasks.o
                0x00009898                vTaskPriorityInherit
 .text.xTaskPriorityDisinherit
                0x00009988       0xcc ./FreeRTOS/Source/tasks.o
                0x00009988                xTaskPriorityDisinherit
 .text.pvTaskIncrementMutexHeldCount
                0x00009a54       0x28 ./FreeRTOS/Source/tasks.o
                0x00009a54                pvTaskIncrementMutexHeldCount
 .text.CLKPWR_GetCLK
                0x00009a7c       0x60 ./Drivers/source/lpc177x_8x_clkpwr.o
                0x00009a7c                CLKPWR_GetCLK
 .text.CLKPWR_ConfigPPWR
                0x00009adc       0x4c ./Drivers/source/lpc177x_8x_clkpwr.o
                0x00009adc                CLKPWR_ConfigPPWR
 .text.uart_set_divisors
                0x00009b28      0x260 ./Drivers/source/lpc177x_8x_uart.o
 .text.UART_Init
                0x00009d88      0x1d8 ./Drivers/source/lpc177x_8x_uart.o
                0x00009d88                UART_Init
 .text.UART_SendByte
                0x00009f60       0x30 ./Drivers/source/lpc177x_8x_uart.o
                0x00009f60                UART_SendByte
 .text.UART_Send
                0x00009f90       0xf0 ./Drivers/source/lpc177x_8x_uart.o
                0x00009f90                UART_Send
 .text.UART_IntConfig
                0x0000a080       0xd0 ./Drivers/source/lpc177x_8x_uart.o
                0x0000a080                UART_IntConfig
 .text.main     0x0000a150       0xe0 ./main.o
                0x0000a150                main
 .text          0x0000a230       0x30 /usr/bin/gcc-arm-none-eabi-4_9-2015q2/bin/../lib/gcc/arm-none-eabi/4.9.3/armv7-m/libgcc.a(_aeabi_uldivmod.o)
                0x0000a230                __aeabi_uldivmod
 .text          0x0000a260       0x60 /usr/bin/gcc-arm-none-eabi-4_9-2015q2/bin/../lib/gcc/arm-none-eabi/4.9.3/armv7-m/libgcc.a(bpabi.o)
                0x0000a260                __gnu_ldivmod_helper
                0x0000a290                __gnu_uldivmod_helper
 .text          0x0000a2c0        0x4 /usr/bin/gcc-arm-none-eabi-4_9-2015q2/bin/../lib/gcc/arm-none-eabi/4.9.3/armv7-m/libgcc.a(_dvmd_tls.o)
                0x0000a2c0                __aeabi_ldiv0
                0x0000a2c0                __aeabi_idiv0
 .text          0x0000a2c4      0x2ac /usr/bin/gcc-arm-none-eabi-4_9-2015q2/bin/../lib/gcc/arm-none-eabi/4.9.3/armv7-m/libgcc.a(_divdi3.o)
                0x0000a2c4                __divdi3
 .text          0x0000a570      0x270 /usr/bin/gcc-arm-none-eabi-4_9-2015q2/bin/../lib/gcc/arm-none-eabi/4.9.3/armv7-m/libgcc.a(_udivdi3.o)
                0x0000a570                __udivdi3
 .text.__libc_init_array
                0x0000a7e0       0x50 /usr/bin/gcc-arm-none-eabi-4_9-2015q2/bin/../lib/gcc/arm-none-eabi/4.9.3/../../../../arm-none-eabi/lib/armv7-m/libg.a(lib_a-init.o)
                0x0000a7e0                __libc_init_array
 .text          0x0000a830       0xec /usr/bin/gcc-arm-none-eabi-4_9-2015q2/bin/../lib/gcc/arm-none-eabi/4.9.3/../../../../arm-none-eabi/lib/armv7-m/libg.a(lib_a-memcpy.o)
                0x0000a830                memcpy
 .text.memset   0x0000a91c       0x9c /usr/bin/gcc-arm-none-eabi-4_9-2015q2/bin/../lib/gcc/arm-none-eabi/4.9.3/../../../../arm-none-eabi/lib/armv7-m/libg.a(lib_a-memset.o)
                0x0000a91c                memset
 .text          0x0000a9b8      0x1bc /usr/bin/gcc-arm-none-eabi-4_9-2015q2/bin/../lib/gcc/arm-none-eabi/4.9.3/../../../../arm-none-eabi/lib/armv7-m/libg.a(lib_a-strcmp.o)
                0x0000a9b8                strcmp
 .text.strlen   0x0000ab74       0x5c /usr/bin/gcc-arm-none-eabi-4_9-2015q2/bin/../lib/gcc/arm-none-eabi/4.9.3/../../../../arm-none-eabi/lib/armv7-m/libg.a(lib_a-strlen.o)
                0x0000ab74                strlen
 .text.__call_exitprocs
                0x0000abd0       0xd4 /usr/bin/gcc-arm-none-eabi-4_9-2015q2/bin/../lib/gcc/arm-none-eabi/4.9.3/../../../../arm-none-eabi/lib/armv7-m/libg.a(lib_a-__call_atexit.o)
                0x0000abd0                __call_exitprocs
 .text.atexit   0x0000aca4        0xc /usr/bin/gcc-arm-none-eabi-4_9-2015q2/bin/../lib/gcc/arm-none-eabi/4.9.3/../../../../arm-none-eabi/lib/armv7-m/libg.a(lib_a-atexit.o)
                0x0000aca4                atexit
 .text.__libc_fini_array
                0x0000acb0       0x2c /usr/bin/gcc-arm-none-eabi-4_9-2015q2/bin/../lib/gcc/arm-none-eabi/4.9.3/../../../../arm-none-eabi/lib/armv7-m/libg.a(lib_a-fini.o)
                0x0000acb0                __libc_fini_array
 .text.__register_exitproc
                0x0000acdc       0xa4 /usr/bin/gcc-arm-none-eabi-4_9-2015q2/bin/../lib/gcc/arm-none-eabi/4.9.3/../../../../arm-none-eabi/lib/armv7-m/libg.a(lib_a-__atexit.o)
                0x0000acdc                __register_exitproc
 .text._exit    0x0000ad80        0x4 /usr/bin/gcc-arm-none-eabi-4_9-2015q2/bin/../lib/gcc/arm-none-eabi/4.9.3/../../../../arm-none-eabi/lib/armv7-m/libnosys.a(_exit.o)
                0x0000ad80                _exit
 *(.gnu.warning)
 *(.glue_7t)
 .glue_7t       0x00000000        0x0 linker stubs
 *(.glue_7)
 .glue_7        0x00000000        0x0 linker stubs
 *(.vfp11_veneer)
 .vfp11_veneer  0x00000000        0x0 linker stubs
 *(.v4_bx)
 .v4_bx         0x00000000        0x0 linker stubs

.fini           0x0000ad84        0xc
 *(SORT(.fini))
 .fini          0x0000ad84        0x4 /usr/bin/gcc-arm-none-eabi-4_9-2015q2/bin/../lib/gcc/arm-none-eabi/4.9.3/armv7-m/crti.o
                0x0000ad84                _fini
 .fini          0x0000ad88        0x8 /usr/bin/gcc-arm-none-eabi-4_9-2015q2/bin/../lib/gcc/arm-none-eabi/4.9.3/armv7-m/crtn.o
                0x0000ad90                PROVIDE (__etext, .)
                0x0000ad90                PROVIDE (_etext, .)
                0x0000ad90                PROVIDE (etext, .)

.rodata         0x0000ad90      0x104
 *(.rodata .rodata.* .gnu.linkonce.r.*)
 .rodata        0x0000ad90       0x5a ./src/commandsHandlerTask.o
 *fill*         0x0000adea        0x2 
 .rodata        0x0000adec       0x17 ./src/initSystem.o
 *fill*         0x0000ae03        0x1 
 .rodata        0x0000ae04       0x1f ./src/sendDataTask.o
 *fill*         0x0000ae23        0x1 
 .rodata        0x0000ae24       0x16 ./src/taskDataAcquisition.o
 *fill*         0x0000ae3a        0x2 
 .rodata        0x0000ae3c        0x5 ./FreeRTOS/Source/tasks.o
 *fill*         0x0000ae41        0x3 
 .rodata        0x0000ae44       0x48 ./main.o
 .rodata.str1.4
                0x0000ae8c        0x4 /usr/bin/gcc-arm-none-eabi-4_9-2015q2/bin/../lib/gcc/arm-none-eabi/4.9.3/../../../../arm-none-eabi/lib/armv7-m/libg.a(lib_a-impure.o)
                                  0x2 (size before relaxing)
 .rodata._global_impure_ptr
                0x0000ae90        0x4 /usr/bin/gcc-arm-none-eabi-4_9-2015q2/bin/../lib/gcc/arm-none-eabi/4.9.3/../../../../arm-none-eabi/lib/armv7-m/libg.a(lib_a-impure.o)
                0x0000ae90                _global_impure_ptr

.rodata1
 *(.rodata1)

.ARM.extab
 *(.ARM.extab* .gnu.linkonce.armextab.*)
                0x0000ae94                PROVIDE (__exidx_start, .)

.ARM.exidx      0x0000ae94        0x8
 *(.ARM.exidx* .gnu.linkonce.armexidx.*)
 .ARM.exidx     0x0000ae94        0x8 /usr/bin/gcc-arm-none-eabi-4_9-2015q2/bin/../lib/gcc/arm-none-eabi/4.9.3/../../../../arm-none-eabi/lib/armv7-m/crt0.o
 .ARM.exidx     0x0000ae9c        0x0 /usr/bin/gcc-arm-none-eabi-4_9-2015q2/bin/../lib/gcc/arm-none-eabi/4.9.3/armv7-m/libgcc.a(_divdi3.o)
                                  0x8 (size before relaxing)
 .ARM.exidx     0x0000ae9c        0x0 /usr/bin/gcc-arm-none-eabi-4_9-2015q2/bin/../lib/gcc/arm-none-eabi/4.9.3/armv7-m/libgcc.a(_udivdi3.o)
                                  0x8 (size before relaxing)
                0x0000ae9c                PROVIDE (__exidx_end, .)

.eh_frame_hdr
 *(.eh_frame_hdr)

.eh_frame       0x0000ae9c       0x3c
 *(.eh_frame)
 .eh_frame      0x0000ae9c        0x0 /usr/bin/gcc-arm-none-eabi-4_9-2015q2/bin/../lib/gcc/arm-none-eabi/4.9.3/armv7-m/crtbegin.o
 .eh_frame      0x0000ae9c       0x38 /usr/bin/gcc-arm-none-eabi-4_9-2015q2/bin/../lib/gcc/arm-none-eabi/4.9.3/../../../../arm-none-eabi/lib/armv7-m/libg.a(lib_a-strcmp.o)
 .eh_frame      0x0000aed4        0x4 /usr/bin/gcc-arm-none-eabi-4_9-2015q2/bin/../lib/gcc/arm-none-eabi/4.9.3/armv7-m/crtend.o

.gcc_except_table
 *(.gcc_except_table .gcc_except_table.*)

.exception_ranges
 *(.exception_ranges .exception_ranges*)
                0x00012ed8                . = (ALIGN (0x8000) + (. & 0x7fff))

.eh_frame
 *(.eh_frame)

.gcc_except_table
 *(.gcc_except_table .gcc_except_table.*)

.exception_ranges
 *(.exception_ranges .exception_ranges*)

.tdata
 *(.tdata .tdata.* .gnu.linkonce.td.*)

.tbss
 *(.tbss .tbss.* .gnu.linkonce.tb.*)
 *(.tcommon)

.preinit_array  0x00012ed8        0x0
                0x00012ed8                PROVIDE (__preinit_array_start, .)
 *(.preinit_array)
                0x00012ed8                PROVIDE (__preinit_array_end, .)

.init_array     0x00012ed8        0x8
                0x00012ed8                PROVIDE (__init_array_start, .)
 *(SORT(.init_array.*))
 .init_array.00000
                0x00012ed8        0x4 /usr/bin/gcc-arm-none-eabi-4_9-2015q2/bin/../lib/gcc/arm-none-eabi/4.9.3/../../../../arm-none-eabi/lib/armv7-m/libg.a(lib_a-__call_atexit.o)
 *(.init_array)
 .init_array    0x00012edc        0x4 /usr/bin/gcc-arm-none-eabi-4_9-2015q2/bin/../lib/gcc/arm-none-eabi/4.9.3/armv7-m/crtbegin.o
                0x00012ee0                PROVIDE (__init_array_end, .)

.fini_array     0x00012ee0        0x4
                0x00012ee0                PROVIDE (__fini_array_start, .)
 *(SORT(.fini_array.*))
 *(.fini_array)
 .fini_array    0x00012ee0        0x4 /usr/bin/gcc-arm-none-eabi-4_9-2015q2/bin/../lib/gcc/arm-none-eabi/4.9.3/armv7-m/crtbegin.o
                0x00012ee4                PROVIDE (__fini_array_end, .)

.ctors
 *crtbegin.o(.ctors)
 *crtbegin?.o(.ctors)
 *(EXCLUDE_FILE(*crtend?.o *crtend.o) .ctors)
 *(SORT(.ctors.*))
 *(.ctors)

.dtors
 *crtbegin.o(.dtors)
 *crtbegin?.o(.dtors)
 *(EXCLUDE_FILE(*crtend?.o *crtend.o) .dtors)
 *(SORT(.dtors.*))
 *(.dtors)

.jcr            0x00012ee4        0x4
 *(.jcr)
 .jcr           0x00012ee4        0x0 /usr/bin/gcc-arm-none-eabi-4_9-2015q2/bin/../lib/gcc/arm-none-eabi/4.9.3/armv7-m/crtbegin.o
 .jcr           0x00012ee4        0x4 /usr/bin/gcc-arm-none-eabi-4_9-2015q2/bin/../lib/gcc/arm-none-eabi/4.9.3/armv7-m/crtend.o

.data.rel.ro
 *(.data.rel.ro.local* .gnu.linkonce.d.rel.ro.local.*)
 *(.data.rel.ro .data.rel.ro.* .gnu.linkonce.d.rel.ro.*)

.dynamic
 *(.dynamic)

.got            0x00012ee8        0x0
 *(.got.plt)
 *(.igot.plt)
 .igot.plt      0x00000000        0x0 /usr/bin/gcc-arm-none-eabi-4_9-2015q2/bin/../lib/gcc/arm-none-eabi/4.9.3/armv7-m/crtbegin.o
 *(.got)
 *(.igot)

.data           0x00012ee8      0x440
                0x00012ee8                __data_start = .
 *(.data .data.* .gnu.linkonce.d.*)
 .data.SystemCoreClock
                0x00012ee8        0x4 ./src/system_LPC177x_8x.o
                0x00012ee8                SystemCoreClock
 .data.PeripheralClock
                0x00012eec        0x4 ./src/system_LPC177x_8x.o
                0x00012eec                PeripheralClock
 .data.EMCClock
                0x00012ef0        0x4 ./src/system_LPC177x_8x.o
                0x00012ef0                EMCClock
 .data.USBClock
                0x00012ef4        0x4 ./src/system_LPC177x_8x.o
                0x00012ef4                USBClock
 .data.uxCriticalNesting
                0x00012ef8        0x4 ./FreeRTOS/Source/portable/port.o
 .data.xNextTaskUnblockTime
                0x00012efc        0x4 ./FreeRTOS/Source/tasks.o
 .data.impure_data
                0x00012f00      0x428 /usr/bin/gcc-arm-none-eabi-4_9-2015q2/bin/../lib/gcc/arm-none-eabi/4.9.3/../../../../arm-none-eabi/lib/armv7-m/libg.a(lib_a-impure.o)

.data1
 *(.data1)
                0x00013328                _edata = .
                0x00013328                PROVIDE (edata, .)
                0x00013328                . = .
                0x00013328                __bss_start = .
                0x00013328                __bss_start__ = .

.bss            0x00013328      0x938
 *(.dynbss)
 *(.bss .bss.* .gnu.linkonce.b.*)
 .bss           0x00013328       0x1c /usr/bin/gcc-arm-none-eabi-4_9-2015q2/bin/../lib/gcc/arm-none-eabi/4.9.3/armv7-m/crtbegin.o
 .bss.ucHeap    0x00013344      0x800 ./FreeRTOS/Source/portable/MemMang/heap_4.o
 .bss.xStart    0x00013b44        0x8 ./FreeRTOS/Source/portable/MemMang/heap_4.o
 .bss.pxEnd     0x00013b4c        0x4 ./FreeRTOS/Source/portable/MemMang/heap_4.o
 .bss.xFreeBytesRemaining
                0x00013b50        0x4 ./FreeRTOS/Source/portable/MemMang/heap_4.o
 .bss.xMinimumEverFreeBytesRemaining
                0x00013b54        0x4 ./FreeRTOS/Source/portable/MemMang/heap_4.o
 .bss.xBlockAllocatedBit
                0x00013b58        0x4 ./FreeRTOS/Source/portable/MemMang/heap_4.o
 .bss.pxCurrentTCB
                0x00013b5c        0x4 ./FreeRTOS/Source/tasks.o
                0x00013b5c                pxCurrentTCB
 .bss.pxReadyTasksLists
                0x00013b60       0x64 ./FreeRTOS/Source/tasks.o
 .bss.xDelayedTaskList1
                0x00013bc4       0x14 ./FreeRTOS/Source/tasks.o
 .bss.xDelayedTaskList2
                0x00013bd8       0x14 ./FreeRTOS/Source/tasks.o
 .bss.pxDelayedTaskList
                0x00013bec        0x4 ./FreeRTOS/Source/tasks.o
 .bss.pxOverflowDelayedTaskList
                0x00013bf0        0x4 ./FreeRTOS/Source/tasks.o
 .bss.xPendingReadyList
                0x00013bf4       0x14 ./FreeRTOS/Source/tasks.o
 .bss.xTasksWaitingTermination
                0x00013c08       0x14 ./FreeRTOS/Source/tasks.o
 .bss.uxTasksDeleted
                0x00013c1c        0x4 ./FreeRTOS/Source/tasks.o
 .bss.xSuspendedTaskList
                0x00013c20       0x14 ./FreeRTOS/Source/tasks.o
 .bss.uxCurrentNumberOfTasks
                0x00013c34        0x4 ./FreeRTOS/Source/tasks.o
 .bss.xTickCount
                0x00013c38        0x4 ./FreeRTOS/Source/tasks.o
 .bss.uxTopReadyPriority
                0x00013c3c        0x4 ./FreeRTOS/Source/tasks.o
 .bss.xSchedulerRunning
                0x00013c40        0x4 ./FreeRTOS/Source/tasks.o
 .bss.uxPendedTicks
                0x00013c44        0x4 ./FreeRTOS/Source/tasks.o
 .bss.xYieldPending
                0x00013c48        0x4 ./FreeRTOS/Source/tasks.o
 .bss.xNumOfOverflows
                0x00013c4c        0x4 ./FreeRTOS/Source/tasks.o
 .bss.uxTaskNumber
                0x00013c50        0x4 ./FreeRTOS/Source/tasks.o
 .bss.uxSchedulerSuspended
                0x00013c54        0x4 ./FreeRTOS/Source/tasks.o
 *(COMMON)
 COMMON         0x00013c58        0x8 ./main.o
                0x00013c58                xQueueOutput
                0x00013c5c                xQueueInput
                0x00013c60                . = ALIGN ((. != 0x0)?0x4:0x1)
                0x00013c60                _bss_end__ = .
                0x00013c60                __bss_end__ = .
                0x00013c60                . = ALIGN (0x4)
                0x00013c60                . = SEGMENT_START ("ldata-segment", .)
                0x00013c60                . = ALIGN (0x4)
                0x00013c60                __end__ = .
                0x00013c60                _end = .
                0x00013c60                PROVIDE (end, .)

.stab
 *(.stab)

.stabstr
 *(.stabstr)

.stab.excl
 *(.stab.excl)

.stab.exclstr
 *(.stab.exclstr)

.stab.index
 *(.stab.index)

.stab.indexstr
 *(.stab.indexstr)

.comment        0x00000000       0x70
 *(.comment)
 .comment       0x00000000       0x70 ./src/commandsHandlerTask.o
                                 0x71 (size before relaxing)
 .comment       0x00000000       0x71 ./src/core_cm3.o
 .comment       0x00000000       0x71 ./src/initSystem.o
 .comment       0x00000000       0x71 ./src/sendDataTask.o
 .comment       0x00000000       0x71 ./src/system_LPC177x_8x.o
 .comment       0x00000000       0x71 ./src/taskDataAcquisition.o
 .comment       0x00000000       0x71 ./src/taskDataLogger.o
 .comment       0x00000000       0x71 ./src/taskUpdateTimestamp.o
 .comment       0x00000000       0x71 ./FreeRTOS/Source/portable/MemMang/heap_4.o
 .comment       0x00000000       0x71 ./FreeRTOS/Source/portable/port.o
 .comment       0x00000000       0x71 ./FreeRTOS/Source/list.o
 .comment       0x00000000       0x71 ./FreeRTOS/Source/queue.o
 .comment       0x00000000       0x71 ./FreeRTOS/Source/tasks.o
 .comment       0x00000000       0x71 ./Drivers/source/debug_frmwrk.o
 .comment       0x00000000       0x71 ./Drivers/source/lpc177x_8x_adc.o
 .comment       0x00000000       0x71 ./Drivers/source/lpc177x_8x_can.o
 .comment       0x00000000       0x71 ./Drivers/source/lpc177x_8x_clkpwr.o
 .comment       0x00000000       0x71 ./Drivers/source/lpc177x_8x_crc.o
 .comment       0x00000000       0x71 ./Drivers/source/lpc177x_8x_dac.o
 .comment       0x00000000       0x71 ./Drivers/source/lpc177x_8x_eeprom.o
 .comment       0x00000000       0x71 ./Drivers/source/lpc177x_8x_emc.o
 .comment       0x00000000       0x71 ./Drivers/source/lpc177x_8x_exti.o
 .comment       0x00000000       0x71 ./Drivers/source/lpc177x_8x_gpdma.o
 .comment       0x00000000       0x71 ./Drivers/source/lpc177x_8x_gpio.o
 .comment       0x00000000       0x71 ./Drivers/source/lpc177x_8x_i2c.o
 .comment       0x00000000       0x71 ./Drivers/source/lpc177x_8x_i2s.o
 .comment       0x00000000       0x71 ./Drivers/source/lpc177x_8x_mci.o
 .comment       0x00000000       0x71 ./Drivers/source/lpc177x_8x_mcpwm.o
 .comment       0x00000000       0x71 ./Drivers/source/lpc177x_8x_nvic.o
 .comment       0x00000000       0x71 ./Drivers/source/lpc177x_8x_pinsel.o
 .comment       0x00000000       0x71 ./Drivers/source/lpc177x_8x_pwm.o
 .comment       0x00000000       0x71 ./Drivers/source/lpc177x_8x_qei.o
 .comment       0x00000000       0x71 ./Drivers/source/lpc177x_8x_rtc.o
 .comment       0x00000000       0x71 ./Drivers/source/lpc177x_8x_ssp.o
 .comment       0x00000000       0x71 ./Drivers/source/lpc177x_8x_systick.o
 .comment       0x00000000       0x71 ./Drivers/source/lpc177x_8x_timer.o
 .comment       0x00000000       0x71 ./Drivers/source/lpc177x_8x_uart.o
 .comment       0x00000000       0x71 ./Drivers/source/lpc177x_8x_wwdt.o
 .comment       0x00000000       0x71 ./main.o

.debug
 *(.debug)

.line
 *(.line)

.debug_srcinfo
 *(.debug_srcinfo)

.debug_sfnames
 *(.debug_sfnames)

.debug_aranges  0x00000000     0x1350
 *(.debug_aranges)
 .debug_aranges
                0x00000000       0x28 ./src/commandsHandlerTask.o
 .debug_aranges
                0x00000028       0x18 ./src/core_cm3.o
 .debug_aranges
                0x00000040       0x20 ./src/initSystem.o
 .debug_aranges
                0x00000060       0x20 ./src/sendDataTask.o
 .debug_aranges
                0x00000080       0x28 ./src/system_LPC177x_8x.o
 .debug_aranges
                0x000000a8       0x20 ./src/taskDataAcquisition.o
 .debug_aranges
                0x000000c8       0x20 ./src/taskDataLogger.o
 .debug_aranges
                0x000000e8       0x20 ./src/taskUpdateTimestamp.o
 .debug_aranges
                0x00000108       0x50 ./FreeRTOS/Source/portable/MemMang/heap_4.o
 .debug_aranges
                0x00000158       0x88 ./FreeRTOS/Source/portable/port.o
 .debug_aranges
                0x000001e0       0x40 ./FreeRTOS/Source/list.o
 .debug_aranges
                0x00000220       0xc0 ./FreeRTOS/Source/queue.o
 .debug_aranges
                0x000002e0      0x180 ./FreeRTOS/Source/tasks.o
 .debug_aranges
                0x00000460       0x90 ./Drivers/source/debug_frmwrk.o
 .debug_aranges
                0x000004f0       0x80 ./Drivers/source/lpc177x_8x_adc.o
 .debug_aranges
                0x00000570       0xc0 ./Drivers/source/lpc177x_8x_can.o
 .debug_aranges
                0x00000630       0x50 ./Drivers/source/lpc177x_8x_clkpwr.o
 .debug_aranges
                0x00000680       0x38 ./Drivers/source/lpc177x_8x_crc.o
 .debug_aranges
                0x000006b8       0x50 ./Drivers/source/lpc177x_8x_dac.o
 .debug_aranges
                0x00000708       0x40 ./Drivers/source/lpc177x_8x_eeprom.o
 .debug_aranges
                0x00000748       0xd8 ./Drivers/source/lpc177x_8x_emc.o
 .debug_aranges
                0x00000820       0x48 ./Drivers/source/lpc177x_8x_exti.o
 .debug_aranges
                0x00000868       0x40 ./Drivers/source/lpc177x_8x_gpdma.o
 .debug_aranges
                0x000008a8      0x100 ./Drivers/source/lpc177x_8x_gpio.o
 .debug_aranges
                0x000009a8       0xd8 ./Drivers/source/lpc177x_8x_i2c.o
 .debug_aranges
                0x00000a80       0xc0 ./Drivers/source/lpc177x_8x_i2s.o
 .debug_aranges
                0x00000b40      0x160 ./Drivers/source/lpc177x_8x_mci.o
 .debug_aranges
                0x00000ca0       0x90 ./Drivers/source/lpc177x_8x_mcpwm.o
 .debug_aranges
                0x00000d30       0x30 ./Drivers/source/lpc177x_8x_nvic.o
 .debug_aranges
                0x00000d60       0x70 ./Drivers/source/lpc177x_8x_pinsel.o
 .debug_aranges
                0x00000dd0       0x90 ./Drivers/source/lpc177x_8x_pwm.o
 .debug_aranges
                0x00000e60       0xc8 ./Drivers/source/lpc177x_8x_qei.o
 .debug_aranges
                0x00000f28       0xb8 ./Drivers/source/lpc177x_8x_rtc.o
 .debug_aranges
                0x00000fe0       0xa8 ./Drivers/source/lpc177x_8x_ssp.o
 .debug_aranges
                0x00001088       0x48 ./Drivers/source/lpc177x_8x_systick.o
 .debug_aranges
                0x000010d0       0xa8 ./Drivers/source/lpc177x_8x_timer.o
 .debug_aranges
                0x00001178      0x100 ./Drivers/source/lpc177x_8x_uart.o
 .debug_aranges
                0x00001278       0xb8 ./Drivers/source/lpc177x_8x_wwdt.o
 .debug_aranges
                0x00001330       0x20 ./main.o

.debug_pubnames
 *(.debug_pubnames)

.debug_info     0x00000000    0x11c50
 *(.debug_info .gnu.linkonce.wi.*)
 .debug_info    0x00000000      0x374 ./src/commandsHandlerTask.o
 .debug_info    0x00000374       0x68 ./src/core_cm3.o
 .debug_info    0x000003dc      0x451 ./src/initSystem.o
 .debug_info    0x0000082d      0x3a0 ./src/sendDataTask.o
 .debug_info    0x00000bcd      0x555 ./src/system_LPC177x_8x.o
 .debug_info    0x00001122      0x31f ./src/taskDataAcquisition.o
 .debug_info    0x00001441       0x50 ./src/taskDataLogger.o
 .debug_info    0x00001491       0x50 ./src/taskUpdateTimestamp.o
 .debug_info    0x000014e1      0x32c ./FreeRTOS/Source/portable/MemMang/heap_4.o
 .debug_info    0x0000180d      0x275 ./FreeRTOS/Source/portable/port.o
 .debug_info    0x00001a82      0x2d3 ./FreeRTOS/Source/list.o
 .debug_info    0x00001d55      0xa15 ./FreeRTOS/Source/queue.o
 .debug_info    0x0000276a     0x127a ./FreeRTOS/Source/tasks.o
 .debug_info    0x000039e4      0xabb ./Drivers/source/debug_frmwrk.o
 .debug_info    0x0000449f      0x4fd ./Drivers/source/lpc177x_8x_adc.o
 .debug_info    0x0000499c     0x110b ./Drivers/source/lpc177x_8x_can.o
 .debug_info    0x00005aa7      0x68c ./Drivers/source/lpc177x_8x_clkpwr.o
 .debug_info    0x00006133      0x2c8 ./Drivers/source/lpc177x_8x_crc.o
 .debug_info    0x000063fb      0x32a ./Drivers/source/lpc177x_8x_dac.o
 .debug_info    0x00006725      0x373 ./Drivers/source/lpc177x_8x_eeprom.o
 .debug_info    0x00006a98      0xd81 ./Drivers/source/lpc177x_8x_emc.o
 .debug_info    0x00007819      0x502 ./Drivers/source/lpc177x_8x_exti.o
 .debug_info    0x00007d1b     0x11e4 ./Drivers/source/lpc177x_8x_gpdma.o
 .debug_info    0x00008eff      0xb69 ./Drivers/source/lpc177x_8x_gpio.o
 .debug_info    0x00009a68      0xe30 ./Drivers/source/lpc177x_8x_i2c.o
 .debug_info    0x0000a898      0x814 ./Drivers/source/lpc177x_8x_i2s.o
 .debug_info    0x0000b0ac     0x1570 ./Drivers/source/lpc177x_8x_mci.o
 .debug_info    0x0000c61c      0x7ac ./Drivers/source/lpc177x_8x_mcpwm.o
 .debug_info    0x0000cdc8      0x3df ./Drivers/source/lpc177x_8x_nvic.o
 .debug_info    0x0000d1a7      0x4b7 ./Drivers/source/lpc177x_8x_pinsel.o
 .debug_info    0x0000d65e      0x899 ./Drivers/source/lpc177x_8x_pwm.o
 .debug_info    0x0000def7      0x9c7 ./Drivers/source/lpc177x_8x_qei.o
 .debug_info    0x0000e8be      0x9f8 ./Drivers/source/lpc177x_8x_rtc.o
 .debug_info    0x0000f2b6      0x72e ./Drivers/source/lpc177x_8x_ssp.o
 .debug_info    0x0000f9e4      0x21f ./Drivers/source/lpc177x_8x_systick.o
 .debug_info    0x0000fc03      0x85f ./Drivers/source/lpc177x_8x_timer.o
 .debug_info    0x00010462     0x10cf ./Drivers/source/lpc177x_8x_uart.o
 .debug_info    0x00011531      0x553 ./Drivers/source/lpc177x_8x_wwdt.o
 .debug_info    0x00011a84      0x1cc ./main.o

.debug_abbrev   0x00000000     0x3b33
 *(.debug_abbrev)
 .debug_abbrev  0x00000000      0x15d ./src/commandsHandlerTask.o
 .debug_abbrev  0x0000015d       0x29 ./src/core_cm3.o
 .debug_abbrev  0x00000186      0x137 ./src/initSystem.o
 .debug_abbrev  0x000002bd      0x17a ./src/sendDataTask.o
 .debug_abbrev  0x00000437      0x106 ./src/system_LPC177x_8x.o
 .debug_abbrev  0x0000053d      0x128 ./src/taskDataAcquisition.o
 .debug_abbrev  0x00000665       0x47 ./src/taskDataLogger.o
 .debug_abbrev  0x000006ac       0x47 ./src/taskUpdateTimestamp.o
 .debug_abbrev  0x000006f3      0x173 ./FreeRTOS/Source/portable/MemMang/heap_4.o
 .debug_abbrev  0x00000866      0x18e ./FreeRTOS/Source/portable/port.o
 .debug_abbrev  0x000009f4       0xdb ./FreeRTOS/Source/list.o
 .debug_abbrev  0x00000acf      0x157 ./FreeRTOS/Source/queue.o
 .debug_abbrev  0x00000c26      0x286 ./FreeRTOS/Source/tasks.o
 .debug_abbrev  0x00000eac      0x1e9 ./Drivers/source/debug_frmwrk.o
 .debug_abbrev  0x00001095      0x182 ./Drivers/source/lpc177x_8x_adc.o
 .debug_abbrev  0x00001217      0x256 ./Drivers/source/lpc177x_8x_can.o
 .debug_abbrev  0x0000146d      0x1bb ./Drivers/source/lpc177x_8x_clkpwr.o
 .debug_abbrev  0x00001628      0x176 ./Drivers/source/lpc177x_8x_crc.o
 .debug_abbrev  0x0000179e      0x142 ./Drivers/source/lpc177x_8x_dac.o
 .debug_abbrev  0x000018e0      0x161 ./Drivers/source/lpc177x_8x_eeprom.o
 .debug_abbrev  0x00001a41      0x1aa ./Drivers/source/lpc177x_8x_emc.o
 .debug_abbrev  0x00001beb      0x12c ./Drivers/source/lpc177x_8x_exti.o
 .debug_abbrev  0x00001d17      0x22d ./Drivers/source/lpc177x_8x_gpdma.o
 .debug_abbrev  0x00001f44      0x1d8 ./Drivers/source/lpc177x_8x_gpio.o
 .debug_abbrev  0x0000211c      0x26e ./Drivers/source/lpc177x_8x_i2c.o
 .debug_abbrev  0x0000238a      0x1e5 ./Drivers/source/lpc177x_8x_i2s.o
 .debug_abbrev  0x0000256f      0x2db ./Drivers/source/lpc177x_8x_mci.o
 .debug_abbrev  0x0000284a      0x188 ./Drivers/source/lpc177x_8x_mcpwm.o
 .debug_abbrev  0x000029d2      0x11e ./Drivers/source/lpc177x_8x_nvic.o
 .debug_abbrev  0x00002af0       0xfb ./Drivers/source/lpc177x_8x_pinsel.o
 .debug_abbrev  0x00002beb      0x1d7 ./Drivers/source/lpc177x_8x_pwm.o
 .debug_abbrev  0x00002dc2      0x22a ./Drivers/source/lpc177x_8x_qei.o
 .debug_abbrev  0x00002fec      0x16f ./Drivers/source/lpc177x_8x_rtc.o
 .debug_abbrev  0x0000315b      0x1e1 ./Drivers/source/lpc177x_8x_ssp.o
 .debug_abbrev  0x0000333c      0x115 ./Drivers/source/lpc177x_8x_systick.o
 .debug_abbrev  0x00003451      0x1f8 ./Drivers/source/lpc177x_8x_timer.o
 .debug_abbrev  0x00003649      0x211 ./Drivers/source/lpc177x_8x_uart.o
 .debug_abbrev  0x0000385a      0x244 ./Drivers/source/lpc177x_8x_wwdt.o
 .debug_abbrev  0x00003a9e       0x95 ./main.o

.debug_line     0x00000000     0xab66
 *(.debug_line .debug_line.* .debug_line_end)
 .debug_line    0x00000000      0x44f ./src/commandsHandlerTask.o
 .debug_line    0x0000044f      0x190 ./src/core_cm3.o
 .debug_line    0x000005df      0x401 ./src/initSystem.o
 .debug_line    0x000009e0      0x3ac ./src/sendDataTask.o
 .debug_line    0x00000d8c      0x28f ./src/system_LPC177x_8x.o
 .debug_line    0x0000101b      0x304 ./src/taskDataAcquisition.o
 .debug_line    0x0000131f       0x7e ./src/taskDataLogger.o
 .debug_line    0x0000139d       0x88 ./src/taskUpdateTimestamp.o
 .debug_line    0x00001425      0x4a5 ./FreeRTOS/Source/portable/MemMang/heap_4.o
 .debug_line    0x000018ca      0x444 ./FreeRTOS/Source/portable/port.o
 .debug_line    0x00001d0e      0x420 ./FreeRTOS/Source/list.o
 .debug_line    0x0000212e      0x6ce ./FreeRTOS/Source/queue.o
 .debug_line    0x000027fc      0xae4 ./FreeRTOS/Source/tasks.o
 .debug_line    0x000032e0      0x4d4 ./Drivers/source/debug_frmwrk.o
 .debug_line    0x000037b4      0x388 ./Drivers/source/lpc177x_8x_adc.o
 .debug_line    0x00003b3c      0x862 ./Drivers/source/lpc177x_8x_can.o
 .debug_line    0x0000439e      0x338 ./Drivers/source/lpc177x_8x_clkpwr.o
 .debug_line    0x000046d6      0x2e9 ./Drivers/source/lpc177x_8x_crc.o
 .debug_line    0x000049bf      0x325 ./Drivers/source/lpc177x_8x_dac.o
 .debug_line    0x00004ce4      0x39a ./Drivers/source/lpc177x_8x_eeprom.o
 .debug_line    0x0000507e      0x551 ./Drivers/source/lpc177x_8x_emc.o
 .debug_line    0x000055cf      0x2c6 ./Drivers/source/lpc177x_8x_exti.o
 .debug_line    0x00005895      0x39b ./Drivers/source/lpc177x_8x_gpdma.o
 .debug_line    0x00005c30      0x523 ./Drivers/source/lpc177x_8x_gpio.o
 .debug_line    0x00006153      0x6da ./Drivers/source/lpc177x_8x_i2c.o
 .debug_line    0x0000682d      0x45d ./Drivers/source/lpc177x_8x_i2s.o
 .debug_line    0x00006c8a      0x968 ./Drivers/source/lpc177x_8x_mci.o
 .debug_line    0x000075f2      0x624 ./Drivers/source/lpc177x_8x_mcpwm.o
 .debug_line    0x00007c16      0x2b8 ./Drivers/source/lpc177x_8x_nvic.o
 .debug_line    0x00007ece      0x3d6 ./Drivers/source/lpc177x_8x_pinsel.o
 .debug_line    0x000082a4      0x458 ./Drivers/source/lpc177x_8x_pwm.o
 .debug_line    0x000086fc      0x462 ./Drivers/source/lpc177x_8x_qei.o
 .debug_line    0x00008b5e      0x50d ./Drivers/source/lpc177x_8x_rtc.o
 .debug_line    0x0000906b      0x47d ./Drivers/source/lpc177x_8x_ssp.o
 .debug_line    0x000094e8      0x30a ./Drivers/source/lpc177x_8x_systick.o
 .debug_line    0x000097f2      0x453 ./Drivers/source/lpc177x_8x_timer.o
 .debug_line    0x00009c45      0x640 ./Drivers/source/lpc177x_8x_uart.o
 .debug_line    0x0000a285      0x451 ./Drivers/source/lpc177x_8x_wwdt.o
 .debug_line    0x0000a6d6      0x490 ./main.o

.debug_frame    0x00000000     0x4e00
 *(.debug_frame)
 .debug_frame   0x00000000       0x50 ./src/commandsHandlerTask.o
 .debug_frame   0x00000050       0x38 ./src/initSystem.o
 .debug_frame   0x00000088       0x30 ./src/sendDataTask.o
 .debug_frame   0x000000b8       0x54 ./src/system_LPC177x_8x.o
 .debug_frame   0x0000010c       0x34 ./src/taskDataAcquisition.o
 .debug_frame   0x00000140       0x2c ./src/taskDataLogger.o
 .debug_frame   0x0000016c       0x2c ./src/taskUpdateTimestamp.o
 .debug_frame   0x00000198      0x108 ./FreeRTOS/Source/portable/MemMang/heap_4.o
 .debug_frame   0x000002a0      0x174 ./FreeRTOS/Source/portable/port.o
 .debug_frame   0x00000414       0xd8 ./FreeRTOS/Source/list.o
 .debug_frame   0x000004ec      0x310 ./FreeRTOS/Source/queue.o
 .debug_frame   0x000007fc      0x66c ./FreeRTOS/Source/tasks.o
 .debug_frame   0x00000e68      0x230 ./Drivers/source/debug_frmwrk.o
 .debug_frame   0x00001098      0x210 ./Drivers/source/lpc177x_8x_adc.o
 .debug_frame   0x000012a8      0x334 ./Drivers/source/lpc177x_8x_can.o
 .debug_frame   0x000015dc      0x104 ./Drivers/source/lpc177x_8x_clkpwr.o
 .debug_frame   0x000016e0       0xa8 ./Drivers/source/lpc177x_8x_crc.o
 .debug_frame   0x00001788      0x110 ./Drivers/source/lpc177x_8x_dac.o
 .debug_frame   0x00001898       0xd4 ./Drivers/source/lpc177x_8x_eeprom.o
 .debug_frame   0x0000196c      0x3cc ./Drivers/source/lpc177x_8x_emc.o
 .debug_frame   0x00001d38       0xec ./Drivers/source/lpc177x_8x_exti.o
 .debug_frame   0x00001e24       0xcc ./Drivers/source/lpc177x_8x_gpdma.o
 .debug_frame   0x00001ef0      0x44c ./Drivers/source/lpc177x_8x_gpio.o
 .debug_frame   0x0000233c      0x3a0 ./Drivers/source/lpc177x_8x_i2c.o
 .debug_frame   0x000026dc      0x34c ./Drivers/source/lpc177x_8x_i2s.o
 .debug_frame   0x00002a28      0x600 ./Drivers/source/lpc177x_8x_mci.o
 .debug_frame   0x00003028      0x264 ./Drivers/source/lpc177x_8x_mcpwm.o
 .debug_frame   0x0000328c       0x88 ./Drivers/source/lpc177x_8x_nvic.o
 .debug_frame   0x00003314      0x1a0 ./Drivers/source/lpc177x_8x_pinsel.o
 .debug_frame   0x000034b4      0x234 ./Drivers/source/lpc177x_8x_pwm.o
 .debug_frame   0x000036e8      0x33c ./Drivers/source/lpc177x_8x_qei.o
 .debug_frame   0x00003a24      0x328 ./Drivers/source/lpc177x_8x_rtc.o
 .debug_frame   0x00003d4c      0x2d4 ./Drivers/source/lpc177x_8x_ssp.o
 .debug_frame   0x00004020       0xe8 ./Drivers/source/lpc177x_8x_systick.o
 .debug_frame   0x00004108      0x2c8 ./Drivers/source/lpc177x_8x_timer.o
 .debug_frame   0x000043d0      0x48c ./Drivers/source/lpc177x_8x_uart.o
 .debug_frame   0x0000485c      0x2f0 ./Drivers/source/lpc177x_8x_wwdt.o
 .debug_frame   0x00004b4c       0x30 ./main.o
 .debug_frame   0x00004b7c       0x28 /usr/bin/gcc-arm-none-eabi-4_9-2015q2/bin/../lib/gcc/arm-none-eabi/4.9.3/armv7-m/libgcc.a(_aeabi_uldivmod.o)
 .debug_frame   0x00004ba4       0x54 /usr/bin/gcc-arm-none-eabi-4_9-2015q2/bin/../lib/gcc/arm-none-eabi/4.9.3/armv7-m/libgcc.a(bpabi.o)
 .debug_frame   0x00004bf8       0x34 /usr/bin/gcc-arm-none-eabi-4_9-2015q2/bin/../lib/gcc/arm-none-eabi/4.9.3/armv7-m/libgcc.a(_divdi3.o)
 .debug_frame   0x00004c2c       0x34 /usr/bin/gcc-arm-none-eabi-4_9-2015q2/bin/../lib/gcc/arm-none-eabi/4.9.3/armv7-m/libgcc.a(_udivdi3.o)
 .debug_frame   0x00004c60       0x28 /usr/bin/gcc-arm-none-eabi-4_9-2015q2/bin/../lib/gcc/arm-none-eabi/4.9.3/../../../../arm-none-eabi/lib/armv7-m/libg.a(lib_a-exit.o)
 .debug_frame   0x00004c88       0x2c /usr/bin/gcc-arm-none-eabi-4_9-2015q2/bin/../lib/gcc/arm-none-eabi/4.9.3/../../../../arm-none-eabi/lib/armv7-m/libg.a(lib_a-init.o)
 .debug_frame   0x00004cb4       0x34 /usr/bin/gcc-arm-none-eabi-4_9-2015q2/bin/../lib/gcc/arm-none-eabi/4.9.3/../../../../arm-none-eabi/lib/armv7-m/libg.a(lib_a-memset.o)
 .debug_frame   0x00004ce8       0x20 /usr/bin/gcc-arm-none-eabi-4_9-2015q2/bin/../lib/gcc/arm-none-eabi/4.9.3/../../../../arm-none-eabi/lib/armv7-m/libg.a(lib_a-strlen.o)
 .debug_frame   0x00004d08       0x50 /usr/bin/gcc-arm-none-eabi-4_9-2015q2/bin/../lib/gcc/arm-none-eabi/4.9.3/../../../../arm-none-eabi/lib/armv7-m/libg.a(lib_a-__call_atexit.o)
 .debug_frame   0x00004d58       0x20 /usr/bin/gcc-arm-none-eabi-4_9-2015q2/bin/../lib/gcc/arm-none-eabi/4.9.3/../../../../arm-none-eabi/lib/armv7-m/libg.a(lib_a-atexit.o)
 .debug_frame   0x00004d78       0x34 /usr/bin/gcc-arm-none-eabi-4_9-2015q2/bin/../lib/gcc/arm-none-eabi/4.9.3/../../../../arm-none-eabi/lib/armv7-m/libg.a(lib_a-fini.o)
 .debug_frame   0x00004dac       0x34 /usr/bin/gcc-arm-none-eabi-4_9-2015q2/bin/../lib/gcc/arm-none-eabi/4.9.3/../../../../arm-none-eabi/lib/armv7-m/libg.a(lib_a-__atexit.o)
 .debug_frame   0x00004de0       0x20 /usr/bin/gcc-arm-none-eabi-4_9-2015q2/bin/../lib/gcc/arm-none-eabi/4.9.3/../../../../arm-none-eabi/lib/armv7-m/libnosys.a(_exit.o)

.debug_str      0x00000000    0x22910
 *(.debug_str)
 .debug_str     0x00000000     0xe0ce ./src/commandsHandlerTask.o
                               0xe2f8 (size before relaxing)
 .debug_str     0x0000e0ce       0x12 ./src/core_cm3.o
                               0x300a (size before relaxing)
 .debug_str     0x0000e0e0      0x1cf ./src/initSystem.o
                               0xd723 (size before relaxing)
 .debug_str     0x0000e2af       0x87 ./src/sendDataTask.o
                               0xc0c0 (size before relaxing)
 .debug_str     0x0000e336      0x52f ./src/system_LPC177x_8x.o
                               0x7904 (size before relaxing)
 .debug_str     0x0000e865       0x51 ./src/taskDataAcquisition.o
                               0xa91f (size before relaxing)
 .debug_str     0x0000e8b6       0x3b ./src/taskDataLogger.o
                               0x2483 (size before relaxing)
 .debug_str     0x0000e8f1       0x4a ./src/taskUpdateTimestamp.o
                               0x2492 (size before relaxing)
 .debug_str     0x0000e93b      0x377 ./FreeRTOS/Source/portable/MemMang/heap_4.o
                               0xc922 (size before relaxing)
 .debug_str     0x0000ecb2      0x663 ./FreeRTOS/Source/portable/port.o
                               0xab4a (size before relaxing)
 .debug_str     0x0000f315      0x125 ./FreeRTOS/Source/list.o
                               0xc234 (size before relaxing)
 .debug_str     0x0000f43a      0x5ef ./FreeRTOS/Source/queue.o
                               0xd804 (size before relaxing)
 .debug_str     0x0000fa29     0x1705 ./FreeRTOS/Source/tasks.o
                               0xdfa8 (size before relaxing)
 .debug_str     0x0001112e     0x1383 ./Drivers/source/debug_frmwrk.o
                               0x9973 (size before relaxing)
 .debug_str     0x000124b1     0x1016 ./Drivers/source/lpc177x_8x_adc.o
                               0x85de (size before relaxing)
 .debug_str     0x000134c7     0x219e ./Drivers/source/lpc177x_8x_can.o
                               0xa232 (size before relaxing)
 .debug_str     0x00015665       0xd3 ./Drivers/source/lpc177x_8x_clkpwr.o
                               0x831a (size before relaxing)
 .debug_str     0x00015738      0x1c0 ./Drivers/source/lpc177x_8x_crc.o
                               0x81f5 (size before relaxing)
 .debug_str     0x000158f8      0x305 ./Drivers/source/lpc177x_8x_dac.o
                               0x91e9 (size before relaxing)
 .debug_str     0x00015bfd      0x3c9 ./Drivers/source/lpc177x_8x_eeprom.o
                               0x843e (size before relaxing)
 .debug_str     0x00015fc6     0x1214 ./Drivers/source/lpc177x_8x_emc.o
                               0xa291 (size before relaxing)
 .debug_str     0x000171da      0x217 ./Drivers/source/lpc177x_8x_exti.o
                               0x789c (size before relaxing)
 .debug_str     0x000173f1     0x11b4 ./Drivers/source/lpc177x_8x_gpdma.o
                               0x9467 (size before relaxing)
 .debug_str     0x000185a5      0x65b ./Drivers/source/lpc177x_8x_gpio.o
                               0x7bae (size before relaxing)
 .debug_str     0x00018c00      0xe37 ./Drivers/source/lpc177x_8x_i2c.o
                               0x9db0 (size before relaxing)
 .debug_str     0x00019a37      0xbe9 ./Drivers/source/lpc177x_8x_i2s.o
                               0x8ccb (size before relaxing)
 .debug_str     0x0001a620     0x151f ./Drivers/source/lpc177x_8x_mci.o
                               0xa82e (size before relaxing)
 .debug_str     0x0001bb3f      0xd86 ./Drivers/source/lpc177x_8x_mcpwm.o
                               0x8def (size before relaxing)
 .debug_str     0x0001c8c5       0x7c ./Drivers/source/lpc177x_8x_nvic.o
                               0x7635 (size before relaxing)
 .debug_str     0x0001c941      0x3b3 ./Drivers/source/lpc177x_8x_pinsel.o
                               0x87ac (size before relaxing)
 .debug_str     0x0001ccf4      0xa69 ./Drivers/source/lpc177x_8x_pwm.o
                               0x8b1a (size before relaxing)
 .debug_str     0x0001d75d     0x1a80 ./Drivers/source/lpc177x_8x_qei.o
                               0x9b1b (size before relaxing)
 .debug_str     0x0001f1dd      0xa27 ./Drivers/source/lpc177x_8x_rtc.o
                               0x8b30 (size before relaxing)
 .debug_str     0x0001fc04      0xd36 ./Drivers/source/lpc177x_8x_ssp.o
                               0x8e1c (size before relaxing)
 .debug_str     0x0002093a      0x285 ./Drivers/source/lpc177x_8x_systick.o
                               0x82c7 (size before relaxing)
 .debug_str     0x00020bbf      0x710 ./Drivers/source/lpc177x_8x_timer.o
                               0x975a (size before relaxing)
 .debug_str     0x000212cf      0x714 ./Drivers/source/lpc177x_8x_uart.o
                               0x9950 (size before relaxing)
 .debug_str     0x000219e3      0x71b ./Drivers/source/lpc177x_8x_wwdt.o
                               0x9678 (size before relaxing)
 .debug_str     0x000220fe      0x812 ./main.o
                               0xeab4 (size before relaxing)

.debug_loc
 *(.debug_loc)

.debug_macinfo
 *(.debug_macinfo)

.debug_weaknames
 *(.debug_weaknames)

.debug_funcnames
 *(.debug_funcnames)

.debug_typenames
 *(.debug_typenames)

.debug_varnames
 *(.debug_varnames)

.debug_pubtypes
 *(.debug_pubtypes)

.debug_ranges   0x00000000     0x10f0
 *(.debug_ranges)
 .debug_ranges  0x00000000       0x18 ./src/commandsHandlerTask.o
 .debug_ranges  0x00000018       0x10 ./src/initSystem.o
 .debug_ranges  0x00000028       0x10 ./src/sendDataTask.o
 .debug_ranges  0x00000038       0x18 ./src/system_LPC177x_8x.o
 .debug_ranges  0x00000050       0x10 ./src/taskDataAcquisition.o
 .debug_ranges  0x00000060       0x10 ./src/taskDataLogger.o
 .debug_ranges  0x00000070       0x10 ./src/taskUpdateTimestamp.o
 .debug_ranges  0x00000080       0x40 ./FreeRTOS/Source/portable/MemMang/heap_4.o
 .debug_ranges  0x000000c0       0x78 ./FreeRTOS/Source/portable/port.o
 .debug_ranges  0x00000138       0x30 ./FreeRTOS/Source/list.o
 .debug_ranges  0x00000168       0xb0 ./FreeRTOS/Source/queue.o
 .debug_ranges  0x00000218      0x188 ./FreeRTOS/Source/tasks.o
 .debug_ranges  0x000003a0       0x80 ./Drivers/source/debug_frmwrk.o
 .debug_ranges  0x00000420       0x70 ./Drivers/source/lpc177x_8x_adc.o
 .debug_ranges  0x00000490       0xb0 ./Drivers/source/lpc177x_8x_can.o
 .debug_ranges  0x00000540       0x40 ./Drivers/source/lpc177x_8x_clkpwr.o
 .debug_ranges  0x00000580       0x28 ./Drivers/source/lpc177x_8x_crc.o
 .debug_ranges  0x000005a8       0x40 ./Drivers/source/lpc177x_8x_dac.o
 .debug_ranges  0x000005e8       0x30 ./Drivers/source/lpc177x_8x_eeprom.o
 .debug_ranges  0x00000618       0xc8 ./Drivers/source/lpc177x_8x_emc.o
 .debug_ranges  0x000006e0       0x38 ./Drivers/source/lpc177x_8x_exti.o
 .debug_ranges  0x00000718       0x30 ./Drivers/source/lpc177x_8x_gpdma.o
 .debug_ranges  0x00000748       0xf0 ./Drivers/source/lpc177x_8x_gpio.o
 .debug_ranges  0x00000838       0xc8 ./Drivers/source/lpc177x_8x_i2c.o
 .debug_ranges  0x00000900       0xb0 ./Drivers/source/lpc177x_8x_i2s.o
 .debug_ranges  0x000009b0      0x150 ./Drivers/source/lpc177x_8x_mci.o
 .debug_ranges  0x00000b00       0x80 ./Drivers/source/lpc177x_8x_mcpwm.o
 .debug_ranges  0x00000b80       0x20 ./Drivers/source/lpc177x_8x_nvic.o
 .debug_ranges  0x00000ba0       0x60 ./Drivers/source/lpc177x_8x_pinsel.o
 .debug_ranges  0x00000c00       0x80 ./Drivers/source/lpc177x_8x_pwm.o
 .debug_ranges  0x00000c80       0xb8 ./Drivers/source/lpc177x_8x_qei.o
 .debug_ranges  0x00000d38       0xa8 ./Drivers/source/lpc177x_8x_rtc.o
 .debug_ranges  0x00000de0       0x98 ./Drivers/source/lpc177x_8x_ssp.o
 .debug_ranges  0x00000e78       0x38 ./Drivers/source/lpc177x_8x_systick.o
 .debug_ranges  0x00000eb0       0x98 ./Drivers/source/lpc177x_8x_timer.o
 .debug_ranges  0x00000f48       0xf0 ./Drivers/source/lpc177x_8x_uart.o
 .debug_ranges  0x00001038       0xa8 ./Drivers/source/lpc177x_8x_wwdt.o
 .debug_ranges  0x000010e0       0x10 ./main.o

.debug_macro    0x00000000     0x7853
 *(.debug_macro)
 .debug_macro   0x00000000      0x1cd ./src/commandsHandlerTask.o
 .debug_macro   0x000001cd      0x862 ./src/commandsHandlerTask.o
 .debug_macro   0x00000a2f      0x16d ./src/commandsHandlerTask.o
 .debug_macro   0x00000b9c       0x22 ./src/commandsHandlerTask.o
 .debug_macro   0x00000bbe       0x44 ./src/commandsHandlerTask.o
 .debug_macro   0x00000c02       0x58 ./src/commandsHandlerTask.o
 .debug_macro   0x00000c5a       0x22 ./src/commandsHandlerTask.o
 .debug_macro   0x00000c7c      0x1df ./src/commandsHandlerTask.o
 .debug_macro   0x00000e5b       0x1c ./src/commandsHandlerTask.o
 .debug_macro   0x00000e77       0x2e ./src/commandsHandlerTask.o
 .debug_macro   0x00000ea5       0x18 ./src/commandsHandlerTask.o
 .debug_macro   0x00000ebd      0x7af ./src/commandsHandlerTask.o
 .debug_macro   0x0000166c      0x330 ./src/commandsHandlerTask.o
 .debug_macro   0x0000199c       0xd0 ./src/commandsHandlerTask.o
 .debug_macro   0x00001a6c       0x5e ./src/commandsHandlerTask.o
 .debug_macro   0x00001aca       0xcb ./src/commandsHandlerTask.o
 .debug_macro   0x00001b95       0x10 ./src/commandsHandlerTask.o
 .debug_macro   0x00001ba5       0x1f ./src/commandsHandlerTask.o
 .debug_macro   0x00001bc4      0x3a7 ./src/commandsHandlerTask.o
 .debug_macro   0x00001f6b       0xc0 ./src/commandsHandlerTask.o
 .debug_macro   0x0000202b       0x8c ./src/commandsHandlerTask.o
 .debug_macro   0x000020b7       0xb0 ./src/commandsHandlerTask.o
 .debug_macro   0x00002167       0x58 ./src/commandsHandlerTask.o
 .debug_macro   0x000021bf       0x35 ./src/commandsHandlerTask.o
 .debug_macro   0x000021f4       0x9c ./src/commandsHandlerTask.o
 .debug_macro   0x00002290       0x52 ./src/commandsHandlerTask.o
 .debug_macro   0x000022e2       0x16 ./src/commandsHandlerTask.o
 .debug_macro   0x000022f8       0x43 ./src/commandsHandlerTask.o
 .debug_macro   0x0000233b      0x180 ./src/commandsHandlerTask.o
 .debug_macro   0x000024bb      0x27a ./src/commandsHandlerTask.o
 .debug_macro   0x00002735       0x10 ./src/commandsHandlerTask.o
 .debug_macro   0x00002745       0x35 ./src/commandsHandlerTask.o
 .debug_macro   0x0000277a       0x5d ./src/commandsHandlerTask.o
 .debug_macro   0x000027d7      0x2c9 ./src/commandsHandlerTask.o
 .debug_macro   0x00002aa0       0x34 ./src/commandsHandlerTask.o
 .debug_macro   0x00002ad4       0x60 ./src/core_cm3.o
 .debug_macro   0x00002b34      0x1b1 ./src/initSystem.o
 .debug_macro   0x00002ce5       0x2e ./src/initSystem.o
 .debug_macro   0x00002d13      0x126 ./src/sendDataTask.o
 .debug_macro   0x00002e39       0x16 ./src/sendDataTask.o
 .debug_macro   0x00002e4f      0x142 ./src/system_LPC177x_8x.o
 .debug_macro   0x00002f91       0x28 ./src/system_LPC177x_8x.o
 .debug_macro   0x00002fb9      0x147 ./src/taskDataAcquisition.o
 .debug_macro   0x00003100       0x4a ./src/taskDataAcquisition.o
 .debug_macro   0x0000314a       0x1b ./src/taskDataLogger.o
 .debug_macro   0x00003165       0x1b ./src/taskUpdateTimestamp.o
 .debug_macro   0x00003180      0x1c2 ./FreeRTOS/Source/portable/MemMang/heap_4.o
 .debug_macro   0x00003342       0x16 ./FreeRTOS/Source/portable/MemMang/heap_4.o
 .debug_macro   0x00003358      0x10e ./FreeRTOS/Source/portable/MemMang/heap_4.o
 .debug_macro   0x00003466       0x86 ./FreeRTOS/Source/portable/MemMang/heap_4.o
 .debug_macro   0x000034ec       0x16 ./FreeRTOS/Source/portable/MemMang/heap_4.o
 .debug_macro   0x00003502       0x29 ./FreeRTOS/Source/portable/MemMang/heap_4.o
 .debug_macro   0x0000352b      0x194 ./FreeRTOS/Source/portable/port.o
 .debug_macro   0x000036bf      0x19b ./FreeRTOS/Source/list.o
 .debug_macro   0x0000385a      0x20d ./FreeRTOS/Source/queue.o
 .debug_macro   0x00003a67       0x16 ./FreeRTOS/Source/queue.o
 .debug_macro   0x00003a7d      0x249 ./FreeRTOS/Source/tasks.o
 .debug_macro   0x00003cc6       0x91 ./FreeRTOS/Source/tasks.o
 .debug_macro   0x00003d57       0x16 ./FreeRTOS/Source/tasks.o
 .debug_macro   0x00003d6d       0xb3 ./Drivers/source/debug_frmwrk.o
 .debug_macro   0x00003e20       0x64 ./Drivers/source/debug_frmwrk.o
 .debug_macro   0x00003e84       0x76 ./Drivers/source/debug_frmwrk.o
 .debug_macro   0x00003efa      0x3dd ./Drivers/source/debug_frmwrk.o
 .debug_macro   0x000042d7       0xb3 ./Drivers/source/lpc177x_8x_adc.o
 .debug_macro   0x0000438a       0xbb ./Drivers/source/lpc177x_8x_adc.o
 .debug_macro   0x00004445      0x1dc ./Drivers/source/lpc177x_8x_adc.o
 .debug_macro   0x00004621       0xb3 ./Drivers/source/lpc177x_8x_can.o
 .debug_macro   0x000046d4      0x451 ./Drivers/source/lpc177x_8x_can.o
 .debug_macro   0x00004b25       0xa4 ./Drivers/source/lpc177x_8x_clkpwr.o
 .debug_macro   0x00004bc9       0xb3 ./Drivers/source/lpc177x_8x_crc.o
 .debug_macro   0x00004c7c       0x1c ./Drivers/source/lpc177x_8x_crc.o
 .debug_macro   0x00004c98       0xbc ./Drivers/source/lpc177x_8x_dac.o
 .debug_macro   0x00004d54       0x3a ./Drivers/source/lpc177x_8x_dac.o
 .debug_macro   0x00004d8e       0xb3 ./Drivers/source/lpc177x_8x_eeprom.o
 .debug_macro   0x00004e41       0x82 ./Drivers/source/lpc177x_8x_eeprom.o
 .debug_macro   0x00004ec3       0xc2 ./Drivers/source/lpc177x_8x_emc.o
 .debug_macro   0x00004f85       0x5e ./Drivers/source/lpc177x_8x_emc.o
 .debug_macro   0x00004fe3      0x1a0 ./Drivers/source/lpc177x_8x_emc.o
 .debug_macro   0x00005183       0x9b ./Drivers/source/lpc177x_8x_exti.o
 .debug_macro   0x0000521e       0x1c ./Drivers/source/lpc177x_8x_exti.o
 .debug_macro   0x0000523a       0xb3 ./Drivers/source/lpc177x_8x_gpdma.o
 .debug_macro   0x000052ed      0x290 ./Drivers/source/lpc177x_8x_gpdma.o
 .debug_macro   0x0000557d       0x9b ./Drivers/source/lpc177x_8x_gpio.o
 .debug_macro   0x00005618       0x58 ./Drivers/source/lpc177x_8x_gpio.o
 .debug_macro   0x00005670       0xbc ./Drivers/source/lpc177x_8x_i2c.o
 .debug_macro   0x0000572c      0x16c ./Drivers/source/lpc177x_8x_i2c.o
 .debug_macro   0x00005898       0xb3 ./Drivers/source/lpc177x_8x_i2s.o
 .debug_macro   0x0000594b      0x1cc ./Drivers/source/lpc177x_8x_i2s.o
 .debug_macro   0x00005b17      0x1c8 ./Drivers/source/lpc177x_8x_mci.o
 .debug_macro   0x00005cdf      0x1ec ./Drivers/source/lpc177x_8x_mci.o
 .debug_macro   0x00005ecb       0xb3 ./Drivers/source/lpc177x_8x_mcpwm.o
 .debug_macro   0x00005f7e      0x133 ./Drivers/source/lpc177x_8x_mcpwm.o
 .debug_macro   0x000060b1       0x9c ./Drivers/source/lpc177x_8x_nvic.o
 .debug_macro   0x0000614d       0xf5 ./Drivers/source/lpc177x_8x_pinsel.o
 .debug_macro   0x00006242      0x3d7 ./Drivers/source/lpc177x_8x_pinsel.o
 .debug_macro   0x00006619       0xb3 ./Drivers/source/lpc177x_8x_pwm.o
 .debug_macro   0x000066cc       0xbc ./Drivers/source/lpc177x_8x_pwm.o
 .debug_macro   0x00006788       0xb3 ./Drivers/source/lpc177x_8x_qei.o
 .debug_macro   0x0000683b      0x3ac ./Drivers/source/lpc177x_8x_qei.o
 .debug_macro   0x00006be7       0xb3 ./Drivers/source/lpc177x_8x_rtc.o
 .debug_macro   0x00006c9a      0x18c ./Drivers/source/lpc177x_8x_rtc.o
 .debug_macro   0x00006e26       0xb3 ./Drivers/source/lpc177x_8x_ssp.o
 .debug_macro   0x00006ed9      0x24c ./Drivers/source/lpc177x_8x_ssp.o
 .debug_macro   0x00007125       0xb3 ./Drivers/source/lpc177x_8x_systick.o
 .debug_macro   0x000071d8       0x46 ./Drivers/source/lpc177x_8x_systick.o
 .debug_macro   0x0000721e       0xbc ./Drivers/source/lpc177x_8x_timer.o
 .debug_macro   0x000072da       0xb6 ./Drivers/source/lpc177x_8x_timer.o
 .debug_macro   0x00007390       0xb3 ./Drivers/source/lpc177x_8x_uart.o
 .debug_macro   0x00007443       0xbc ./Drivers/source/lpc177x_8x_wwdt.o
 .debug_macro   0x000074ff       0xa6 ./Drivers/source/lpc177x_8x_wwdt.o
 .debug_macro   0x000075a5      0x213 ./main.o
 .debug_macro   0x000077b8       0x7f ./main.o
 .debug_macro   0x00007837       0x1c ./main.o

.stack          0x00080000        0x0
                0x00080000                _stack = .
 *(.stack)

.ARM.attributes
                0x00000000       0x29
 *(.ARM.attributes)
 .ARM.attributes
                0x00000000       0x1d /usr/bin/gcc-arm-none-eabi-4_9-2015q2/bin/../lib/gcc/arm-none-eabi/4.9.3/armv7-m/crti.o
 .ARM.attributes
                0x0000001d       0x2d /usr/bin/gcc-arm-none-eabi-4_9-2015q2/bin/../lib/gcc/arm-none-eabi/4.9.3/armv7-m/crtbegin.o
 .ARM.attributes
                0x0000004a       0x1b /usr/bin/gcc-arm-none-eabi-4_9-2015q2/bin/../lib/gcc/arm-none-eabi/4.9.3/../../../../arm-none-eabi/lib/armv7-m/crt0.o
 .ARM.attributes
                0x00000065       0x33 ./src/commandsHandlerTask.o
 .ARM.attributes
                0x00000098       0x33 ./src/core_cm3.o
 .ARM.attributes
                0x000000cb       0x33 ./src/initSystem.o
 .ARM.attributes
                0x000000fe       0x33 ./src/sendDataTask.o
 .ARM.attributes
                0x00000131       0x33 ./src/system_LPC177x_8x.o
 .ARM.attributes
                0x00000164       0x33 ./src/taskDataAcquisition.o
 .ARM.attributes
                0x00000197       0x33 ./src/taskDataLogger.o
 .ARM.attributes
                0x000001ca       0x33 ./src/taskUpdateTimestamp.o
 .ARM.attributes
                0x000001fd       0x33 ./FreeRTOS/Source/portable/MemMang/heap_4.o
 .ARM.attributes
                0x00000230       0x33 ./FreeRTOS/Source/portable/port.o
 .ARM.attributes
                0x00000263       0x33 ./FreeRTOS/Source/list.o
 .ARM.attributes
                0x00000296       0x33 ./FreeRTOS/Source/queue.o
 .ARM.attributes
                0x000002c9       0x33 ./FreeRTOS/Source/tasks.o
 .ARM.attributes
                0x000002fc       0x33 ./Drivers/source/debug_frmwrk.o
 .ARM.attributes
                0x0000032f       0x33 ./Drivers/source/lpc177x_8x_adc.o
 .ARM.attributes
                0x00000362       0x33 ./Drivers/source/lpc177x_8x_can.o
 .ARM.attributes
                0x00000395       0x33 ./Drivers/source/lpc177x_8x_clkpwr.o
 .ARM.attributes
                0x000003c8       0x33 ./Drivers/source/lpc177x_8x_crc.o
 .ARM.attributes
                0x000003fb       0x33 ./Drivers/source/lpc177x_8x_dac.o
 .ARM.attributes
                0x0000042e       0x33 ./Drivers/source/lpc177x_8x_eeprom.o
 .ARM.attributes
                0x00000461       0x33 ./Drivers/source/lpc177x_8x_emc.o
 .ARM.attributes
                0x00000494       0x33 ./Drivers/source/lpc177x_8x_exti.o
 .ARM.attributes
                0x000004c7       0x33 ./Drivers/source/lpc177x_8x_gpdma.o
 .ARM.attributes
                0x000004fa       0x33 ./Drivers/source/lpc177x_8x_gpio.o
 .ARM.attributes
                0x0000052d       0x33 ./Drivers/source/lpc177x_8x_i2c.o
 .ARM.attributes
                0x00000560       0x33 ./Drivers/source/lpc177x_8x_i2s.o
 .ARM.attributes
                0x00000593       0x33 ./Drivers/source/lpc177x_8x_mci.o
 .ARM.attributes
                0x000005c6       0x33 ./Drivers/source/lpc177x_8x_mcpwm.o
 .ARM.attributes
                0x000005f9       0x33 ./Drivers/source/lpc177x_8x_nvic.o
 .ARM.attributes
                0x0000062c       0x33 ./Drivers/source/lpc177x_8x_pinsel.o
 .ARM.attributes
                0x0000065f       0x33 ./Drivers/source/lpc177x_8x_pwm.o
 .ARM.attributes
                0x00000692       0x33 ./Drivers/source/lpc177x_8x_qei.o
 .ARM.attributes
                0x000006c5       0x33 ./Drivers/source/lpc177x_8x_rtc.o
 .ARM.attributes
                0x000006f8       0x33 ./Drivers/source/lpc177x_8x_ssp.o
 .ARM.attributes
                0x0000072b       0x33 ./Drivers/source/lpc177x_8x_systick.o
 .ARM.attributes
                0x0000075e       0x33 ./Drivers/source/lpc177x_8x_timer.o
 .ARM.attributes
                0x00000791       0x33 ./Drivers/source/lpc177x_8x_uart.o
 .ARM.attributes
                0x000007c4       0x33 ./Drivers/source/lpc177x_8x_wwdt.o
 .ARM.attributes
                0x000007f7       0x33 ./main.o
 .ARM.attributes
                0x0000082a       0x1d /usr/bin/gcc-arm-none-eabi-4_9-2015q2/bin/../lib/gcc/arm-none-eabi/4.9.3/armv7-m/libgcc.a(_arm_addsubsf3.o)
 .ARM.attributes
                0x00000847       0x1d /usr/bin/gcc-arm-none-eabi-4_9-2015q2/bin/../lib/gcc/arm-none-eabi/4.9.3/armv7-m/libgcc.a(_arm_cmpsf2.o)
 .ARM.attributes
                0x00000864       0x1d /usr/bin/gcc-arm-none-eabi-4_9-2015q2/bin/../lib/gcc/arm-none-eabi/4.9.3/armv7-m/libgcc.a(_aeabi_uldivmod.o)
 .ARM.attributes
                0x00000881       0x2d /usr/bin/gcc-arm-none-eabi-4_9-2015q2/bin/../lib/gcc/arm-none-eabi/4.9.3/armv7-m/libgcc.a(bpabi.o)
 .ARM.attributes
                0x000008ae       0x1d /usr/bin/gcc-arm-none-eabi-4_9-2015q2/bin/../lib/gcc/arm-none-eabi/4.9.3/armv7-m/libgcc.a(_dvmd_tls.o)
 .ARM.attributes
                0x000008cb       0x2d /usr/bin/gcc-arm-none-eabi-4_9-2015q2/bin/../lib/gcc/arm-none-eabi/4.9.3/armv7-m/libgcc.a(_divdi3.o)
 .ARM.attributes
                0x000008f8       0x2d /usr/bin/gcc-arm-none-eabi-4_9-2015q2/bin/../lib/gcc/arm-none-eabi/4.9.3/armv7-m/libgcc.a(_udivdi3.o)
 .ARM.attributes
                0x00000925       0x2d /usr/bin/gcc-arm-none-eabi-4_9-2015q2/bin/../lib/gcc/arm-none-eabi/4.9.3/../../../../arm-none-eabi/lib/armv7-m/libg.a(lib_a-exit.o)
 .ARM.attributes
                0x00000952       0x2d /usr/bin/gcc-arm-none-eabi-4_9-2015q2/bin/../lib/gcc/arm-none-eabi/4.9.3/../../../../arm-none-eabi/lib/armv7-m/libg.a(lib_a-impure.o)
 .ARM.attributes
                0x0000097f       0x2d /usr/bin/gcc-arm-none-eabi-4_9-2015q2/bin/../lib/gcc/arm-none-eabi/4.9.3/../../../../arm-none-eabi/lib/armv7-m/libg.a(lib_a-init.o)
 .ARM.attributes
                0x000009ac       0x1b /usr/bin/gcc-arm-none-eabi-4_9-2015q2/bin/../lib/gcc/arm-none-eabi/4.9.3/../../../../arm-none-eabi/lib/armv7-m/libg.a(lib_a-memcpy.o)
 .ARM.attributes
                0x000009c7       0x2d /usr/bin/gcc-arm-none-eabi-4_9-2015q2/bin/../lib/gcc/arm-none-eabi/4.9.3/../../../../arm-none-eabi/lib/armv7-m/libg.a(lib_a-memset.o)
 .ARM.attributes
                0x000009f4       0x1b /usr/bin/gcc-arm-none-eabi-4_9-2015q2/bin/../lib/gcc/arm-none-eabi/4.9.3/../../../../arm-none-eabi/lib/armv7-m/libg.a(lib_a-strcmp.o)
 .ARM.attributes
                0x00000a0f       0x2d /usr/bin/gcc-arm-none-eabi-4_9-2015q2/bin/../lib/gcc/arm-none-eabi/4.9.3/../../../../arm-none-eabi/lib/armv7-m/libg.a(lib_a-strlen.o)
 .ARM.attributes
                0x00000a3c       0x2d /usr/bin/gcc-arm-none-eabi-4_9-2015q2/bin/../lib/gcc/arm-none-eabi/4.9.3/../../../../arm-none-eabi/lib/armv7-m/libg.a(lib_a-__call_atexit.o)
 .ARM.attributes
                0x00000a69       0x2d /usr/bin/gcc-arm-none-eabi-4_9-2015q2/bin/../lib/gcc/arm-none-eabi/4.9.3/../../../../arm-none-eabi/lib/armv7-m/libg.a(lib_a-atexit.o)
 .ARM.attributes
                0x00000a96       0x2d /usr/bin/gcc-arm-none-eabi-4_9-2015q2/bin/../lib/gcc/arm-none-eabi/4.9.3/../../../../arm-none-eabi/lib/armv7-m/libg.a(lib_a-fini.o)
 .ARM.attributes
                0x00000ac3       0x2d /usr/bin/gcc-arm-none-eabi-4_9-2015q2/bin/../lib/gcc/arm-none-eabi/4.9.3/../../../../arm-none-eabi/lib/armv7-m/libg.a(lib_a-__atexit.o)
 .ARM.attributes
                0x00000af0       0x2d /usr/bin/gcc-arm-none-eabi-4_9-2015q2/bin/../lib/gcc/arm-none-eabi/4.9.3/../../../../arm-none-eabi/lib/armv7-m/libnosys.a(_exit.o)
 .ARM.attributes
                0x00000b1d       0x2d /usr/bin/gcc-arm-none-eabi-4_9-2015q2/bin/../lib/gcc/arm-none-eabi/4.9.3/armv7-m/crtend.o
 .ARM.attributes
                0x00000b4a       0x1d /usr/bin/gcc-arm-none-eabi-4_9-2015q2/bin/../lib/gcc/arm-none-eabi/4.9.3/armv7-m/crtn.o
 *(.gnu.attributes)

.note.gnu.arm.ident
 *(.note.gnu.arm.ident)

/DISCARD/
 *(.note.GNU-stack)
 *(.gnu_debuglink)
 *(.gnu.lto_*)
OUTPUT(plug.elf elf32-littlearm)
